[warning]	2026-08-21 22:19:27.355380[Thread 0x00007f5f51a26fc0]:300 @ AnycubicContext
[warning]	2026-08-21 22:19:27.355551[Thread 0x00007f5f51a26fc0]:321 @ OnInitByApp
[warning]	2026-08-21 22:19:27.378489[Thread 0x00007f5f51a26fc0]:22:19:27: Error: Failed to add custom font "/opt/AnycubicSlicerNext/share/resources/fonts/HarmonyOS_Sans_SC_Bold.ttf".
[warning]	2026-08-21 22:19:27.378628[Thread 0x00007f5f51a26fc0]:22:19:27: Error: Failed to add custom font "/opt/AnycubicSlicerNext/share/resources/fonts/HarmonyOS_Sans_SC_Regular.ttf".
[warning]	2026-08-21 22:19:27.378688[Thread 0x00007f5f51a26fc0]:22:19:27: Error: Failed to add custom font "/opt/AnycubicSlicerNext/share/resources/fonts/NanumGothic-Regular.ttf".
[warning]	2026-08-21 22:19:27.378738[Thread 0x00007f5f51a26fc0]:22:19:27: Error: Failed to add custom font "/opt/AnycubicSlicerNext/share/resources/fonts/NanumGothic-Bold.ttf".
[warning]	2026-08-21 22:19:27.422629[Thread 0x00007f5f51a26fc0]:Can't find HarmonyOS Sans SC font
[warning]	2026-08-21 22:19:27.425643[Thread 0x00007f5f51a26fc0]:Use system font instead: Noto Sans
[warning]	2026-08-21 22:19:27.425731[Thread 0x00007f5f51a26fc0]:Can't find HarmonyOS Sans SC font
[warning]	2026-08-21 22:19:27.425746[Thread 0x00007f5f51a26fc0]:Use system font instead: Noto Sans
[warning]	2026-08-21 22:19:27.425775[Thread 0x00007f5f51a26fc0]:Can't find HarmonyOS Sans SC font
[warning]	2026-08-21 22:19:27.427693[Thread 0x00007f5f51a26fc0]:Use system font instead: Noto Sans
[warning]	2026-08-21 22:19:27.427747[Thread 0x00007f5f51a26fc0]:Can't find HarmonyOS Sans SC font
[warning]	2026-08-21 22:19:27.427759[Thread 0x00007f5f51a26fc0]:Use system font instead: Noto Sans
[warning]	2026-08-21 22:19:27.427801[Thread 0x00007f5f51a26fc0]:Can't find HarmonyOS Sans SC font
[warning]	2026-08-21 22:19:27.427812[Thread 0x00007f5f51a26fc0]:Use system font instead: Noto Sans
[warning]	2026-08-21 22:19:27.427838[Thread 0x00007f5f51a26fc0]:Can't find HarmonyOS Sans SC font
[warning]	2026-08-21 22:19:27.427847[Thread 0x00007f5f51a26fc0]:Use system font instead: Noto Sans
[warning]	2026-08-21 22:19:27.427872[Thread 0x00007f5f51a26fc0]:Can't find HarmonyOS Sans SC font
[warning]	2026-08-21 22:19:27.427880[Thread 0x00007f5f51a26fc0]:Use system font instead: Noto Sans
[warning]	2026-08-21 22:19:27.427904[Thread 0x00007f5f51a26fc0]:Can't find HarmonyOS Sans SC font
[warning]	2026-08-21 22:19:27.427912[Thread 0x00007f5f51a26fc0]:Use system font instead: Noto Sans
[warning]	2026-08-21 22:19:27.427936[Thread 0x00007f5f51a26fc0]:Can't find HarmonyOS Sans SC font
[warning]	2026-08-21 22:19:27.427945[Thread 0x00007f5f51a26fc0]:Use system font instead: Noto Sans
[warning]	2026-08-21 22:19:27.427969[Thread 0x00007f5f51a26fc0]:Can't find HarmonyOS Sans SC font
[warning]	2026-08-21 22:19:27.427977[Thread 0x00007f5f51a26fc0]:Use system font instead: Noto Sans
[warning]	2026-08-21 22:19:27.428005[Thread 0x00007f5f51a26fc0]:Can't find HarmonyOS Sans SC font
[warning]	2026-08-21 22:19:27.428013[Thread 0x00007f5f51a26fc0]:Use system font instead: Noto Sans
[warning]	2026-08-21 22:19:27.428036[Thread 0x00007f5f51a26fc0]:Can't find HarmonyOS Sans SC font
[warning]	2026-08-21 22:19:27.428045[Thread 0x00007f5f51a26fc0]:Use system font instead: Noto Sans
[warning]	2026-08-21 22:19:27.428068[Thread 0x00007f5f51a26fc0]:Can't find HarmonyOS Sans SC font
[warning]	2026-08-21 22:19:27.428077[Thread 0x00007f5f51a26fc0]:Use system font instead: Noto Sans
[warning]	2026-08-21 22:19:27.428100[Thread 0x00007f5f51a26fc0]:Can't find HarmonyOS Sans SC font
[warning]	2026-08-21 22:19:27.428109[Thread 0x00007f5f51a26fc0]:Use system font instead: Noto Sans
[warning]	2026-08-21 22:19:27.428132[Thread 0x00007f5f51a26fc0]:Can't find HarmonyOS Sans SC font
[warning]	2026-08-21 22:19:27.428140[Thread 0x00007f5f51a26fc0]:Use system font instead: Noto Sans
[warning]	2026-08-21 22:19:27.428166[Thread 0x00007f5f51a26fc0]:Can't find HarmonyOS Sans SC font
[warning]	2026-08-21 22:19:27.428175[Thread 0x00007f5f51a26fc0]:Use system font instead: Noto Sans
[warning]	2026-08-21 22:19:27.428197[Thread 0x00007f5f51a26fc0]:Can't find HarmonyOS Sans SC font
[warning]	2026-08-21 22:19:27.428206[Thread 0x00007f5f51a26fc0]:Use system font instead: Noto Sans
[warning]	2026-08-21 22:19:27.428229[Thread 0x00007f5f51a26fc0]:Can't find HarmonyOS Sans SC font
[warning]	2026-08-21 22:19:27.428237[Thread 0x00007f5f51a26fc0]:Use system font instead: Noto Sans
[warning]	2026-08-21 22:19:27.428259[Thread 0x00007f5f51a26fc0]:Can't find HarmonyOS Sans SC font
[warning]	2026-08-21 22:19:27.428268[Thread 0x00007f5f51a26fc0]:Use system font instead: Noto Sans
[warning]	2026-08-21 22:19:27.428293[Thread 0x00007f5f51a26fc0]:Can't find HarmonyOS Sans SC font
[warning]	2026-08-21 22:19:27.428302[Thread 0x00007f5f51a26fc0]:Use system font instead: Noto Sans
[warning]	2026-08-21 22:19:27.428325[Thread 0x00007f5f51a26fc0]:Can't find HarmonyOS Sans SC font
[warning]	2026-08-21 22:19:27.428333[Thread 0x00007f5f51a26fc0]:Use system font instead: Noto Sans
[warning]	2026-08-21 22:19:27.428356[Thread 0x00007f5f51a26fc0]:Can't find HarmonyOS Sans SC font
[warning]	2026-08-21 22:19:27.428365[Thread 0x00007f5f51a26fc0]:Use system font instead: Noto Sans
[warning]	2026-08-21 22:19:27.535307[Thread 0x00007f5f51a26fc0]:Can't find HarmonyOS Sans SC font
[warning]	2026-08-21 22:19:27.535351[Thread 0x00007f5f51a26fc0]:Use system font instead: Noto Sans
[warning]	2026-08-21 22:19:27.535391[Thread 0x00007f5f51a26fc0]:Can't find HarmonyOS Sans SC font
[warning]	2026-08-21 22:19:27.535402[Thread 0x00007f5f51a26fc0]:Use system font instead: Noto Sans
[warning]	2026-08-21 22:19:27.535429[Thread 0x00007f5f51a26fc0]:Can't find HarmonyOS Sans SC font
[warning]	2026-08-21 22:19:27.535438[Thread 0x00007f5f51a26fc0]:Use system font instead: Noto Sans
[warning]	2026-08-21 22:19:27.535462[Thread 0x00007f5f51a26fc0]:Can't find HarmonyOS Sans SC font
[warning]	2026-08-21 22:19:27.535471[Thread 0x00007f5f51a26fc0]:Use system font instead: Noto Sans
[warning]	2026-08-21 22:19:27.574920[Thread 0x00007f5f51a26fc0]:Can't find HarmonyOS Sans SC font
[warning]	2026-08-21 22:19:27.574965[Thread 0x00007f5f51a26fc0]:Use system font instead: Noto Sans
[warning]	2026-08-21 22:19:27.598738[Thread 0x00007f5f51a26fc0]:Can't find HarmonyOS Sans SC font
[warning]	2026-08-21 22:19:27.598831[Thread 0x00007f5f51a26fc0]:Use system font instead: Noto Sans
[warning]	2026-08-21 22:19:27.615873[Thread 0x00007f5f51a26fc0]:Can't find HarmonyOS Sans SC font
[warning]	2026-08-21 22:19:27.615914[Thread 0x00007f5f51a26fc0]:Use system font instead: Noto Sans
[warning]	2026-08-21 22:19:27.711176[Thread 0x00007f5f51a26fc0]:Can't find HarmonyOS Sans SC font
[warning]	2026-08-21 22:19:27.711228[Thread 0x00007f5f51a26fc0]:Use system font instead: Noto Sans
[warning]	2026-08-21 22:19:29.354928[Thread 0x00007f5f51a26fc0]:10:19:29 PM: Using fixed edge version
[warning]	2026-08-21 22:19:29.592198[Thread 0x00007f5f51a26fc0]:10:19:29 PM: Using fixed edge version
[warning]	2026-08-21 22:19:29.616604[Thread 0x00007f5f51a26fc0]:10:19:29 PM: Using fixed edge version
[warning]	2026-08-21 22:19:29.650461[Thread 0x00007f5f51a26fc0]:10:19:29 PM: Using fixed edge version
[warning]	2026-08-21 22:19:29.804946[Thread 0x00007f5f51a26fc0]:Can't find HarmonyOS Sans SC font
[warning]	2026-08-21 22:19:29.804991[Thread 0x00007f5f51a26fc0]:Use system font instead: Noto Sans
[warning]	2026-08-21 22:19:30.351868[Thread 0x00007f5f51a26fc0]:WorkbenchPanel
[warning]	2026-08-21 22:19:30.491938[Thread 0x00007f5f51a26fc0]:10:19:30 PM: Using fixed edge version
[error]	2026-08-21 22:19:30.597544[Thread 0x00007f5ebadfc6c0]:Unable to open the file/home/stefan/Downloads/shark_clip_anycubic (1).3mf
[error]	2026-08-21 22:19:30.598104[Thread 0x00007f5ebb1fd6c0]:Unable to open the file/home/stefan/Projekte/3d_models/toilettpaper_stand/2/ZEN_KINTSUGI_WAVE_FIFO_5R_HYBRID_v2.0.0(2)/ZEN_KINTSUGI_WAVE_FIFO_5R_HYBRID_v2.0.0/ZEN_KINTSUGI_WAVE_5R_HYBRID_assembly.3mf
[error]	2026-08-21 22:19:30.598505[Thread 0x00007f5ebadfc6c0]:File Metadata/plate_1.png not found from archive
[error]	2026-08-21 22:19:30.598517[Thread 0x00007f5ebe5ec6c0]:File Metadata/plate_1.png not found from archive
[error]	2026-08-21 22:19:30.598941[Thread 0x00007f5ebb5fe6c0]:File Metadata/plate_1.png not found from archive
[error]	2026-08-21 22:19:30.599336[Thread 0x00007f5ebd9ea6c0]:File Metadata/plate_1.png not found from archive
[warning]	2026-08-21 22:19:30.709151[Thread 0x00007f5f51a26fc0]:10:19:30 PM: Error: Directory '/opt/AnycubicSlicerNext/share/resources/report' couldn't be created (error 13: Permission denied)
[error]	2026-08-21 22:19:30.709190[Thread 0x00007f5f51a26fc0]:Create fullpath Err : 
[warning]	2026-08-21 22:19:30.718866[Thread 0x00007f5f51a26fc0]:393 @ OnInitByGui
[warning]	2026-08-21 22:19:31.890529[Thread 0x00007f5f51a26fc0]:UrlFullPage:  file:////opt/AnycubicSlicerNext/share/resources/web/homepage/homebody.html?lang=en_US&prod=1&regionCn=0&isDark=1&account=1&pcid=7DE35F9ECFAD0D749C3926E0964F5A0A
[warning]	2026-08-21 22:19:31.905970[Thread 0x00007f5f51a26fc0]:UrlFullPage:  file:////opt/AnycubicSlicerNext/share/resources/web/homepage/leftmenu.html?lang=en_US&prod=1&regionCn=0&isDark=1&account=1&pcid=7DE35F9ECFAD0D749C3926E0964F5A0A
[warning]	2026-08-21 22:19:31.920414[Thread 0x00007f5f51a26fc0]:UrlFullPage:  https://www.makeronline.com/en/slicerNext/allModel?lang=en_US&prod=1&regionCn=0&isDark=1&account=1&pcid=7DE35F9ECFAD0D749C3926E0964F5A0A
[warning]	2026-08-21 22:19:31.994909[Thread 0x00007f5f51a26fc0]:UrlFullPage:  https://www.makeronline.com/en/slicerNext/collAndlike?lang=en_US&prod=1&regionCn=0&isDark=1&account=1&pcid=7DE35F9ECFAD0D749C3926E0964F5A0A
[warning]	2026-08-21 22:19:31.995669[Thread 0x00007f5f51a26fc0]:440 @ OnFinishedByGui
[warning]	2026-08-21 22:19:31.997004[Thread 0x00007f5f51a26fc0]:AnycubicContext::login, accessToken = eyJhbGciOiJSUzI1NiIsImtpZCI6ImFjX2FwcF9jcnQiLCJ0eXAiOiJKV1QifQ.eyJpZCI6IjYyNWU1ZGZhLTIyOTQtNDNiYy1iYzUyLTdmZjk1YjlmOGY5NSIsImVtYWlsIjoic3RlZmFuQHN0ZWZhbmp1bmsuY29tIiwicGhvbmUiOiIiLCJlbWFpbF92ZXJpZmllZCI6dHJ1ZSwidG9rZW5UeXBlIjoiYWNjZXNzLXRva2VuIiwic2NvcGUiOiJyZWFkIiwiaXNzIjoiaHR0cHM6Ly91Yy5tYWtlcm9ubGluZS5jb20iLCJzdWIiOiI2MjVlNWRmYS0yMjk0LTQzYmMtYmM1Mi03ZmY5NWI5ZjhmOTUiLCJhdWQiOlsiYjI2OWEzMTM2ZDI2YWM2NDg4YmIiXSwiZXhwIjoxNzk1MTE5NTM1LCJuYmYiOjE3ODczNDM1MzUsImlhdCI6MTc4NzM0MzUzNSwianRpIjoiYWRtaW4vZWI0MTI5MjMtM2QwOS00YWM4LTlmZGMtYmFmNWYyNzI5ZGNhIn0.BA3vKO4ZqIBGC7PexB8qp2WNPS57os6tNWJ7Hjtp6i1qv41tzF84pm4sxeJ6LkkCpigFkruwSSgBAloUKLfWnCARL3VRuqVEbty2w4cT8P0HLut9h1R0rHtbESmHZzeOGjrH7vyX8BpoktegzonwVtL0uPCQVzBSxooA_4cv0mCNHEkJW2u2RPurLAKpSOM2uzlDBZQ9wOmN_FdnCwM6Kd8FlfuStjr4_QsC4B8BRdHypowGaBhHGLxDrwqpEMdp6HoaVFOz5XneFjGtO6cWCNeifdYnM2U9OypvKQ4rNWWBCPH7-thYpnRG-z3m-owAyTWiZGOUdcxk4YZOVh0lZMKkclMXk8bZhZgEQSLRGFTMr1RduXC0zCH0ZaJnGHxbkbAveC8p5PHxi47aP5UhXHDPJIhHZqa2Z7rA9x6eG4XXF4mJ9nhjBNWqugMaqweJQ8A_YylcxMDbggvTaoPhvn9wCPN8PnbCtepDYJM221-Woib11LHQmujaeV74_S8hzhzdiZfuWhocozQ2dywpiqx-Mv4X4e5898gE01gQJ9_Y9eyTESDCsv-3u2YCJKuPsOAUz5XZkzNYFz1XJGfS4FHNHf_6TiAIpbW4c0MpZF_9FeM9BZN2EddI7PmKje8LpA2GlnyLKfiJCT1JIHTgdHZZLhN6aMCtEwIIXUP4juQ
[warning]	2026-08-21 22:19:33.097160[Thread 0x00007f5f51a26fc0]:UrlFullPage:  https://www.makeronline.com/en/slicerNext/collAndlike?lang=en_US&prod=1&regionCn=0&isDark=1&account=1&pcid=7DE35F9ECFAD0D749C3926E0964F5A0A
[warning]	2026-08-21 22:19:33.110407[Thread 0x00007f5f51a26fc0]:UrlFullPage:  https://www.makeronline.com/en/slicerNext/allModel?lang=en_US&prod=1&regionCn=0&isDark=1&account=1&pcid=7DE35F9ECFAD0D749C3926E0964F5A0A
[warning]	2026-08-21 22:19:33.110615[Thread 0x00007f5f51a26fc0]:+++++++++++++++++operator()
UrlCollLike3:https://www.makeronline.com/en/slicerNext/collAndlike?lang=en_US&prod=1&regionCn=0&isDark=1&account=1&pcid=7DE35F9ECFAD0D749C3926E0964F5A0A
UrlAllModel4:https://www.makeronline.com/en/slicerNext/allModel?lang=en_US&prod=1&regionCn=0&isDark=1&account=1&pcid=7DE35F9ECFAD0D749C3926E0964F5A0A
[warning]	2026-08-21 22:19:33.120445[Thread 0x00007f5f51a26fc0]:HomePage OnError, Url = https://www.makeronline.com/en/slicerNext/collAndlike?lang=en_US&prod=1&regionCn=0&isDark=1&account=1&pcid=7DE35F9ECFAD0D749C3926E0964F5A0A , Message: Load request cancelled
[warning]	2026-08-21 22:19:33.120481[Thread 0x00007f5f51a26fc0]:OnError: [wxWEBVIEW_NAV_ERR_OTHER] Load request cancelled
[warning]	2026-08-21 22:19:33.127632[Thread 0x00007f5f51a26fc0]:UrlFullPage:  https://www.makeronline.com/en/slicerNext/collAndlike?lang=en_US&prod=1&regionCn=0&isDark=1&account=1&pcid=7DE35F9ECFAD0D749C3926E0964F5A0A
[warning]	2026-08-21 22:19:33.128145[Thread 0x00007f5f51a26fc0]:HomePage OnError, Url = https://www.makeronline.com/en/slicerNext/allModel?lang=en_US&prod=1&regionCn=0&isDark=1&account=1&pcid=7DE35F9ECFAD0D749C3926E0964F5A0A , Message: Load request cancelled
[warning]	2026-08-21 22:19:33.128168[Thread 0x00007f5f51a26fc0]:OnError: [wxWEBVIEW_NAV_ERR_OTHER] Load request cancelled
[warning]	2026-08-21 22:19:33.142194[Thread 0x00007f5f51a26fc0]:UrlFullPage:  https://www.makeronline.com/en/slicerNext/allModel?lang=en_US&prod=1&regionCn=0&isDark=1&account=1&pcid=7DE35F9ECFAD0D749C3926E0964F5A0A
[warning]	2026-08-21 22:19:35.063551[Thread 0x00007f5f51a26fc0]:get_version, get_version not supported,return 00.00.00.00!
[warning]	2026-08-21 22:19:36.423564[Thread 0x00007f5f51a26fc0]:AnycubicContext::CasdoorLogin Accpet to open the login
[warning]	2026-08-21 22:19:36.437447[Thread 0x00007f5f51a26fc0]:10:19:36 PM: Using fixed edge version
[warning]	2026-08-21 22:19:36.466262[Thread 0x00007f5f51a26fc0]:10:19:36 PM: webkit2 2.52.5
[warning]	2026-08-21 22:19:36.466335[Thread 0x00007f5f51a26fc0]:10:19:36 PM: Backend: wxWebViewWebKit Version: webkit2 2.52.5
[warning]	2026-08-21 22:19:37.117397[Thread 0x00007f5f51a26fc0]:10:19:37 PM: User Agent: true
[warning]	2026-08-21 22:19:54.595206[Thread 0x00007f5f51a26fc0]:OnNavigationRequest: code = 30a38d9c659f5dda0fe0
[warning]	2026-08-21 22:19:54.595250[Thread 0x00007f5f51a26fc0]:AnycubicContext::getAccessToken, code = 30a38d9c659f5dda0fe0
[warning]	2026-08-21 22:19:55.196540[Thread 0x00007f5ec25f46c0]:AnycubicContext::login, accessToken = eyJhbGciOiJSUzI1NiIsImtpZCI6ImFjX2FwcF9jcnQiLCJ0eXAiOiJKV1QifQ.eyJpZCI6IjYyNWU1ZGZhLTIyOTQtNDNiYy1iYzUyLTdmZjk1YjlmOGY5NSIsImVtYWlsIjoic3RlZmFuQHN0ZWZhbmp1bmsuY29tIiwicGhvbmUiOiIiLCJlbWFpbF92ZXJpZmllZCI6dHJ1ZSwidG9rZW5UeXBlIjoiYWNjZXNzLXRva2VuIiwic2NvcGUiOiJyZWFkIiwiaXNzIjoiaHR0cHM6Ly91Yy5tYWtlcm9ubGluZS5jb20iLCJzdWIiOiI2MjVlNWRmYS0yMjk0LTQzYmMtYmM1Mi03ZmY5NWI5ZjhmOTUiLCJhdWQiOlsiYjI2OWEzMTM2ZDI2YWM2NDg4YmIiXSwiZXhwIjoxNzk1MTE5NTk0LCJuYmYiOjE3ODczNDM1OTQsImlhdCI6MTc4NzM0MzU5NCwianRpIjoiYWRtaW4vNDI5NzJmZWUtNzFiOS00OWY0LWE5YWMtZDcwMjI0YmQxYjViIn0.d-1mAaohJ6SZGd623MTXmuhSkZsjZZZC332bvvmNv59-NF8sedUZzbwJq32xWfiOThwFJFa0G49teA14-_WqFk_hnt6O6CiKPODXF58GTd5XLbkoC5JzwpCnCY-3A9bGX9w2WvBVsbAQOxqNZ--Q92tbLbUcih5U3pktIav6MuVnGo-FF-IAA6m6TnPYhvvVGiEqL4az8QRxbViHQRuug-ByjUBw6MPvpl3o8_AI-6Sb1qq53lyxf4ruLFBIGnxWrKd8IGc5_Uck91N95NMGJ7wdJA1RnVdQUXnIASeLjwSei6P_4L1A3fJ4WCHcxIkxiHfG4JBd6We7Hhz2WRVsXm6hI3xiP8h1AsO0gZb7gfWCVPKqgAaMeXVAttj-tV7idee2tK6G1G8BAMpNPAfG035ru4QTuNaHzoiyaRnHK-POkxIjzKK_bu_m7_LeyATb_knoH5fGu5DCkpmzjB27sGsUYoZPwofpPB4L9ewU_OkmufWOdkRvk9OHmqR4WY-iSBBHa8gdT4JrxIatRs08uM9cdHIEPiA1zfg4LR7016kBF1rFdurbztEQkwx9OIAIuiVOgggRLnYUcUzN2qlEVXDl2VTCl-mkhLIXUKdPwndiUPP1bMxiduOSAlcltEH6clAOtZW8DXyAfLGJMlD-g258Ch5XeTbNXRPmHkMWIEQ
[warning]	2026-08-21 22:20:30.906508[Thread 0x00007f5f51a26fc0]:AnycubicContext::CasdoorLogin Accpet to open the login
[warning]	2026-08-21 22:20:30.969488[Thread 0x00007f5f51a26fc0]:10:20:30 PM: Using fixed edge version
[warning]	2026-08-21 22:20:30.991631[Thread 0x00007f5f51a26fc0]:10:20:30 PM: webkit2 2.52.5
[warning]	2026-08-21 22:20:30.991714[Thread 0x00007f5f51a26fc0]:10:20:30 PM: Backend: wxWebViewWebKit Version: webkit2 2.52.5
[warning]	2026-08-21 22:20:31.688489[Thread 0x00007f5f51a26fc0]:10:20:31 PM: User Agent: true
[warning]	2026-08-21 22:20:55.862632[Thread 0x00007f5f51a26fc0]:OnNavigationRequest: code = 2124d313d0f3ca35e76d
[warning]	2026-08-21 22:20:55.862680[Thread 0x00007f5f51a26fc0]:AnycubicContext::getAccessToken, code = 2124d313d0f3ca35e76d
[warning]	2026-08-21 22:20:56.515972[Thread 0x00007f5ec25f56c0]:AnycubicContext::login, accessToken = eyJhbGciOiJSUzI1NiIsImtpZCI6ImFjX2FwcF9jcnQiLCJ0eXAiOiJKV1QifQ.eyJpZCI6IjYyNWU1ZGZhLTIyOTQtNDNiYy1iYzUyLTdmZjk1YjlmOGY5NSIsImVtYWlsIjoic3RlZmFuQHN0ZWZhbmp1bmsuY29tIiwicGhvbmUiOiIiLCJlbWFpbF92ZXJpZmllZCI6dHJ1ZSwidG9rZW5UeXBlIjoiYWNjZXNzLXRva2VuIiwic2NvcGUiOiJyZWFkIiwiaXNzIjoiaHR0cHM6Ly91Yy5tYWtlcm9ubGluZS5jb20iLCJzdWIiOiI2MjVlNWRmYS0yMjk0LTQzYmMtYmM1Mi03ZmY5NWI5ZjhmOTUiLCJhdWQiOlsiYjI2OWEzMTM2ZDI2YWM2NDg4YmIiXSwiZXhwIjoxNzk1MTE5NjU1LCJuYmYiOjE3ODczNDM2NTUsImlhdCI6MTc4NzM0MzY1NSwianRpIjoiYWRtaW4vZjliOWQ5ZDgtMjFiOS00OWQxLTllYzktNDBjNzU5MTgwNDUyIn0.XXXWHBp5b2NJ-EmgQE8RMHTFIo152kvdV8ODNHPeAoAyfUPo7jKx98LIbl3FBK2xLecnKsjYTkgwLjQMSLi12ARb8LIdxwkg_HloLHixCWIMpDPQaCwVcBeREmytxsImf0HVTWSDgn0pJ6pLac-o2-yRKkJYgLGxiwFbS5UC3jyKmbw8P27jOv1LgHJ7uzonvfbvpRB_IcyfCTpK3kB0PJfJL6o2SXmUW96jUx-QSYAxdhzzva9-AB1E1-2DmJ_qrw2NJTnhlD4_1nIPn3dyUWT2hEa3cPSuGqqLKrNU8VGuWo2j2jYWZQB_RZ1LBRf-Fh4vIGpVp9Bo8ZY50r0oxReNpiRNIvuNbAOnVkXDe7hM32pks62lXNdMqxmWZ__G-1Q4xa_iCsZRyxZoPKpGMzFoc8et4awh18aW2cJwZvM1Tf_oLRzetJ-xHaZsusVrq_5LZD1r01YJ2kGOAsg81pdriLlE39d6hLJCgqfti6-Tiv4gve-1-ASDnrJ0VxSQdt36TA69NLXWBeBmLN_r6roWtdwHjc1jcDrCXV5GHLUzRb7DZrzpj325ee1kN28sV8NGFlnpPutu0O_NPui6I3YjDFffmmEGjC2MdoHzPFqO_XoVseP7U2Rsh2b9z0JhZkNmGN7GiR5EMaktAQ20BbCwLPR9eZgOvj56CUV1mLE
[warning]	2026-08-21 22:22:33.530744[Thread 0x00007f5f51a26fc0]:AnycubicContext::CasdoorLogin Accpet to open the login
[warning]	2026-08-21 22:22:33.588500[Thread 0x00007f5f51a26fc0]:10:22:33 PM: Using fixed edge version
[warning]	2026-08-21 22:22:33.613860[Thread 0x00007f5f51a26fc0]:10:22:33 PM: webkit2 2.52.5
[warning]	2026-08-21 22:22:33.613997[Thread 0x00007f5f51a26fc0]:10:22:33 PM: Backend: wxWebViewWebKit Version: webkit2 2.52.5
[warning]	2026-08-21 22:22:34.401614[Thread 0x00007f5f51a26fc0]:10:22:34 PM: User Agent: true
[warning]	2026-08-21 22:23:23.587641[Thread 0x00007f5f51a26fc0]:OnNavigationRequest: code = c8f97713299588ac42df
[warning]	2026-08-21 22:23:23.587677[Thread 0x00007f5f51a26fc0]:AnycubicContext::getAccessToken, code = c8f97713299588ac42df
[warning]	2026-08-21 22:23:24.137258[Thread 0x00007f5f4a71a6c0]:AnycubicContext::login, accessToken = eyJhbGciOiJSUzI1NiIsImtpZCI6ImFjX2FwcF9jcnQiLCJ0eXAiOiJKV1QifQ.eyJpZCI6IjYyNWU1ZGZhLTIyOTQtNDNiYy1iYzUyLTdmZjk1YjlmOGY5NSIsImVtYWlsIjoic3RlZmFuQHN0ZWZhbmp1bmsuY29tIiwicGhvbmUiOiIiLCJlbWFpbF92ZXJpZmllZCI6dHJ1ZSwidG9rZW5UeXBlIjoiYWNjZXNzLXRva2VuIiwic2NvcGUiOiJyZWFkIiwiaXNzIjoiaHR0cHM6Ly91Yy5tYWtlcm9ubGluZS5jb20iLCJzdWIiOiI2MjVlNWRmYS0yMjk0LTQzYmMtYmM1Mi03ZmY5NWI5ZjhmOTUiLCJhdWQiOlsiYjI2OWEzMTM2ZDI2YWM2NDg4YmIiXSwiZXhwIjoxNzk1MTE5ODAzLCJuYmYiOjE3ODczNDM4MDMsImlhdCI6MTc4NzM0MzgwMywianRpIjoiYWRtaW4vZTkwMDFmMWQtZWFjOC00MWFkLWI4YjUtYTQ1MDE0NTFmNGE2In0.eKJ6u2g_EooBW8X3ZoROcrsP0vlWjHs1pEH2Og_FxPQnidDIT6xVNwuQcrBJOEsGhjRr4mhbTti9-UOKXstjcspRQ4qFZt4QLLfOgPRlEAB62GMbMs8HGsYHFmJG6O3A5HzhmYHJIbOWNHGt_QaNuS_c6f214D4p_nwN3JMlsKHUIY-gxwz26lGCDfkaHYyNa3GAiQc-BUH6UxaXYSoCVVhGnxU6UR_dfWZGz9_3F2taaYUpYlN-jdRd3KxdrKgkHoPuZQ4q5CX5MyQnyM1aeqcR5pQO-3i3p72mVkbi7mCrR7YrtUyJTL93_utysfPtkhSxzKKunEb04PHy4uBDIwryiIE26k1m8ayJUMwR1NvQ6JjBKgQFTPCMtyZJfYJYCpPwVmD8pbWsuYlE3ZjAOcF8kxlhgLLoCfnsr0ej96welzDkomhvsAPxAu-vOOpZZJ7eW2olnTIxQshBdInON1hqukwKm7TZafNISPoKZESng7CnBWioKEUjnUYuNLxREAFVQtts4E8ToLzLvsXvp1oi-k4ygdIy5nMrm1Fw72sNB4P9-l5ClYD-_pCYvyuVQuOPAdIny3F21ua7_MQ_5I7fzgwSz34F1V3jhq2dgL8__u1enP1FOjKH03fSdbcoxntOocV-iU3AYNq6YUBiOn-TPuJZKoiEk1z2f5yJ5dU
[warning]	2026-08-21 22:23:39.265978[Thread 0x00007f5f51a26fc0]:462 @ OnExitByGui
[warning]	2026-08-21 22:23:39.518974[Thread 0x00007f5f51a26fc0]:~WebViewPanel Start
[warning]	2026-08-21 22:23:39.535302[Thread 0x00007f5f51a26fc0]:~WebViewPanel End
[warning]	2026-08-21 22:23:39.536578[Thread 0x00007f5f51a26fc0]:~WorkbenchPanel
[warning]	2026-08-21 22:23:39.539798[Thread 0x00007f5f51a26fc0]:WorkbenchPanel destroyed0x556a277930e0
[warning]	2026-08-21 22:23:39.846802[Thread 0x00007f5f51a26fc0]:347 @ OnExitByApp
[warning]	2026-08-21 22:23:39.846845[Thread 0x00007f5f51a26fc0]:312 @ ~AnycubicContext
