[warning]	2026-08-21 22:32:48.614593[Thread 0x00007fa8bda7ffc0]:300 @ AnycubicContext
[warning]	2026-08-21 22:32:48.614851[Thread 0x00007fa8bda7ffc0]:321 @ OnInitByApp
[warning]	2026-08-21 22:32:48.631844[Thread 0x00007fa8bda7ffc0]:22:32:48: Error: Failed to add custom font "/opt/AnycubicSlicerNext/share/resources/fonts/HarmonyOS_Sans_SC_Bold.ttf".
[warning]	2026-08-21 22:32:48.631965[Thread 0x00007fa8bda7ffc0]:22:32:48: Error: Failed to add custom font "/opt/AnycubicSlicerNext/share/resources/fonts/HarmonyOS_Sans_SC_Regular.ttf".
[warning]	2026-08-21 22:32:48.632006[Thread 0x00007fa8bda7ffc0]:22:32:48: Error: Failed to add custom font "/opt/AnycubicSlicerNext/share/resources/fonts/NanumGothic-Regular.ttf".
[warning]	2026-08-21 22:32:48.632042[Thread 0x00007fa8bda7ffc0]:22:32:48: Error: Failed to add custom font "/opt/AnycubicSlicerNext/share/resources/fonts/NanumGothic-Bold.ttf".
[warning]	2026-08-21 22:32:48.644418[Thread 0x00007fa8bda7ffc0]:Can't find HarmonyOS Sans SC font
[warning]	2026-08-21 22:32:48.645521[Thread 0x00007fa8bda7ffc0]:Use system font instead: Noto Sans
[warning]	2026-08-21 22:32:48.645561[Thread 0x00007fa8bda7ffc0]:Can't find HarmonyOS Sans SC font
[warning]	2026-08-21 22:32:48.645570[Thread 0x00007fa8bda7ffc0]:Use system font instead: Noto Sans
[warning]	2026-08-21 22:32:48.645586[Thread 0x00007fa8bda7ffc0]:Can't find HarmonyOS Sans SC font
[warning]	2026-08-21 22:32:48.645591[Thread 0x00007fa8bda7ffc0]:Use system font instead: Noto Sans
[warning]	2026-08-21 22:32:48.645604[Thread 0x00007fa8bda7ffc0]:Can't find HarmonyOS Sans SC font
[warning]	2026-08-21 22:32:48.645609[Thread 0x00007fa8bda7ffc0]:Use system font instead: Noto Sans
[warning]	2026-08-21 22:32:48.645621[Thread 0x00007fa8bda7ffc0]:Can't find HarmonyOS Sans SC font
[warning]	2026-08-21 22:32:48.645625[Thread 0x00007fa8bda7ffc0]:Use system font instead: Noto Sans
[warning]	2026-08-21 22:32:48.645637[Thread 0x00007fa8bda7ffc0]:Can't find HarmonyOS Sans SC font
[warning]	2026-08-21 22:32:48.645642[Thread 0x00007fa8bda7ffc0]:Use system font instead: Noto Sans
[warning]	2026-08-21 22:32:48.645654[Thread 0x00007fa8bda7ffc0]:Can't find HarmonyOS Sans SC font
[warning]	2026-08-21 22:32:48.645658[Thread 0x00007fa8bda7ffc0]:Use system font instead: Noto Sans
[warning]	2026-08-21 22:32:48.645670[Thread 0x00007fa8bda7ffc0]:Can't find HarmonyOS Sans SC font
[warning]	2026-08-21 22:32:48.645674[Thread 0x00007fa8bda7ffc0]:Use system font instead: Noto Sans
[warning]	2026-08-21 22:32:48.645686[Thread 0x00007fa8bda7ffc0]:Can't find HarmonyOS Sans SC font
[warning]	2026-08-21 22:32:48.645690[Thread 0x00007fa8bda7ffc0]:Use system font instead: Noto Sans
[warning]	2026-08-21 22:32:48.645701[Thread 0x00007fa8bda7ffc0]:Can't find HarmonyOS Sans SC font
[warning]	2026-08-21 22:32:48.645706[Thread 0x00007fa8bda7ffc0]:Use system font instead: Noto Sans
[warning]	2026-08-21 22:32:48.645719[Thread 0x00007fa8bda7ffc0]:Can't find HarmonyOS Sans SC font
[warning]	2026-08-21 22:32:48.645723[Thread 0x00007fa8bda7ffc0]:Use system font instead: Noto Sans
[warning]	2026-08-21 22:32:48.645735[Thread 0x00007fa8bda7ffc0]:Can't find HarmonyOS Sans SC font
[warning]	2026-08-21 22:32:48.645739[Thread 0x00007fa8bda7ffc0]:Use system font instead: Noto Sans
[warning]	2026-08-21 22:32:48.645750[Thread 0x00007fa8bda7ffc0]:Can't find HarmonyOS Sans SC font
[warning]	2026-08-21 22:32:48.645754[Thread 0x00007fa8bda7ffc0]:Use system font instead: Noto Sans
[warning]	2026-08-21 22:32:48.645766[Thread 0x00007fa8bda7ffc0]:Can't find HarmonyOS Sans SC font
[warning]	2026-08-21 22:32:48.645770[Thread 0x00007fa8bda7ffc0]:Use system font instead: Noto Sans
[warning]	2026-08-21 22:32:48.645782[Thread 0x00007fa8bda7ffc0]:Can't find HarmonyOS Sans SC font
[warning]	2026-08-21 22:32:48.645786[Thread 0x00007fa8bda7ffc0]:Use system font instead: Noto Sans
[warning]	2026-08-21 22:32:48.645798[Thread 0x00007fa8bda7ffc0]:Can't find HarmonyOS Sans SC font
[warning]	2026-08-21 22:32:48.645803[Thread 0x00007fa8bda7ffc0]:Use system font instead: Noto Sans
[warning]	2026-08-21 22:32:48.645815[Thread 0x00007fa8bda7ffc0]:Can't find HarmonyOS Sans SC font
[warning]	2026-08-21 22:32:48.645819[Thread 0x00007fa8bda7ffc0]:Use system font instead: Noto Sans
[warning]	2026-08-21 22:32:48.645831[Thread 0x00007fa8bda7ffc0]:Can't find HarmonyOS Sans SC font
[warning]	2026-08-21 22:32:48.645835[Thread 0x00007fa8bda7ffc0]:Use system font instead: Noto Sans
[warning]	2026-08-21 22:32:48.645846[Thread 0x00007fa8bda7ffc0]:Can't find HarmonyOS Sans SC font
[warning]	2026-08-21 22:32:48.645850[Thread 0x00007fa8bda7ffc0]:Use system font instead: Noto Sans
[warning]	2026-08-21 22:32:48.645864[Thread 0x00007fa8bda7ffc0]:Can't find HarmonyOS Sans SC font
[warning]	2026-08-21 22:32:48.645868[Thread 0x00007fa8bda7ffc0]:Use system font instead: Noto Sans
[warning]	2026-08-21 22:32:48.645879[Thread 0x00007fa8bda7ffc0]:Can't find HarmonyOS Sans SC font
[warning]	2026-08-21 22:32:48.645884[Thread 0x00007fa8bda7ffc0]:Use system font instead: Noto Sans
[warning]	2026-08-21 22:32:48.645895[Thread 0x00007fa8bda7ffc0]:Can't find HarmonyOS Sans SC font
[warning]	2026-08-21 22:32:48.645899[Thread 0x00007fa8bda7ffc0]:Use system font instead: Noto Sans
[warning]	2026-08-21 22:32:48.678349[Thread 0x00007fa8bda7ffc0]:Can't find HarmonyOS Sans SC font
[warning]	2026-08-21 22:32:48.678379[Thread 0x00007fa8bda7ffc0]:Use system font instead: Noto Sans
[warning]	2026-08-21 22:32:48.678401[Thread 0x00007fa8bda7ffc0]:Can't find HarmonyOS Sans SC font
[warning]	2026-08-21 22:32:48.678408[Thread 0x00007fa8bda7ffc0]:Use system font instead: Noto Sans
[warning]	2026-08-21 22:32:48.678422[Thread 0x00007fa8bda7ffc0]:Can't find HarmonyOS Sans SC font
[warning]	2026-08-21 22:32:48.678427[Thread 0x00007fa8bda7ffc0]:Use system font instead: Noto Sans
[warning]	2026-08-21 22:32:48.678440[Thread 0x00007fa8bda7ffc0]:Can't find HarmonyOS Sans SC font
[warning]	2026-08-21 22:32:48.678444[Thread 0x00007fa8bda7ffc0]:Use system font instead: Noto Sans
[warning]	2026-08-21 22:32:48.692652[Thread 0x00007fa8bda7ffc0]:Can't find HarmonyOS Sans SC font
[warning]	2026-08-21 22:32:48.692690[Thread 0x00007fa8bda7ffc0]:Use system font instead: Noto Sans
[warning]	2026-08-21 22:32:48.702580[Thread 0x00007fa8bda7ffc0]:Can't find HarmonyOS Sans SC font
[warning]	2026-08-21 22:32:48.702616[Thread 0x00007fa8bda7ffc0]:Use system font instead: Noto Sans
[warning]	2026-08-21 22:32:48.710397[Thread 0x00007fa8bda7ffc0]:Can't find HarmonyOS Sans SC font
[warning]	2026-08-21 22:32:48.710429[Thread 0x00007fa8bda7ffc0]:Use system font instead: Noto Sans
[warning]	2026-08-21 22:32:48.750552[Thread 0x00007fa8bda7ffc0]:Can't find HarmonyOS Sans SC font
[warning]	2026-08-21 22:32:48.750591[Thread 0x00007fa8bda7ffc0]:Use system font instead: Noto Sans
[warning]	2026-08-21 22:32:49.753081[Thread 0x00007fa8bda7ffc0]:10:32:49 PM: Using fixed edge version
[warning]	2026-08-21 22:32:49.922574[Thread 0x00007fa8bda7ffc0]:10:32:49 PM: Using fixed edge version
[warning]	2026-08-21 22:32:49.932257[Thread 0x00007fa8bda7ffc0]:10:32:49 PM: Using fixed edge version
[warning]	2026-08-21 22:32:49.941240[Thread 0x00007fa8bda7ffc0]:10:32:49 PM: Using fixed edge version
[warning]	2026-08-21 22:32:50.070921[Thread 0x00007fa8bda7ffc0]:Can't find HarmonyOS Sans SC font
[warning]	2026-08-21 22:32:50.070948[Thread 0x00007fa8bda7ffc0]:Use system font instead: Noto Sans
[warning]	2026-08-21 22:32:50.465823[Thread 0x00007fa8bda7ffc0]:WorkbenchPanel
[warning]	2026-08-21 22:32:50.559944[Thread 0x00007fa8bda7ffc0]:10:32:50 PM: Using fixed edge version
[error]	2026-08-21 22:32:50.617936[Thread 0x00007fa82b7f06c0]:File Metadata/plate_1.png not found from archive
[error]	2026-08-21 22:32:50.617969[Thread 0x00007fa82abee6c0]:File Metadata/plate_1.png not found from archive
[error]	2026-08-21 22:32:50.617995[Thread 0x00007fa82abee6c0]:Unable to open the file/home/stefan/Downloads/shark_clip_anycubic (1).3mf
[error]	2026-08-21 22:32:50.618060[Thread 0x00007fa827ffc6c0]:File Metadata/plate_1.png not found from archive
[error]	2026-08-21 22:32:50.618206[Thread 0x00007fa827ffc6c0]:File Metadata/plate_1.png not found from archive
[error]	2026-08-21 22:32:50.618234[Thread 0x00007fa827ffc6c0]:Unable to open the file/home/stefan/Projekte/3d_models/toilettpaper_stand/2/ZEN_KINTSUGI_WAVE_FIFO_5R_HYBRID_v2.0.0(2)/ZEN_KINTSUGI_WAVE_FIFO_5R_HYBRID_v2.0.0/ZEN_KINTSUGI_WAVE_5R_HYBRID_assembly.3mf
[warning]	2026-08-21 22:32:50.682724[Thread 0x00007fa8bda7ffc0]:10:32:50 PM: Error: Directory '/opt/AnycubicSlicerNext/share/resources/report' couldn't be created (error 13: Permission denied)
[error]	2026-08-21 22:32:50.682757[Thread 0x00007fa8bda7ffc0]:Create fullpath Err : 
[warning]	2026-08-21 22:32:50.689153[Thread 0x00007fa8bda7ffc0]:393 @ OnInitByGui
[warning]	2026-08-21 22:32:51.348653[Thread 0x00007fa8bda7ffc0]:UrlFullPage:  file:////opt/AnycubicSlicerNext/share/resources/web/homepage/homebody.html?lang=en_US&prod=1&regionCn=0&isDark=1&account=1&pcid=7DE35F9ECFAD0D749C3926E0964F5A0A
[warning]	2026-08-21 22:32:51.354186[Thread 0x00007fa8bda7ffc0]:UrlFullPage:  file:////opt/AnycubicSlicerNext/share/resources/web/homepage/leftmenu.html?lang=en_US&prod=1&regionCn=0&isDark=1&account=1&pcid=7DE35F9ECFAD0D749C3926E0964F5A0A
[warning]	2026-08-21 22:32:51.359743[Thread 0x00007fa8bda7ffc0]:UrlFullPage:  https://www.makeronline.com/en/slicerNext/allModel?lang=en_US&prod=1&regionCn=0&isDark=1&account=1&pcid=7DE35F9ECFAD0D749C3926E0964F5A0A
[warning]	2026-08-21 22:32:51.384071[Thread 0x00007fa8bda7ffc0]:UrlFullPage:  https://www.makeronline.com/en/slicerNext/collAndlike?lang=en_US&prod=1&regionCn=0&isDark=1&account=1&pcid=7DE35F9ECFAD0D749C3926E0964F5A0A
[warning]	2026-08-21 22:32:51.398447[Thread 0x00007fa8bda7ffc0]:440 @ OnFinishedByGui
[warning]	2026-08-21 22:32:51.398541[Thread 0x00007fa8bda7ffc0]:AnycubicContext::login, accessToken = eyJhbGciOiJSUzI1NiIsImtpZCI6ImFjX2FwcF9jcnQiLCJ0eXAiOiJKV1QifQ.eyJpZCI6IjYyNWU1ZGZhLTIyOTQtNDNiYy1iYzUyLTdmZjk1YjlmOGY5NSIsImVtYWlsIjoic3RlZmFuQHN0ZWZhbmp1bmsuY29tIiwicGhvbmUiOiIiLCJlbWFpbF92ZXJpZmllZCI6dHJ1ZSwidG9rZW5UeXBlIjoiYWNjZXNzLXRva2VuIiwic2NvcGUiOiJyZWFkIiwiaXNzIjoiaHR0cHM6Ly91Yy5tYWtlcm9ubGluZS5jb20iLCJzdWIiOiI2MjVlNWRmYS0yMjk0LTQzYmMtYmM1Mi03ZmY5NWI5ZjhmOTUiLCJhdWQiOlsiYjI2OWEzMTM2ZDI2YWM2NDg4YmIiXSwiZXhwIjoxNzk1MTIwMzIxLCJuYmYiOjE3ODczNDQzMjEsImlhdCI6MTc4NzM0NDMyMSwianRpIjoiYWRtaW4vODY2MDVkYmQtYzBiNy00MjAxLTlhZGEtNzljZDNjOGUwYjg0In0.ARdwwUQkCOd1iKlpyOBJzQ6lNBtNxBwxIJyJ2Wdz7IO7hY_ODrIvItrqjN6aJVLIey04TiZ8MCxhtbcH0mrHhKfdY9fI87of3mDkoNsQuKJttloSXexNi0uAxckXZ8t-aLVrytmpCWYGHmYP2u76RHG23yWTiEgngspfHEChvepY2NAJ-Vg_BZlih1q7S27Aj74_qGjb7WPXPvyDYaJPnJ0exLAFnX5CdPIYi6i4ZWE2nZaHRb4Ryi7-OQ9wdKl2TkzHVYeteSKioOvPIXkdIUct-X6TtnoFEcNEFIqCbBC4kM6GCiYDtbyZJCdAQ-Gynte3IHzFbUqcU6l3qm8I9duM0fdZ9rxHQ1KA9LeOzZjzjUcyVrIqIwZF3DWLuy3CZMuaH4XPsws7BLxpbEBN0AbvUKFOIS35GlVN6cSpcOITeZGn-1WeoBT6ggSzLqzAo8dYF0OCtIav2lRdl9BDKyd_LnpfIg6vsg1-o83Xx-7SECr89SXES9QN_yV1lIoPslQMseKhaNfgcWfQwMXB3BPRlZZM8pc9txd4T5qrSjNHLOAcmTfqkV1DTLqTdOSmCCzlrW-QIOj8WP8D4SRy1kajeqiPltYQCI260-wanPo-SBYO3DRbves65ICMGmJkabYIMD7xq-E7qkT1Met6bMCJvpm-Dea3CnLb_rPDJqU
[warning]	2026-08-21 22:32:52.383508[Thread 0x00007fa8bda7ffc0]:UrlFullPage:  https://www.makeronline.com/en/slicerNext/collAndlike?lang=en_US&prod=1&regionCn=0&isDark=1&account=1&pcid=7DE35F9ECFAD0D749C3926E0964F5A0A
[warning]	2026-08-21 22:32:52.390231[Thread 0x00007fa8bda7ffc0]:UrlFullPage:  https://www.makeronline.com/en/slicerNext/allModel?lang=en_US&prod=1&regionCn=0&isDark=1&account=1&pcid=7DE35F9ECFAD0D749C3926E0964F5A0A
[warning]	2026-08-21 22:32:52.390424[Thread 0x00007fa8bda7ffc0]:+++++++++++++++++operator()
UrlCollLike3:https://www.makeronline.com/en/slicerNext/collAndlike?lang=en_US&prod=1&regionCn=0&isDark=1&account=1&pcid=7DE35F9ECFAD0D749C3926E0964F5A0A
UrlAllModel4:https://www.makeronline.com/en/slicerNext/allModel?lang=en_US&prod=1&regionCn=0&isDark=1&account=1&pcid=7DE35F9ECFAD0D749C3926E0964F5A0A
[warning]	2026-08-21 22:32:52.392670[Thread 0x00007fa8bda7ffc0]:HomePage OnError, Url = https://www.makeronline.com/en/slicerNext/collAndlike?lang=en_US&prod=1&regionCn=0&isDark=1&account=1&pcid=7DE35F9ECFAD0D749C3926E0964F5A0A , Message: Load request cancelled
[warning]	2026-08-21 22:32:52.392700[Thread 0x00007fa8bda7ffc0]:OnError: [wxWEBVIEW_NAV_ERR_OTHER] Load request cancelled
[warning]	2026-08-21 22:32:52.397538[Thread 0x00007fa8bda7ffc0]:UrlFullPage:  https://www.makeronline.com/en/slicerNext/collAndlike?lang=en_US&prod=1&regionCn=0&isDark=1&account=1&pcid=7DE35F9ECFAD0D749C3926E0964F5A0A
[warning]	2026-08-21 22:32:52.398396[Thread 0x00007fa8bda7ffc0]:HomePage OnError, Url = https://www.makeronline.com/en/slicerNext/allModel?lang=en_US&prod=1&regionCn=0&isDark=1&account=1&pcid=7DE35F9ECFAD0D749C3926E0964F5A0A , Message: Load request cancelled
[warning]	2026-08-21 22:32:52.398421[Thread 0x00007fa8bda7ffc0]:OnError: [wxWEBVIEW_NAV_ERR_OTHER] Load request cancelled
[warning]	2026-08-21 22:32:52.403142[Thread 0x00007fa8bda7ffc0]:UrlFullPage:  https://www.makeronline.com/en/slicerNext/allModel?lang=en_US&prod=1&regionCn=0&isDark=1&account=1&pcid=7DE35F9ECFAD0D749C3926E0964F5A0A
[warning]	2026-08-21 22:32:52.949095[Thread 0x00007fa8bda7ffc0]:get_version, get_version not supported,return 00.00.00.00!
[warning]	2026-08-21 22:32:57.724733[Thread 0x00007fa8bda7ffc0]:AnycubicContext::CasdoorLogin Accpet to open the login
[warning]	2026-08-21 22:32:57.734662[Thread 0x00007fa8bda7ffc0]:10:32:57 PM: Using fixed edge version
[warning]	2026-08-21 22:32:57.745917[Thread 0x00007fa8bda7ffc0]:10:32:57 PM: webkit2 2.52.5
[warning]	2026-08-21 22:32:57.746003[Thread 0x00007fa8bda7ffc0]:10:32:57 PM: Backend: wxWebViewWebKit Version: webkit2 2.52.5
[warning]	2026-08-21 22:32:58.244133[Thread 0x00007fa8bda7ffc0]:10:32:58 PM: User Agent: true
[warning]	2026-08-21 22:33:12.578195[Thread 0x00007fa8bda7ffc0]:OnNavigationRequest: code = 7e4172d24b04fbcc3dd3
[warning]	2026-08-21 22:33:12.579782[Thread 0x00007fa8bda7ffc0]:AnycubicContext::getAccessToken, code = 7e4172d24b04fbcc3dd3
[warning]	2026-08-21 22:33:13.272884[Thread 0x00007fa8315f46c0]:AnycubicContext::login, accessToken = eyJhbGciOiJSUzI1NiIsImtpZCI6ImFjX2FwcF9jcnQiLCJ0eXAiOiJKV1QifQ.eyJpZCI6IjYyNWU1ZGZhLTIyOTQtNDNiYy1iYzUyLTdmZjk1YjlmOGY5NSIsImVtYWlsIjoic3RlZmFuQHN0ZWZhbmp1bmsuY29tIiwicGhvbmUiOiIiLCJlbWFpbF92ZXJpZmllZCI6dHJ1ZSwidG9rZW5UeXBlIjoiYWNjZXNzLXRva2VuIiwic2NvcGUiOiJyZWFkIiwiaXNzIjoiaHR0cHM6Ly91Yy5tYWtlcm9ubGluZS5jb20iLCJzdWIiOiI2MjVlNWRmYS0yMjk0LTQzYmMtYmM1Mi03ZmY5NWI5ZjhmOTUiLCJhdWQiOlsiYjI2OWEzMTM2ZDI2YWM2NDg4YmIiXSwiZXhwIjoxNzk1MTIwMzkyLCJuYmYiOjE3ODczNDQzOTIsImlhdCI6MTc4NzM0NDM5MiwianRpIjoiYWRtaW4vM2ZjZDdkZDYtZGZlMC00ZDYzLTkwZGQtMzEwOTlkNjRmZDMwIn0.kQeJryjM5uTQflR4eeq_ZGCe00ZOl56g56uxLya89CYyhl8lsVC0lgelBsIOOkG_HJrgL0ctQcYnMl2gA1_uJo4tj3_m5YxmaVrrEBL9iHif9iATbhJgtS8003wwSovQ3t7iuN1DItlPzB8ZnZtUaPRAoNpXRWEqzrZY-CEs-UVNhpcU2xgHfcUVXyxuK9DxCTFwJIZp38IOoavtaWqVzihaiZHNya-PSi5LRd3pRZ8ouyBE5G_xReIx6Foz8Mxwd3gph1RmmHIZFElgc30jfFoqIjLZSam77qKarxcbA7hGTStl4KBU-5oL4WKGGAASlgOQNscg5g28j7jupKSnLkicoDtVUuv-kPq1rb4bLoBZijkI2ytBZ30df6ieTLTjnEkc09VAKJB5VYeK2vh2Qh58EbVz9hBs7yYcmCUBOpz0k9EzuC-LlVvElf3XB6go9nh9eAU-HQSZKE8fYt-dToAzdbGZWpaoZCBVjNncIS0mbyB9US-ohph1R5j9PRm1iAYM6GV9j9HxECa1P-zEih4xcF4iNCSVk5rSWJne0DSiHKwVdsC-8ln4vs6nhRBNyXwHEauKrWwTiTz3_sreKTdmmeO6ZhpSk53FU3Hf9PDfSgVYJUYDPfa1hVKJy4YJpKVPDCboV0rk95RpXdWYSCw728UNnlohKHWxKxV5T1E
[warning]	2026-08-21 22:33:49.067259[Thread 0x00007fa8bda7ffc0]:462 @ OnExitByGui
[warning]	2026-08-21 22:33:49.223363[Thread 0x00007fa8bda7ffc0]:~WebViewPanel Start
[warning]	2026-08-21 22:33:49.232892[Thread 0x00007fa8bda7ffc0]:~WebViewPanel End
[warning]	2026-08-21 22:33:49.233557[Thread 0x00007fa8bda7ffc0]:~WorkbenchPanel
[warning]	2026-08-21 22:33:49.235476[Thread 0x00007fa8bda7ffc0]:WorkbenchPanel destroyed0x5613a16e3400
[warning]	2026-08-21 22:33:49.415853[Thread 0x00007fa8bda7ffc0]:347 @ OnExitByApp
[warning]	2026-08-21 22:33:49.415875[Thread 0x00007fa8bda7ffc0]:312 @ ~AnycubicContext
