[warning]	2026-08-21 22:17:41.904739[Thread 0x00007f3003b2cfc0]:300 @ AnycubicContext
[warning]	2026-08-21 22:17:41.904864[Thread 0x00007f3003b2cfc0]:321 @ OnInitByApp
[warning]	2026-08-21 22:17:41.916580[Thread 0x00007f3003b2cfc0]:22:17:41: Error: Failed to add custom font "/opt/AnycubicSlicerNext/share/resources/fonts/HarmonyOS_Sans_SC_Bold.ttf".
[warning]	2026-08-21 22:17:41.916644[Thread 0x00007f3003b2cfc0]:22:17:41: Error: Failed to add custom font "/opt/AnycubicSlicerNext/share/resources/fonts/HarmonyOS_Sans_SC_Regular.ttf".
[warning]	2026-08-21 22:17:41.916667[Thread 0x00007f3003b2cfc0]:22:17:41: Error: Failed to add custom font "/opt/AnycubicSlicerNext/share/resources/fonts/NanumGothic-Regular.ttf".
[warning]	2026-08-21 22:17:41.916686[Thread 0x00007f3003b2cfc0]:22:17:41: Error: Failed to add custom font "/opt/AnycubicSlicerNext/share/resources/fonts/NanumGothic-Bold.ttf".
[warning]	2026-08-21 22:17:41.925882[Thread 0x00007f3003b2cfc0]:Can't find HarmonyOS Sans SC font
[warning]	2026-08-21 22:17:41.926660[Thread 0x00007f3003b2cfc0]:Use system font instead: Noto Sans
[warning]	2026-08-21 22:17:41.926687[Thread 0x00007f3003b2cfc0]:Can't find HarmonyOS Sans SC font
[warning]	2026-08-21 22:17:41.926693[Thread 0x00007f3003b2cfc0]:Use system font instead: Noto Sans
[warning]	2026-08-21 22:17:41.926704[Thread 0x00007f3003b2cfc0]:Can't find HarmonyOS Sans SC font
[warning]	2026-08-21 22:17:41.926707[Thread 0x00007f3003b2cfc0]:Use system font instead: Noto Sans
[warning]	2026-08-21 22:17:41.926715[Thread 0x00007f3003b2cfc0]:Can't find HarmonyOS Sans SC font
[warning]	2026-08-21 22:17:41.926718[Thread 0x00007f3003b2cfc0]:Use system font instead: Noto Sans
[warning]	2026-08-21 22:17:41.926726[Thread 0x00007f3003b2cfc0]:Can't find HarmonyOS Sans SC font
[warning]	2026-08-21 22:17:41.926728[Thread 0x00007f3003b2cfc0]:Use system font instead: Noto Sans
[warning]	2026-08-21 22:17:41.926736[Thread 0x00007f3003b2cfc0]:Can't find HarmonyOS Sans SC font
[warning]	2026-08-21 22:17:41.926739[Thread 0x00007f3003b2cfc0]:Use system font instead: Noto Sans
[warning]	2026-08-21 22:17:41.926746[Thread 0x00007f3003b2cfc0]:Can't find HarmonyOS Sans SC font
[warning]	2026-08-21 22:17:41.926748[Thread 0x00007f3003b2cfc0]:Use system font instead: Noto Sans
[warning]	2026-08-21 22:17:41.926756[Thread 0x00007f3003b2cfc0]:Can't find HarmonyOS Sans SC font
[warning]	2026-08-21 22:17:41.926758[Thread 0x00007f3003b2cfc0]:Use system font instead: Noto Sans
[warning]	2026-08-21 22:17:41.926766[Thread 0x00007f3003b2cfc0]:Can't find HarmonyOS Sans SC font
[warning]	2026-08-21 22:17:41.926768[Thread 0x00007f3003b2cfc0]:Use system font instead: Noto Sans
[warning]	2026-08-21 22:17:41.926775[Thread 0x00007f3003b2cfc0]:Can't find HarmonyOS Sans SC font
[warning]	2026-08-21 22:17:41.926788[Thread 0x00007f3003b2cfc0]:Use system font instead: Noto Sans
[warning]	2026-08-21 22:17:41.926816[Thread 0x00007f3003b2cfc0]:Can't find HarmonyOS Sans SC font
[warning]	2026-08-21 22:17:41.926823[Thread 0x00007f3003b2cfc0]:Use system font instead: Noto Sans
[warning]	2026-08-21 22:17:41.926832[Thread 0x00007f3003b2cfc0]:Can't find HarmonyOS Sans SC font
[warning]	2026-08-21 22:17:41.926834[Thread 0x00007f3003b2cfc0]:Use system font instead: Noto Sans
[warning]	2026-08-21 22:17:41.926841[Thread 0x00007f3003b2cfc0]:Can't find HarmonyOS Sans SC font
[warning]	2026-08-21 22:17:41.926844[Thread 0x00007f3003b2cfc0]:Use system font instead: Noto Sans
[warning]	2026-08-21 22:17:41.926851[Thread 0x00007f3003b2cfc0]:Can't find HarmonyOS Sans SC font
[warning]	2026-08-21 22:17:41.926854[Thread 0x00007f3003b2cfc0]:Use system font instead: Noto Sans
[warning]	2026-08-21 22:17:41.926861[Thread 0x00007f3003b2cfc0]:Can't find HarmonyOS Sans SC font
[warning]	2026-08-21 22:17:41.926864[Thread 0x00007f3003b2cfc0]:Use system font instead: Noto Sans
[warning]	2026-08-21 22:17:41.926872[Thread 0x00007f3003b2cfc0]:Can't find HarmonyOS Sans SC font
[warning]	2026-08-21 22:17:41.926875[Thread 0x00007f3003b2cfc0]:Use system font instead: Noto Sans
[warning]	2026-08-21 22:17:41.926882[Thread 0x00007f3003b2cfc0]:Can't find HarmonyOS Sans SC font
[warning]	2026-08-21 22:17:41.926884[Thread 0x00007f3003b2cfc0]:Use system font instead: Noto Sans
[warning]	2026-08-21 22:17:41.926891[Thread 0x00007f3003b2cfc0]:Can't find HarmonyOS Sans SC font
[warning]	2026-08-21 22:17:41.926894[Thread 0x00007f3003b2cfc0]:Use system font instead: Noto Sans
[warning]	2026-08-21 22:17:41.926901[Thread 0x00007f3003b2cfc0]:Can't find HarmonyOS Sans SC font
[warning]	2026-08-21 22:17:41.926904[Thread 0x00007f3003b2cfc0]:Use system font instead: Noto Sans
[warning]	2026-08-21 22:17:41.926913[Thread 0x00007f3003b2cfc0]:Can't find HarmonyOS Sans SC font
[warning]	2026-08-21 22:17:41.926916[Thread 0x00007f3003b2cfc0]:Use system font instead: Noto Sans
[warning]	2026-08-21 22:17:41.926923[Thread 0x00007f3003b2cfc0]:Can't find HarmonyOS Sans SC font
[warning]	2026-08-21 22:17:41.926926[Thread 0x00007f3003b2cfc0]:Use system font instead: Noto Sans
[warning]	2026-08-21 22:17:41.926933[Thread 0x00007f3003b2cfc0]:Can't find HarmonyOS Sans SC font
[warning]	2026-08-21 22:17:41.926936[Thread 0x00007f3003b2cfc0]:Use system font instead: Noto Sans
[warning]	2026-08-21 22:17:41.950996[Thread 0x00007f3003b2cfc0]:Can't find HarmonyOS Sans SC font
[warning]	2026-08-21 22:17:41.951022[Thread 0x00007f3003b2cfc0]:Use system font instead: Noto Sans
[warning]	2026-08-21 22:17:41.951042[Thread 0x00007f3003b2cfc0]:Can't find HarmonyOS Sans SC font
[warning]	2026-08-21 22:17:41.951048[Thread 0x00007f3003b2cfc0]:Use system font instead: Noto Sans
[warning]	2026-08-21 22:17:41.951061[Thread 0x00007f3003b2cfc0]:Can't find HarmonyOS Sans SC font
[warning]	2026-08-21 22:17:41.951066[Thread 0x00007f3003b2cfc0]:Use system font instead: Noto Sans
[warning]	2026-08-21 22:17:41.951078[Thread 0x00007f3003b2cfc0]:Can't find HarmonyOS Sans SC font
[warning]	2026-08-21 22:17:41.951082[Thread 0x00007f3003b2cfc0]:Use system font instead: Noto Sans
[warning]	2026-08-21 22:17:41.961192[Thread 0x00007f3003b2cfc0]:Can't find HarmonyOS Sans SC font
[warning]	2026-08-21 22:17:41.961217[Thread 0x00007f3003b2cfc0]:Use system font instead: Noto Sans
[warning]	2026-08-21 22:17:41.966498[Thread 0x00007f3003b2cfc0]:Can't find HarmonyOS Sans SC font
[warning]	2026-08-21 22:17:41.966520[Thread 0x00007f3003b2cfc0]:Use system font instead: Noto Sans
[warning]	2026-08-21 22:17:41.971503[Thread 0x00007f3003b2cfc0]:Can't find HarmonyOS Sans SC font
[warning]	2026-08-21 22:17:41.971547[Thread 0x00007f3003b2cfc0]:Use system font instead: Noto Sans
[warning]	2026-08-21 22:17:41.998443[Thread 0x00007f3003b2cfc0]:Can't find HarmonyOS Sans SC font
[warning]	2026-08-21 22:17:41.998473[Thread 0x00007f3003b2cfc0]:Use system font instead: Noto Sans
[warning]	2026-08-21 22:17:42.803317[Thread 0x00007f3003b2cfc0]:10:17:42 PM: Using fixed edge version
[warning]	2026-08-21 22:17:42.952792[Thread 0x00007f3003b2cfc0]:10:17:42 PM: Using fixed edge version
[warning]	2026-08-21 22:17:42.964618[Thread 0x00007f3003b2cfc0]:10:17:42 PM: Using fixed edge version
[warning]	2026-08-21 22:17:42.981129[Thread 0x00007f3003b2cfc0]:10:17:42 PM: Using fixed edge version
[warning]	2026-08-21 22:17:43.062944[Thread 0x00007f3003b2cfc0]:Can't find HarmonyOS Sans SC font
[warning]	2026-08-21 22:17:43.062966[Thread 0x00007f3003b2cfc0]:Use system font instead: Noto Sans
[warning]	2026-08-21 22:17:43.373370[Thread 0x00007f3003b2cfc0]:WorkbenchPanel
[warning]	2026-08-21 22:17:43.461775[Thread 0x00007f3003b2cfc0]:10:17:43 PM: Using fixed edge version
[error]	2026-08-21 22:17:43.530469[Thread 0x00007f2f6f5fd6c0]:File Metadata/plate_1.png not found from archive
[error]	2026-08-21 22:17:43.530486[Thread 0x00007f2f6f9fe6c0]:File Metadata/plate_1.png not found from archive
[error]	2026-08-21 22:17:43.530504[Thread 0x00007f2f6f5fd6c0]:Unable to open the file/home/stefan/Downloads/shark_clip_anycubic (1).3mf
[error]	2026-08-21 22:17:43.530520[Thread 0x00007f2f71def6c0]:File Metadata/plate_1.png not found from archive
[error]	2026-08-21 22:17:43.530563[Thread 0x00007f2f6fdff6c0]:File Metadata/plate_1.png not found from archive
[error]	2026-08-21 22:17:43.530591[Thread 0x00007f2f6fdff6c0]:Unable to open the file/home/stefan/Projekte/3d_models/toilettpaper_stand/2/ZEN_KINTSUGI_WAVE_FIFO_5R_HYBRID_v2.0.0(2)/ZEN_KINTSUGI_WAVE_FIFO_5R_HYBRID_v2.0.0/ZEN_KINTSUGI_WAVE_5R_HYBRID_assembly.3mf
[warning]	2026-08-21 22:17:43.591158[Thread 0x00007f3003b2cfc0]:10:17:43 PM: Error: Directory '/opt/AnycubicSlicerNext/share/resources/report' couldn't be created (error 13: Permission denied)
[error]	2026-08-21 22:17:43.591185[Thread 0x00007f3003b2cfc0]:Create fullpath Err : 
[warning]	2026-08-21 22:17:43.596111[Thread 0x00007f3003b2cfc0]:393 @ OnInitByGui
[warning]	2026-08-21 22:17:44.242677[Thread 0x00007f3003b2cfc0]:UrlFullPage:  file:////opt/AnycubicSlicerNext/share/resources/web/homepage/homebody.html?lang=en_US&prod=1&regionCn=0&isDark=1&account=1&pcid=7DE35F9ECFAD0D749C3926E0964F5A0A
[warning]	2026-08-21 22:17:44.250636[Thread 0x00007f3003b2cfc0]:UrlFullPage:  file:////opt/AnycubicSlicerNext/share/resources/web/homepage/leftmenu.html?lang=en_US&prod=1&regionCn=0&isDark=1&account=1&pcid=7DE35F9ECFAD0D749C3926E0964F5A0A
[warning]	2026-08-21 22:17:44.256173[Thread 0x00007f3003b2cfc0]:UrlFullPage:  https://www.makeronline.com/en/slicerNext/allModel?lang=en_US&prod=1&regionCn=0&isDark=1&account=1&pcid=7DE35F9ECFAD0D749C3926E0964F5A0A
[warning]	2026-08-21 22:17:44.278277[Thread 0x00007f3003b2cfc0]:UrlFullPage:  https://www.makeronline.com/en/slicerNext/collAndlike?lang=en_US&prod=1&regionCn=0&isDark=1&account=1&pcid=7DE35F9ECFAD0D749C3926E0964F5A0A
[warning]	2026-08-21 22:17:44.278733[Thread 0x00007f3003b2cfc0]:440 @ OnFinishedByGui
[warning]	2026-08-21 22:17:44.279748[Thread 0x00007f3003b2cfc0]:AnycubicContext::login, accessToken = eyJhbGciOiJSUzI1NiIsImtpZCI6ImFjX2FwcF9jcnQiLCJ0eXAiOiJKV1QifQ.eyJpZCI6IjYyNWU1ZGZhLTIyOTQtNDNiYy1iYzUyLTdmZjk1YjlmOGY5NSIsImVtYWlsIjoic3RlZmFuQHN0ZWZhbmp1bmsuY29tIiwicGhvbmUiOiIiLCJlbWFpbF92ZXJpZmllZCI6dHJ1ZSwidG9rZW5UeXBlIjoiYWNjZXNzLXRva2VuIiwic2NvcGUiOiJyZWFkIiwiaXNzIjoiaHR0cHM6Ly91Yy5tYWtlcm9ubGluZS5jb20iLCJzdWIiOiI2MjVlNWRmYS0yMjk0LTQzYmMtYmM1Mi03ZmY5NWI5ZjhmOTUiLCJhdWQiOlsiYjI2OWEzMTM2ZDI2YWM2NDg4YmIiXSwiZXhwIjoxNzk1MTE5MzM3LCJuYmYiOjE3ODczNDMzMzcsImlhdCI6MTc4NzM0MzMzNywianRpIjoiYWRtaW4vZGUyMGYzNjQtMTE3YS00NzE1LWJhNzktMDRlOTc4YzUxMjBlIn0.WIZm96D03mYHwWr7tioqsy7fREVo6uGUgLH0KKaY_Zq1GzScecSAc5Uq6JarkmQLPKdeqipIFMwb8vbPTaFMrIXXRDE1cFOygEQgw0DS9d3SB39NrUljzj2eGRXChH4x_807PFLeC_xUm0uFiwUEjQ3g_dHHR8CxmnXCE87cgmKMlzE0y7JeypzWFfWsSY4xFmz8lwtXKkt4Leygx1ht4QfIy77RPJ5Of55kkii88FNEe5DZNN5giNGQReBNRqvDFJRVvigJhNTVRIJPMZYgJX15LWDOkog6jx8eBA4Dypf8dKoNl3kqb327kAj3m2MDa2_DrbqZdW5kv5wuAW1XBRHZ8ssiF2jqYrJTZlJzKSCicc-ewAbU34QkZctaYXeYxsMyOJSLbSzY7J0hSCVoPGXcPJB1qS98fjdlThLj3-PzjSUhNRVoGDtiaQ-OOfFrktdFIatR5s-z2vsSlPRXhcgrE79Vgv5cp3x7KXiDavM69BAG6BUEo454P-m2Anf5f8Khfqrvk5R_5KrIs4kpZlELlzCdmT9wgX6YrUgfpHb1Ys87rszMtLV_ETEmyefG_QX6pW-FG8TwI3_U8IuHQRRusP5SgSZh2ztqNLYVQSsrb0Yk0ZCuF0v-1iJ2jUzGlJZXbw8tLv71HZK3kZIzOuqIy6dXFDRnc9F0zofCQXc
[warning]	2026-08-21 22:17:45.214591[Thread 0x00007f3003b2cfc0]:UrlFullPage:  https://www.makeronline.com/en/slicerNext/collAndlike?lang=en_US&prod=1&regionCn=0&isDark=1&account=1&pcid=7DE35F9ECFAD0D749C3926E0964F5A0A
[warning]	2026-08-21 22:17:45.218411[Thread 0x00007f3003b2cfc0]:UrlFullPage:  https://www.makeronline.com/en/slicerNext/allModel?lang=en_US&prod=1&regionCn=0&isDark=1&account=1&pcid=7DE35F9ECFAD0D749C3926E0964F5A0A
[warning]	2026-08-21 22:17:45.219356[Thread 0x00007f3003b2cfc0]:+++++++++++++++++operator()
UrlCollLike3:https://www.makeronline.com/en/slicerNext/collAndlike?lang=en_US&prod=1&regionCn=0&isDark=1&account=1&pcid=7DE35F9ECFAD0D749C3926E0964F5A0A
UrlAllModel4:https://www.makeronline.com/en/slicerNext/allModel?lang=en_US&prod=1&regionCn=0&isDark=1&account=1&pcid=7DE35F9ECFAD0D749C3926E0964F5A0A
[warning]	2026-08-21 22:17:45.220822[Thread 0x00007f3003b2cfc0]:HomePage OnError, Url = https://www.makeronline.com/en/slicerNext/allModel?lang=en_US&prod=1&regionCn=0&isDark=1&account=1&pcid=7DE35F9ECFAD0D749C3926E0964F5A0A , Message: Load request cancelled
[warning]	2026-08-21 22:17:45.220853[Thread 0x00007f3003b2cfc0]:OnError: [wxWEBVIEW_NAV_ERR_OTHER] Load request cancelled
[warning]	2026-08-21 22:17:45.225633[Thread 0x00007f3003b2cfc0]:UrlFullPage:  https://www.makeronline.com/en/slicerNext/allModel?lang=en_US&prod=1&regionCn=0&isDark=1&account=1&pcid=7DE35F9ECFAD0D749C3926E0964F5A0A
[warning]	2026-08-21 22:17:45.226022[Thread 0x00007f3003b2cfc0]:HomePage OnError, Url = https://www.makeronline.com/en/slicerNext/collAndlike?lang=en_US&prod=1&regionCn=0&isDark=1&account=1&pcid=7DE35F9ECFAD0D749C3926E0964F5A0A , Message: Load request cancelled
[warning]	2026-08-21 22:17:45.226043[Thread 0x00007f3003b2cfc0]:OnError: [wxWEBVIEW_NAV_ERR_OTHER] Load request cancelled
[warning]	2026-08-21 22:17:45.231076[Thread 0x00007f3003b2cfc0]:UrlFullPage:  https://www.makeronline.com/en/slicerNext/collAndlike?lang=en_US&prod=1&regionCn=0&isDark=1&account=1&pcid=7DE35F9ECFAD0D749C3926E0964F5A0A
[warning]	2026-08-21 22:17:46.630602[Thread 0x00007f3003b2cfc0]:get_version, get_version not supported,return 00.00.00.00!
[warning]	2026-08-21 22:17:58.758170[Thread 0x00007f3003b2cfc0]:validate_preset: preset_name ELEGOO PETG Rapid @Anycubic Kobra 3 Max 0.4 nozzle, no inherit, set to not found
[warning]	2026-08-21 22:17:58.758197[Thread 0x00007f3003b2cfc0]:validate_presets:file_name DRAFT-R1.4-procedural-steel-assembly.3mf, found the filament 1 preset not inherit from system
[warning]	2026-08-21 22:17:58.758209[Thread 0x00007f3003b2cfc0]:validate_presets:file_name DRAFT-R1.4-procedural-steel-assembly.3mf, found self defined presets, count 1
[error]	2026-08-21 22:18:03.750706[Thread 0x00007f3003b2cfc0]:tree_sel_change_delayedcan not find page with current selection 
[error]	2026-08-21 22:18:13.674320[Thread 0x00007f3003b2cfc0]:tree_sel_change_delayedcan not find page with current selection 
[error]	2026-08-21 22:18:20.638318[Thread 0x00007f3003b2cfc0]:tree_sel_change_delayedcan not find page with current selection 
[warning]	2026-08-21 22:18:39.046052[Thread 0x00007f3003b2cfc0]:AnycubicContext::CasdoorLogin Accpet to open the login
[warning]	2026-08-21 22:18:39.093464[Thread 0x00007f3003b2cfc0]:10:18:39 PM: Using fixed edge version
[warning]	2026-08-21 22:18:39.113029[Thread 0x00007f3003b2cfc0]:10:18:39 PM: webkit2 2.52.5
[warning]	2026-08-21 22:18:39.113097[Thread 0x00007f3003b2cfc0]:10:18:39 PM: Backend: wxWebViewWebKit Version: webkit2 2.52.5
[warning]	2026-08-21 22:18:39.552156[Thread 0x00007f3003b2cfc0]:10:18:39 PM: User Agent: true
[warning]	2026-08-21 22:18:55.421447[Thread 0x00007f3003b2cfc0]:OnNavigationRequest: code = 55c8f5262bad3044cd06
[warning]	2026-08-21 22:18:55.421481[Thread 0x00007f3003b2cfc0]:AnycubicContext::getAccessToken, code = 55c8f5262bad3044cd06
[warning]	2026-08-21 22:18:56.295014[Thread 0x00007f2f5eea86c0]:AnycubicContext::login, accessToken = eyJhbGciOiJSUzI1NiIsImtpZCI6ImFjX2FwcF9jcnQiLCJ0eXAiOiJKV1QifQ.eyJpZCI6IjYyNWU1ZGZhLTIyOTQtNDNiYy1iYzUyLTdmZjk1YjlmOGY5NSIsImVtYWlsIjoic3RlZmFuQHN0ZWZhbmp1bmsuY29tIiwicGhvbmUiOiIiLCJlbWFpbF92ZXJpZmllZCI6dHJ1ZSwidG9rZW5UeXBlIjoiYWNjZXNzLXRva2VuIiwic2NvcGUiOiJyZWFkIiwiaXNzIjoiaHR0cHM6Ly91Yy5tYWtlcm9ubGluZS5jb20iLCJzdWIiOiI2MjVlNWRmYS0yMjk0LTQzYmMtYmM1Mi03ZmY5NWI5ZjhmOTUiLCJhdWQiOlsiYjI2OWEzMTM2ZDI2YWM2NDg4YmIiXSwiZXhwIjoxNzk1MTE5NTM1LCJuYmYiOjE3ODczNDM1MzUsImlhdCI6MTc4NzM0MzUzNSwianRpIjoiYWRtaW4vZWI0MTI5MjMtM2QwOS00YWM4LTlmZGMtYmFmNWYyNzI5ZGNhIn0.BA3vKO4ZqIBGC7PexB8qp2WNPS57os6tNWJ7Hjtp6i1qv41tzF84pm4sxeJ6LkkCpigFkruwSSgBAloUKLfWnCARL3VRuqVEbty2w4cT8P0HLut9h1R0rHtbESmHZzeOGjrH7vyX8BpoktegzonwVtL0uPCQVzBSxooA_4cv0mCNHEkJW2u2RPurLAKpSOM2uzlDBZQ9wOmN_FdnCwM6Kd8FlfuStjr4_QsC4B8BRdHypowGaBhHGLxDrwqpEMdp6HoaVFOz5XneFjGtO6cWCNeifdYnM2U9OypvKQ4rNWWBCPH7-thYpnRG-z3m-owAyTWiZGOUdcxk4YZOVh0lZMKkclMXk8bZhZgEQSLRGFTMr1RduXC0zCH0ZaJnGHxbkbAveC8p5PHxi47aP5UhXHDPJIhHZqa2Z7rA9x6eG4XXF4mJ9nhjBNWqugMaqweJQ8A_YylcxMDbggvTaoPhvn9wCPN8PnbCtepDYJM221-Woib11LHQmujaeV74_S8hzhzdiZfuWhocozQ2dywpiqx-Mv4X4e5898gE01gQJ9_Y9eyTESDCsv-3u2YCJKuPsOAUz5XZkzNYFz1XJGfS4FHNHf_6TiAIpbW4c0MpZF_9FeM9BZN2EddI7PmKje8LpA2GlnyLKfiJCT1JIHTgdHZZLhN6aMCtEwIIXUP4juQ
[warning]	2026-08-21 22:19:11.846402[Thread 0x00007f3003b2cfc0]:validate_preset: preset_name ELEGOO PETG Rapid @Anycubic Kobra 3 Max 0.4 nozzle, no inherit, set to not found
[warning]	2026-08-21 22:19:11.846440[Thread 0x00007f3003b2cfc0]:validate_presets:file_name DRAFT-R1.4-procedural-steel-assembly.3mf, found the filament 1 preset not inherit from system
[warning]	2026-08-21 22:19:11.846461[Thread 0x00007f3003b2cfc0]:validate_presets:file_name DRAFT-R1.4-procedural-steel-assembly.3mf, found self defined presets, count 1
[error]	2026-08-21 22:19:15.421179[Thread 0x00007f3003b2cfc0]:tree_sel_change_delayedcan not find page with current selection 
[warning]	2026-08-21 22:19:23.679116[Thread 0x00007f3003b2cfc0]:462 @ OnExitByGui
[warning]	2026-08-21 22:19:23.916733[Thread 0x00007f3003b2cfc0]:~WebViewPanel Start
[warning]	2026-08-21 22:19:23.925076[Thread 0x00007f3003b2cfc0]:~WebViewPanel End
[warning]	2026-08-21 22:19:23.925727[Thread 0x00007f3003b2cfc0]:~WorkbenchPanel
[warning]	2026-08-21 22:19:23.928381[Thread 0x00007f3003b2cfc0]:WorkbenchPanel destroyed0x556ac8aa7c70
[warning]	2026-08-21 22:19:24.120740[Thread 0x00007f3003b2cfc0]:347 @ OnExitByApp
[warning]	2026-08-21 22:19:24.120792[Thread 0x00007f3003b2cfc0]:312 @ ~AnycubicContext
