[warning]	2026-08-21 22:14:59.924101[Thread 0x00007f5fa19dcfc0]:300 @ AnycubicContext
[warning]	2026-08-21 22:14:59.924365[Thread 0x00007f5fa19dcfc0]:321 @ OnInitByApp
[warning]	2026-08-21 22:14:59.961121[Thread 0x00007f5fa19dcfc0]:22:14:59: Error: Failed to add custom font "/opt/AnycubicSlicerNext/share/resources/fonts/HarmonyOS_Sans_SC_Bold.ttf".
[warning]	2026-08-21 22:14:59.961237[Thread 0x00007f5fa19dcfc0]:22:14:59: Error: Failed to add custom font "/opt/AnycubicSlicerNext/share/resources/fonts/HarmonyOS_Sans_SC_Regular.ttf".
[warning]	2026-08-21 22:14:59.961290[Thread 0x00007f5fa19dcfc0]:22:14:59: Error: Failed to add custom font "/opt/AnycubicSlicerNext/share/resources/fonts/NanumGothic-Regular.ttf".
[warning]	2026-08-21 22:14:59.961335[Thread 0x00007f5fa19dcfc0]:22:14:59: Error: Failed to add custom font "/opt/AnycubicSlicerNext/share/resources/fonts/NanumGothic-Bold.ttf".
[warning]	2026-08-21 22:14:59.981700[Thread 0x00007f5fa19dcfc0]:Can't find HarmonyOS Sans SC font
[warning]	2026-08-21 22:14:59.983450[Thread 0x00007f5fa19dcfc0]:Use system font instead: Noto Sans
[warning]	2026-08-21 22:14:59.983514[Thread 0x00007f5fa19dcfc0]:Can't find HarmonyOS Sans SC font
[warning]	2026-08-21 22:14:59.983528[Thread 0x00007f5fa19dcfc0]:Use system font instead: Noto Sans
[warning]	2026-08-21 22:14:59.983556[Thread 0x00007f5fa19dcfc0]:Can't find HarmonyOS Sans SC font
[warning]	2026-08-21 22:14:59.983565[Thread 0x00007f5fa19dcfc0]:Use system font instead: Noto Sans
[warning]	2026-08-21 22:14:59.983589[Thread 0x00007f5fa19dcfc0]:Can't find HarmonyOS Sans SC font
[warning]	2026-08-21 22:14:59.983598[Thread 0x00007f5fa19dcfc0]:Use system font instead: Noto Sans
[warning]	2026-08-21 22:14:59.983622[Thread 0x00007f5fa19dcfc0]:Can't find HarmonyOS Sans SC font
[warning]	2026-08-21 22:14:59.983632[Thread 0x00007f5fa19dcfc0]:Use system font instead: Noto Sans
[warning]	2026-08-21 22:14:59.983654[Thread 0x00007f5fa19dcfc0]:Can't find HarmonyOS Sans SC font
[warning]	2026-08-21 22:14:59.983663[Thread 0x00007f5fa19dcfc0]:Use system font instead: Noto Sans
[warning]	2026-08-21 22:14:59.983685[Thread 0x00007f5fa19dcfc0]:Can't find HarmonyOS Sans SC font
[warning]	2026-08-21 22:14:59.983695[Thread 0x00007f5fa19dcfc0]:Use system font instead: Noto Sans
[warning]	2026-08-21 22:14:59.983717[Thread 0x00007f5fa19dcfc0]:Can't find HarmonyOS Sans SC font
[warning]	2026-08-21 22:14:59.983726[Thread 0x00007f5fa19dcfc0]:Use system font instead: Noto Sans
[warning]	2026-08-21 22:14:59.983748[Thread 0x00007f5fa19dcfc0]:Can't find HarmonyOS Sans SC font
[warning]	2026-08-21 22:14:59.983757[Thread 0x00007f5fa19dcfc0]:Use system font instead: Noto Sans
[warning]	2026-08-21 22:14:59.983789[Thread 0x00007f5fa19dcfc0]:Can't find HarmonyOS Sans SC font
[warning]	2026-08-21 22:14:59.983800[Thread 0x00007f5fa19dcfc0]:Use system font instead: Noto Sans
[warning]	2026-08-21 22:14:59.983828[Thread 0x00007f5fa19dcfc0]:Can't find HarmonyOS Sans SC font
[warning]	2026-08-21 22:14:59.983836[Thread 0x00007f5fa19dcfc0]:Use system font instead: Noto Sans
[warning]	2026-08-21 22:14:59.983859[Thread 0x00007f5fa19dcfc0]:Can't find HarmonyOS Sans SC font
[warning]	2026-08-21 22:14:59.983867[Thread 0x00007f5fa19dcfc0]:Use system font instead: Noto Sans
[warning]	2026-08-21 22:14:59.983890[Thread 0x00007f5fa19dcfc0]:Can't find HarmonyOS Sans SC font
[warning]	2026-08-21 22:14:59.983897[Thread 0x00007f5fa19dcfc0]:Use system font instead: Noto Sans
[warning]	2026-08-21 22:14:59.983921[Thread 0x00007f5fa19dcfc0]:Can't find HarmonyOS Sans SC font
[warning]	2026-08-21 22:14:59.983928[Thread 0x00007f5fa19dcfc0]:Use system font instead: Noto Sans
[warning]	2026-08-21 22:14:59.983951[Thread 0x00007f5fa19dcfc0]:Can't find HarmonyOS Sans SC font
[warning]	2026-08-21 22:14:59.983958[Thread 0x00007f5fa19dcfc0]:Use system font instead: Noto Sans
[warning]	2026-08-21 22:14:59.983983[Thread 0x00007f5fa19dcfc0]:Can't find HarmonyOS Sans SC font
[warning]	2026-08-21 22:14:59.983991[Thread 0x00007f5fa19dcfc0]:Use system font instead: Noto Sans
[warning]	2026-08-21 22:14:59.984014[Thread 0x00007f5fa19dcfc0]:Can't find HarmonyOS Sans SC font
[warning]	2026-08-21 22:14:59.984022[Thread 0x00007f5fa19dcfc0]:Use system font instead: Noto Sans
[warning]	2026-08-21 22:14:59.984044[Thread 0x00007f5fa19dcfc0]:Can't find HarmonyOS Sans SC font
[warning]	2026-08-21 22:14:59.984052[Thread 0x00007f5fa19dcfc0]:Use system font instead: Noto Sans
[warning]	2026-08-21 22:14:59.984080[Thread 0x00007f5fa19dcfc0]:Can't find HarmonyOS Sans SC font
[warning]	2026-08-21 22:14:59.984088[Thread 0x00007f5fa19dcfc0]:Use system font instead: Noto Sans
[warning]	2026-08-21 22:14:59.984113[Thread 0x00007f5fa19dcfc0]:Can't find HarmonyOS Sans SC font
[warning]	2026-08-21 22:14:59.984126[Thread 0x00007f5fa19dcfc0]:Use system font instead: Noto Sans
[warning]	2026-08-21 22:14:59.984150[Thread 0x00007f5fa19dcfc0]:Can't find HarmonyOS Sans SC font
[warning]	2026-08-21 22:14:59.984158[Thread 0x00007f5fa19dcfc0]:Use system font instead: Noto Sans
[warning]	2026-08-21 22:14:59.984182[Thread 0x00007f5fa19dcfc0]:Can't find HarmonyOS Sans SC font
[warning]	2026-08-21 22:14:59.984191[Thread 0x00007f5fa19dcfc0]:Use system font instead: Noto Sans
[warning]	2026-08-21 22:15:00.039727[Thread 0x00007f5fa19dcfc0]:Can't find HarmonyOS Sans SC font
[warning]	2026-08-21 22:15:00.039764[Thread 0x00007f5fa19dcfc0]:Use system font instead: Noto Sans
[warning]	2026-08-21 22:15:00.039813[Thread 0x00007f5fa19dcfc0]:Can't find HarmonyOS Sans SC font
[warning]	2026-08-21 22:15:00.039828[Thread 0x00007f5fa19dcfc0]:Use system font instead: Noto Sans
[warning]	2026-08-21 22:15:00.039858[Thread 0x00007f5fa19dcfc0]:Can't find HarmonyOS Sans SC font
[warning]	2026-08-21 22:15:00.039872[Thread 0x00007f5fa19dcfc0]:Use system font instead: Noto Sans
[warning]	2026-08-21 22:15:00.039896[Thread 0x00007f5fa19dcfc0]:Can't find HarmonyOS Sans SC font
[warning]	2026-08-21 22:15:00.039903[Thread 0x00007f5fa19dcfc0]:Use system font instead: Noto Sans
[warning]	2026-08-21 22:15:00.058706[Thread 0x00007f5fa19dcfc0]:Can't find HarmonyOS Sans SC font
[warning]	2026-08-21 22:15:00.058748[Thread 0x00007f5fa19dcfc0]:Use system font instead: Noto Sans
[warning]	2026-08-21 22:15:00.067497[Thread 0x00007f5fa19dcfc0]:Can't find HarmonyOS Sans SC font
[warning]	2026-08-21 22:15:00.067570[Thread 0x00007f5fa19dcfc0]:Use system font instead: Noto Sans
[warning]	2026-08-21 22:15:00.079092[Thread 0x00007f5fa19dcfc0]:Can't find HarmonyOS Sans SC font
[warning]	2026-08-21 22:15:00.079131[Thread 0x00007f5fa19dcfc0]:Use system font instead: Noto Sans
[warning]	2026-08-21 22:15:00.142111[Thread 0x00007f5fa19dcfc0]:Can't find HarmonyOS Sans SC font
[warning]	2026-08-21 22:15:00.142150[Thread 0x00007f5fa19dcfc0]:Use system font instead: Noto Sans
[error]	2026-08-21 22:15:02.211955[Thread 0x00007f5fa19dcfc0]:can not find parent for config /home/stefan/.config/AnycubicSlicerNext/user/804401/process/0.20mm PLA HS Toy Fast.json!
[warning]	2026-08-21 22:15:02.842718[Thread 0x00007f5fa19dcfc0]:10:15:02 PM: Using fixed edge version
[warning]	2026-08-21 22:15:03.317635[Thread 0x00007f5fa19dcfc0]:10:15:03 PM: Using fixed edge version
[warning]	2026-08-21 22:15:03.338517[Thread 0x00007f5fa19dcfc0]:10:15:03 PM: Using fixed edge version
[warning]	2026-08-21 22:15:03.399871[Thread 0x00007f5fa19dcfc0]:10:15:03 PM: Using fixed edge version
[warning]	2026-08-21 22:15:03.557286[Thread 0x00007f5fa19dcfc0]:Can't find HarmonyOS Sans SC font
[warning]	2026-08-21 22:15:03.557330[Thread 0x00007f5fa19dcfc0]:Use system font instead: Noto Sans
[warning]	2026-08-21 22:15:04.318767[Thread 0x00007f5fa19dcfc0]:WorkbenchPanel
[warning]	2026-08-21 22:15:04.443096[Thread 0x00007f5fa19dcfc0]:10:15:04 PM: Using fixed edge version
[error]	2026-08-21 22:15:04.556278[Thread 0x00007f5f12dff6c0]:File Metadata/plate_1.png not found from archive
[error]	2026-08-21 22:15:04.556614[Thread 0x00007f5f12dff6c0]:Unable to open the file/home/stefan/Downloads/shark_clip_anycubic (1).3mf
[error]	2026-08-21 22:15:04.560555[Thread 0x00007f5f129fe6c0]:File Metadata/plate_1.png not found from archive
[error]	2026-08-21 22:15:04.560681[Thread 0x00007f5f129fe6c0]:File Metadata/plate_1.png not found from archive
[error]	2026-08-21 22:15:04.560762[Thread 0x00007f5f129fe6c0]:Unable to open the file/home/stefan/Projekte/3d_models/toilettpaper_stand/2/ZEN_KINTSUGI_WAVE_FIFO_5R_HYBRID_v2.0.0(2)/ZEN_KINTSUGI_WAVE_FIFO_5R_HYBRID_v2.0.0/ZEN_KINTSUGI_WAVE_5R_HYBRID_assembly.3mf
[error]	2026-08-21 22:15:04.561061[Thread 0x00007f5fa19dcfc0]:File Metadata/plate_1.png not found from archive
[warning]	2026-08-21 22:15:04.761355[Thread 0x00007f5fa19dcfc0]:10:15:04 PM: Error: Directory '/opt/AnycubicSlicerNext/share/resources/report' couldn't be created (error 13: Permission denied)
[error]	2026-08-21 22:15:04.761402[Thread 0x00007f5fa19dcfc0]:Create fullpath Err : 
[warning]	2026-08-21 22:15:04.785925[Thread 0x00007f5fa19dcfc0]:393 @ OnInitByGui
[warning]	2026-08-21 22:15:06.189086[Thread 0x00007f5fa19dcfc0]:UrlFullPage:  file:////opt/AnycubicSlicerNext/share/resources/web/homepage/homebody.html?lang=en_US&prod=1&regionCn=0&isDark=1&account=1&pcid=7DE35F9ECFAD0D749C3926E0964F5A0A
[warning]	2026-08-21 22:15:06.219636[Thread 0x00007f5fa19dcfc0]:UrlFullPage:  file:////opt/AnycubicSlicerNext/share/resources/web/homepage/leftmenu.html?lang=en_US&prod=1&regionCn=0&isDark=1&account=1&pcid=7DE35F9ECFAD0D749C3926E0964F5A0A
[warning]	2026-08-21 22:15:06.240357[Thread 0x00007f5fa19dcfc0]:UrlFullPage:  https://www.makeronline.com/en/slicerNext/allModel?lang=en_US&prod=1&regionCn=0&isDark=1&account=1&pcid=7DE35F9ECFAD0D749C3926E0964F5A0A
[warning]	2026-08-21 22:15:06.321602[Thread 0x00007f5fa19dcfc0]:UrlFullPage:  https://www.makeronline.com/en/slicerNext/collAndlike?lang=en_US&prod=1&regionCn=0&isDark=1&account=1&pcid=7DE35F9ECFAD0D749C3926E0964F5A0A
[warning]	2026-08-21 22:15:06.323650[Thread 0x00007f5fa19dcfc0]:440 @ OnFinishedByGui
[warning]	2026-08-21 22:15:06.323843[Thread 0x00007f5fa19dcfc0]:AnycubicContext::login, accessToken = eyJhbGciOiJSUzI1NiIsImtpZCI6ImFjX2FwcF9jcnQiLCJ0eXAiOiJKV1QifQ.eyJpZCI6IjYyNWU1ZGZhLTIyOTQtNDNiYy1iYzUyLTdmZjk1YjlmOGY5NSIsImVtYWlsIjoic3RlZmFuQHN0ZWZhbmp1bmsuY29tIiwicGhvbmUiOiIiLCJlbWFpbF92ZXJpZmllZCI6dHJ1ZSwidG9rZW5UeXBlIjoiYWNjZXNzLXRva2VuIiwic2NvcGUiOiJyZWFkIiwiaXNzIjoiaHR0cHM6Ly91Yy5tYWtlcm9ubGluZS5jb20iLCJzdWIiOiI2MjVlNWRmYS0yMjk0LTQzYmMtYmM1Mi03ZmY5NWI5ZjhmOTUiLCJhdWQiOlsiYjI2OWEzMTM2ZDI2YWM2NDg4YmIiXSwiZXhwIjoxNzk1MDk0NDIwLCJuYmYiOjE3ODczMTg0MjAsImlhdCI6MTc4NzMxODQyMCwianRpIjoiYWRtaW4vZjUyY2U4OWUtYjc1My00ZmNjLTllYmMtYTE2NmIzNjRlNTUzIn0.Bf0iHHxzXvSIrCENf8xH0F0bgvUmquCD-f9XJrhn42DV-a7upTzJn6kSJMQXbY-daVPVGHm7oCUtue_e0x_fH7N9kgTlHTLAiudT1LKVbldlx-RdN7kEkrQwmz34nVjI8Nu3nGOZi8eELMTuSDhhSH4hm48fXuKoXiI-94SYfWB-j5rluu2H6wDV9hp23VXzj7x8Tvlz7mMZvwAGyyFlM-WeC--GZmbrnDkhzgEgGuhqrxWBU02ZlViuh1iQpZCGw6MytjK_ERIpapub-3Ect6X-1_hd2aBqZv_M4LaHzoydid57q3E1U1iwlxRJ_AqWM_AxwsMhfwKpgQw8w6ZHphtxoh6MN9WeRwQGqaT2Mykib4ZvmNhgIx9EdS0ksDjcnjGBlw0iQDbnS8FRcpkZ1_si9tm71s2vVIzsUlPfPoPNjUIhdBxLUZVugLVl75GUO_UYP4nd2OzGIeIlFv6CYvSWivDYMaVANSm-p0V26dqshtagAn_HYv6f3DuVm3Wr4brDopkf0noLbgesBpdHATYZUzFB4FurGPx-mF7gH31q-1c1PimCFPDa5_xSIMB0J2ANCfjlDdVjP3WNK93qcb96kkSWYcWOL2QS_0jnwuv0Q73RmjUAtlxHDwZs21gbz1XsyIliC6Ckyj1ipcPflskMBUqa8FibKJzoKMghoM0
[warning]	2026-08-21 22:15:06.935971[Thread 0x00007f5fa19dcfc0]:UrlFullPage:  https://www.makeronline.com/en/slicerNext/collAndlike?lang=en_US&prod=1&regionCn=0&isDark=1&account=1&pcid=7DE35F9ECFAD0D749C3926E0964F5A0A
[warning]	2026-08-21 22:15:06.941480[Thread 0x00007f5fa19dcfc0]:UrlFullPage:  https://www.makeronline.com/en/slicerNext/allModel?lang=en_US&prod=1&regionCn=0&isDark=1&account=1&pcid=7DE35F9ECFAD0D749C3926E0964F5A0A
[warning]	2026-08-21 22:15:06.943839[Thread 0x00007f5fa19dcfc0]:+++++++++++++++++operator()
UrlCollLike3:https://www.makeronline.com/en/slicerNext/collAndlike?lang=en_US&prod=1&regionCn=0&isDark=1&account=1&pcid=7DE35F9ECFAD0D749C3926E0964F5A0A
UrlAllModel4:https://www.makeronline.com/en/slicerNext/allModel?lang=en_US&prod=1&regionCn=0&isDark=1&account=1&pcid=7DE35F9ECFAD0D749C3926E0964F5A0A
[warning]	2026-08-21 22:15:06.948239[Thread 0x00007f5fa19dcfc0]:HomePage OnError, Url = https://www.makeronline.com/en/slicerNext/collAndlike?lang=en_US&prod=1&regionCn=0&isDark=1&account=1&pcid=7DE35F9ECFAD0D749C3926E0964F5A0A , Message: Load request cancelled
[warning]	2026-08-21 22:15:06.948274[Thread 0x00007f5fa19dcfc0]:OnError: [wxWEBVIEW_NAV_ERR_OTHER] Load request cancelled
[warning]	2026-08-21 22:15:06.953814[Thread 0x00007f5fa19dcfc0]:UrlFullPage:  https://www.makeronline.com/en/slicerNext/collAndlike?lang=en_US&prod=1&regionCn=0&isDark=1&account=1&pcid=7DE35F9ECFAD0D749C3926E0964F5A0A
[warning]	2026-08-21 22:15:06.955381[Thread 0x00007f5fa19dcfc0]:HomePage OnError, Url = https://www.makeronline.com/en/slicerNext/allModel?lang=en_US&prod=1&regionCn=0&isDark=1&account=1&pcid=7DE35F9ECFAD0D749C3926E0964F5A0A , Message: Load request cancelled
[warning]	2026-08-21 22:15:06.955412[Thread 0x00007f5fa19dcfc0]:OnError: [wxWEBVIEW_NAV_ERR_OTHER] Load request cancelled
[warning]	2026-08-21 22:15:06.961372[Thread 0x00007f5fa19dcfc0]:UrlFullPage:  https://www.makeronline.com/en/slicerNext/allModel?lang=en_US&prod=1&regionCn=0&isDark=1&account=1&pcid=7DE35F9ECFAD0D749C3926E0964F5A0A
[warning]	2026-08-21 22:15:11.949991[Thread 0x00007f5fa19dcfc0]:get_version, get_version not supported,return 00.00.00.00!
[warning]	2026-08-21 22:15:16.274660[Thread 0x00007f5fa19dcfc0]:AnycubicContext::CasdoorLogin Accpet to open the login
[warning]	2026-08-21 22:15:16.575777[Thread 0x00007f5fa19dcfc0]:10:15:16 PM: Using fixed edge version
[warning]	2026-08-21 22:15:16.937159[Thread 0x00007f5fa19dcfc0]:10:15:16 PM: webkit2 2.52.5
[warning]	2026-08-21 22:15:16.937258[Thread 0x00007f5fa19dcfc0]:10:15:16 PM: Backend: wxWebViewWebKit Version: webkit2 2.52.5
[warning]	2026-08-21 22:15:20.233239[Thread 0x00007f5fa19dcfc0]:10:15:20 PM: User Agent: true
[warning]	2026-08-21 22:15:37.542714[Thread 0x00007f5fa19dcfc0]:OnNavigationRequest: code = b8011f7597471702f03b
[warning]	2026-08-21 22:15:37.542767[Thread 0x00007f5fa19dcfc0]:AnycubicContext::getAccessToken, code = b8011f7597471702f03b
[warning]	2026-08-21 22:15:38.122171[Thread 0x00007f5f033eb6c0]:AnycubicContext::login, accessToken = eyJhbGciOiJSUzI1NiIsImtpZCI6ImFjX2FwcF9jcnQiLCJ0eXAiOiJKV1QifQ.eyJpZCI6IjYyNWU1ZGZhLTIyOTQtNDNiYy1iYzUyLTdmZjk1YjlmOGY5NSIsImVtYWlsIjoic3RlZmFuQHN0ZWZhbmp1bmsuY29tIiwicGhvbmUiOiIiLCJlbWFpbF92ZXJpZmllZCI6dHJ1ZSwidG9rZW5UeXBlIjoiYWNjZXNzLXRva2VuIiwic2NvcGUiOiJyZWFkIiwiaXNzIjoiaHR0cHM6Ly91Yy5tYWtlcm9ubGluZS5jb20iLCJzdWIiOiI2MjVlNWRmYS0yMjk0LTQzYmMtYmM1Mi03ZmY5NWI5ZjhmOTUiLCJhdWQiOlsiYjI2OWEzMTM2ZDI2YWM2NDg4YmIiXSwiZXhwIjoxNzk1MTE5MzM3LCJuYmYiOjE3ODczNDMzMzcsImlhdCI6MTc4NzM0MzMzNywianRpIjoiYWRtaW4vZGUyMGYzNjQtMTE3YS00NzE1LWJhNzktMDRlOTc4YzUxMjBlIn0.WIZm96D03mYHwWr7tioqsy7fREVo6uGUgLH0KKaY_Zq1GzScecSAc5Uq6JarkmQLPKdeqipIFMwb8vbPTaFMrIXXRDE1cFOygEQgw0DS9d3SB39NrUljzj2eGRXChH4x_807PFLeC_xUm0uFiwUEjQ3g_dHHR8CxmnXCE87cgmKMlzE0y7JeypzWFfWsSY4xFmz8lwtXKkt4Leygx1ht4QfIy77RPJ5Of55kkii88FNEe5DZNN5giNGQReBNRqvDFJRVvigJhNTVRIJPMZYgJX15LWDOkog6jx8eBA4Dypf8dKoNl3kqb327kAj3m2MDa2_DrbqZdW5kv5wuAW1XBRHZ8ssiF2jqYrJTZlJzKSCicc-ewAbU34QkZctaYXeYxsMyOJSLbSzY7J0hSCVoPGXcPJB1qS98fjdlThLj3-PzjSUhNRVoGDtiaQ-OOfFrktdFIatR5s-z2vsSlPRXhcgrE79Vgv5cp3x7KXiDavM69BAG6BUEo454P-m2Anf5f8Khfqrvk5R_5KrIs4kpZlELlzCdmT9wgX6YrUgfpHb1Ys87rszMtLV_ETEmyefG_QX6pW-FG8TwI3_U8IuHQRRusP5SgSZh2ztqNLYVQSsrb0Yk0ZCuF0v-1iJ2jUzGlJZXbw8tLv71HZK3kZIzOuqIy6dXFDRnc9F0zofCQXc
[warning]	2026-08-21 22:15:38.773038[Thread 0x00007f5fa19dcfc0]:Preset already present, not loading: SUNLU PLA High Speed @Anycubic Kobra 3 Max 0.8 nozzle
[warning]	2026-08-21 22:15:38.773063[Thread 0x00007f5fa19dcfc0]:Preset already present, not loading: SUNLU PLA High Speed @Anycubic Kobra 3 Max 0.6 nozzle
[warning]	2026-08-21 22:15:38.773068[Thread 0x00007f5fa19dcfc0]:Preset already present, not loading: SUNLU PLA High Speed @Anycubic Kobra 3 Max 0.4 nozzle
[warning]	2026-08-21 22:15:38.773074[Thread 0x00007f5fa19dcfc0]:Preset already present, not loading: GEEETECH TPU Blue @Anycubic Kobra 3 Max 0.8 nozzle
[warning]	2026-08-21 22:15:38.773085[Thread 0x00007f5fa19dcfc0]:Preset already present, not loading: GEEETECH TPU Blue @Anycubic Kobra 3 Max 0.6 nozzle
[warning]	2026-08-21 22:15:38.773089[Thread 0x00007f5fa19dcfc0]:Preset already present, not loading: SUNLU PLA High Speed New @Anycubic Kobra 3 Max 0.4 nozzle
[warning]	2026-08-21 22:15:38.773093[Thread 0x00007f5fa19dcfc0]:Preset already present, not loading: SUNLU TPU 95A Green @Anycubic Kobra 3 Max 0.8 nozzle
[warning]	2026-08-21 22:15:38.773097[Thread 0x00007f5fa19dcfc0]:Preset already present, not loading: SUNLU TPU 95A Green @Anycubic Kobra 3 Max 0.6 nozzle
[warning]	2026-08-21 22:15:38.773101[Thread 0x00007f5fa19dcfc0]:Preset already present, not loading: SUNLU TPU 95A Green @Anycubic Kobra 3 Max 0.4 nozzle
[warning]	2026-08-21 22:15:38.773105[Thread 0x00007f5fa19dcfc0]:Preset already present, not loading: GRATKIT PLA Silk Blue-Purple-Black @Anycubic Kobra 3 Max 0.6 nozzle
[warning]	2026-08-21 22:15:38.773109[Thread 0x00007f5fa19dcfc0]:Preset already present, not loading: GRATKIT PLA Silk Blue-Purple-Black @Anycubic Kobra 3 Max 0.8 nozzle
[warning]	2026-08-21 22:15:38.773113[Thread 0x00007f5fa19dcfc0]:Preset already present, not loading: GRATKIT PLA Silk Blue-Purple-Black @Anycubic Kobra 3 Max 0.4 nozzle
[warning]	2026-08-21 22:15:38.773117[Thread 0x00007f5fa19dcfc0]:Preset already present, not loading: EONO PLA Silk Red-Gold-Blue @Anycubic Kobra 3 Max 0.8 nozzle
[warning]	2026-08-21 22:15:38.773121[Thread 0x00007f5fa19dcfc0]:Preset already present, not loading: EONO PLA Silk Red-Gold-Blue @Anycubic Kobra 3 Max 0.6 nozzle
[warning]	2026-08-21 22:15:38.773125[Thread 0x00007f5fa19dcfc0]:Preset already present, not loading: EONO PLA Silk Red-Gold-Blue @Anycubic Kobra 3 Max 0.4 nozzle
[warning]	2026-08-21 22:15:38.773129[Thread 0x00007f5fa19dcfc0]:Preset already present, not loading: GEEETECH TPU 95A @Anycubic Kobra 3 Max 0.8 nozzle
[warning]	2026-08-21 22:15:38.773132[Thread 0x00007f5fa19dcfc0]:Preset already present, not loading: GEEETECH TPU 95A @Anycubic Kobra 3 Max 0.6 nozzle
[warning]	2026-08-21 22:15:38.773136[Thread 0x00007f5fa19dcfc0]:Preset already present, not loading: GEEETECH TPU 95A @Anycubic Kobra 3 Max 0.4 nozzle
[warning]	2026-08-21 22:15:38.773140[Thread 0x00007f5fa19dcfc0]:Preset already present, not loading: ELEGOO PETG Rapid @Anycubic Kobra 3 Max 0.8 nozzle
[warning]	2026-08-21 22:15:38.773144[Thread 0x00007f5fa19dcfc0]:Preset already present, not loading: ELEGOO PETG Rapid @Anycubic Kobra 3 Max 0.6 nozzle
[warning]	2026-08-21 22:15:38.773148[Thread 0x00007f5fa19dcfc0]:Preset already present, not loading: ELEGOO PETG Rapid @Anycubic Kobra 3 Max 0.4 nozzle
[error]	2026-08-21 22:16:00.405440[Thread 0x00007f5fa19dcfc0]:calc_exclude_triangles:Unable to create exclude triangles
[error]	2026-08-21 22:16:32.005120[Thread 0x00007f5fa19dcfc0]:calc_exclude_triangles:Unable to create exclude triangles
[error]	2026-08-21 22:16:32.774764[Thread 0x00007f5fa19dcfc0]:calc_exclude_triangles:Unable to create exclude triangles
[error]	2026-08-21 22:16:54.207453[Thread 0x00007f5fa19dcfc0]:calc_exclude_triangles:Unable to create exclude triangles
[error]	2026-08-21 22:16:56.227101[Thread 0x00007f5fa19dcfc0]:calc_exclude_triangles:Unable to create exclude triangles
[warning]	2026-08-21 22:16:56.246510[Thread 0x00007f5fa19dcfc0]:validate_preset: preset_name ELEGOO PETG Rapid @Anycubic Kobra 3 Max 0.4 nozzle, no inherit, set to not found
[warning]	2026-08-21 22:16:56.246539[Thread 0x00007f5fa19dcfc0]:validate_presets:file_name DRAFT-R1.4-procedural-steel-assembly.3mf, found the filament 1 preset not inherit from system
[warning]	2026-08-21 22:16:56.246549[Thread 0x00007f5fa19dcfc0]:validate_presets:file_name DRAFT-R1.4-procedural-steel-assembly.3mf, found self defined presets, count 1
[error]	2026-08-21 22:17:00.499620[Thread 0x00007f5fa19dcfc0]:tree_sel_change_delayedcan not find page with current selection 
[error]	2026-08-21 22:17:13.140618[Thread 0x00007f5fa19dcfc0]:tree_sel_change_delayedcan not find page with current selection 
[warning]	2026-08-21 22:17:35.491404[Thread 0x00007f5fa19dcfc0]:462 @ OnExitByGui
[warning]	2026-08-21 22:17:35.729418[Thread 0x00007f5fa19dcfc0]:~WebViewPanel Start
[warning]	2026-08-21 22:17:35.761859[Thread 0x00007f5fa19dcfc0]:~WebViewPanel End
[warning]	2026-08-21 22:17:35.762321[Thread 0x00007f5fa19dcfc0]:~WorkbenchPanel
[warning]	2026-08-21 22:17:35.763948[Thread 0x00007f5fa19dcfc0]:WorkbenchPanel destroyed0x557f7d1bbea0
[warning]	2026-08-21 22:17:35.983804[Thread 0x00007f5fa19dcfc0]:347 @ OnExitByApp
[warning]	2026-08-21 22:17:35.983845[Thread 0x00007f5fa19dcfc0]:312 @ ~AnycubicContext
