202608212219 MainApp warning 18168 GUI_App.cpp:2335 22:19:27: Error: Failed to add custom font "/opt/AnycubicSlicerNext/share/resources/fonts/HarmonyOS_Sans_SC_Bold.ttf".
202608212219 MainApp warning 18168 GUI_App.cpp:2335 22:19:27: Error: Failed to add custom font "/opt/AnycubicSlicerNext/share/resources/fonts/HarmonyOS_Sans_SC_Regular.ttf".
202608212219 MainApp warning 18168 GUI_App.cpp:2335 22:19:27: Error: Failed to add custom font "/opt/AnycubicSlicerNext/share/resources/fonts/NanumGothic-Regular.ttf".
202608212219 MainApp warning 18168 GUI_App.cpp:2335 22:19:27: Error: Failed to add custom font "/opt/AnycubicSlicerNext/share/resources/fonts/NanumGothic-Bold.ttf".
202608212219 MainApp warning 18168 GUI_App.cpp:2335 10:19:29 PM: Using fixed edge version
202608212219 MainApp warning 18168 GUI_App.cpp:2335 10:19:29 PM: Using fixed edge version
202608212219 MainApp warning 18168 GUI_App.cpp:2335 10:19:29 PM: Using fixed edge version
202608212219 MainApp warning 18168 GUI_App.cpp:2335 10:19:29 PM: Using fixed edge version
202608212219 MainApp warning 18168 GUI_App.cpp:2335 10:19:30 PM: Using fixed edge version
202608212219 MainApp warning 18168 GUI_App.cpp:2335 10:19:30 PM: Error: Directory '/opt/AnycubicSlicerNext/share/resources/report' couldn't be created (error 13: Permission denied)
202608212219 MainApp warning 18168 GUI_App.cpp:2335 10:19:36 PM: Using fixed edge version
202608212219 MainApp warning 18168 GUI_App.cpp:2335 10:19:36 PM: webkit2 2.52.5
202608212219 MainApp warning 18168 GUI_App.cpp:2335 10:19:36 PM: Backend: wxWebViewWebKit Version: webkit2 2.52.5
202608212219 MainApp warning 18168 GUI_App.cpp:2335 10:19:37 PM: User Agent: true
202608212220 MainApp warning 18168 GUI_App.cpp:2335 10:20:30 PM: Using fixed edge version
202608212220 MainApp warning 18168 GUI_App.cpp:2335 10:20:30 PM: webkit2 2.52.5
202608212220 MainApp warning 18168 GUI_App.cpp:2335 10:20:30 PM: Backend: wxWebViewWebKit Version: webkit2 2.52.5
202608212220 MainApp warning 18168 GUI_App.cpp:2335 10:20:31 PM: User Agent: true
202608212222 MainApp warning 18168 GUI_App.cpp:2335 10:22:33 PM: Using fixed edge version
202608212222 MainApp warning 18168 GUI_App.cpp:2335 10:22:33 PM: webkit2 2.52.5
202608212222 MainApp warning 18168 GUI_App.cpp:2335 10:22:33 PM: Backend: wxWebViewWebKit Version: webkit2 2.52.5
202608212222 MainApp warning 18168 GUI_App.cpp:2335 10:22:34 PM: User Agent: true
