CGAL Cache insert: union(){cylinder($fn=96,$fa=12,$fs=2,h=3 (553808 bytes)
CGAL Cache insert: intersection(){union(){cylinder($fn=96,$ (282832 bytes)
CGAL Cache insert: difference(){intersection(){union(){cyli (377872 bytes)
CGAL Cache hit: difference(){intersection(){union(){cyli (377872 bytes)
CGAL Cache hit: difference(){intersection(){union(){cyli (377872 bytes)
CGAL Cache hit: difference(){intersection(){union(){cyli (377872 bytes)
CGAL Cache hit: difference(){intersection(){union(){cyli (377872 bytes)
CGAL Cache hit: difference(){intersection(){union(){cyli (377872 bytes)
CGAL Cache hit: difference(){intersection(){union(){cyli (377872 bytes)
CGAL Cache hit: difference(){intersection(){union(){cyli (377872 bytes)
CGAL Cache hit: difference(){intersection(){union(){cyli (377872 bytes)
CGAL Cache hit: difference(){intersection(){union(){cyli (377872 bytes)
CGAL Cache hit: difference(){intersection(){union(){cyli (377872 bytes)
CGAL Cache hit: difference(){intersection(){union(){cyli (377872 bytes)
CGAL Cache hit: difference(){intersection(){union(){cyli (377872 bytes)
CGAL Cache hit: difference(){intersection(){union(){cyli (377872 bytes)
CGAL Cache hit: difference(){intersection(){union(){cyli (377872 bytes)
CGAL Cache hit: difference(){intersection(){union(){cyli (377872 bytes)
CGAL Cache hit: difference(){intersection(){union(){cyli (377872 bytes)
CGAL Cache hit: difference(){intersection(){union(){cyli (377872 bytes)
CGAL Cache hit: difference(){intersection(){union(){cyli (377872 bytes)
CGAL Cache hit: difference(){intersection(){union(){cyli (377872 bytes)
CGAL Cache hit: difference(){intersection(){union(){cyli (377872 bytes)
CGAL Cache hit: difference(){intersection(){union(){cyli (377872 bytes)
Geometries in cache: 7
Geometry cache size in bytes: 62120
CGAL Polyhedrons in cache: 3
CGAL cache size in bytes: 1214512
Total rendering time: 0:00:00.726
   Top level object is a 3D object:
   Simple:        yes
   Vertices:      262
   Halfedges:     786
   Edges:         393
   Halffacets:    266
   Facets:        133
   Volumes:         2
