CGAL Cache insert: difference(){linear_extrude(height=4,cen (115920 bytes)
CGAL Cache hit: difference(){linear_extrude(height=4,cen (115920 bytes)
CGAL Cache hit: difference(){linear_extrude(height=4,cen (115920 bytes)
CGAL Cache hit: difference(){linear_extrude(height=4,cen (115920 bytes)
CGAL Cache hit: difference(){linear_extrude(height=4,cen (115920 bytes)
CGAL Cache hit: difference(){linear_extrude(height=4,cen (115920 bytes)
CGAL Cache hit: difference(){linear_extrude(height=4,cen (115920 bytes)
CGAL Cache hit: difference(){linear_extrude(height=4,cen (115920 bytes)
CGAL Cache hit: difference(){linear_extrude(height=4,cen (115920 bytes)
CGAL Cache hit: difference(){linear_extrude(height=4,cen (115920 bytes)
CGAL Cache hit: difference(){linear_extrude(height=4,cen (115920 bytes)
CGAL Cache hit: difference(){linear_extrude(height=4,cen (115920 bytes)
CGAL Cache hit: difference(){linear_extrude(height=4,cen (115920 bytes)
CGAL Cache hit: difference(){linear_extrude(height=4,cen (115920 bytes)
CGAL Cache hit: difference(){linear_extrude(height=4,cen (115920 bytes)
CGAL Cache hit: difference(){linear_extrude(height=4,cen (115920 bytes)
CGAL Cache hit: difference(){linear_extrude(height=4,cen (115920 bytes)
CGAL Cache hit: difference(){linear_extrude(height=4,cen (115920 bytes)
CGAL Cache hit: difference(){linear_extrude(height=4,cen (115920 bytes)
CGAL Cache hit: difference(){linear_extrude(height=4,cen (115920 bytes)
CGAL Cache hit: difference(){linear_extrude(height=4,cen (115920 bytes)
CGAL Cache hit: difference(){linear_extrude(height=4,cen (115920 bytes)
CGAL Cache hit: difference(){linear_extrude(height=4,cen (115920 bytes)
CGAL Cache hit: difference(){linear_extrude(height=4,cen (115920 bytes)
CGAL Cache hit: difference(){linear_extrude(height=4,cen (115920 bytes)
CGAL Cache hit: difference(){linear_extrude(height=4,cen (115920 bytes)
Geometries in cache: 10
Geometry cache size in bytes: 17528
CGAL Polyhedrons in cache: 1
CGAL cache size in bytes: 115920
Total rendering time: 0:00:00.021
   Top level object is a 3D object:
   Simple:        yes
   Vertices:       80
   Halfedges:     240
   Edges:         120
   Halffacets:     84
   Facets:         42
   Volumes:         2
