CGAL Cache insert: group(){multmatrix([[1,0,0,14],[0,1,0,16 (277568 bytes)
CGAL Cache insert: group(){multmatrix([[1,0,0,3.2],[0,1,0,2 (185408 bytes)
CGAL Cache insert: difference(){linear_extrude(height=13.5, (785104 bytes)
CGAL Cache hit: difference(){linear_extrude(height=13.5, (785104 bytes)
CGAL Cache hit: difference(){linear_extrude(height=13.5, (785104 bytes)
CGAL Cache hit: difference(){linear_extrude(height=13.5, (785104 bytes)
CGAL Cache hit: difference(){linear_extrude(height=13.5, (785104 bytes)
CGAL Cache hit: difference(){linear_extrude(height=13.5, (785104 bytes)
CGAL Cache hit: difference(){linear_extrude(height=13.5, (785104 bytes)
CGAL Cache hit: difference(){linear_extrude(height=13.5, (785104 bytes)
CGAL Cache hit: difference(){linear_extrude(height=13.5, (785104 bytes)
CGAL Cache hit: difference(){linear_extrude(height=13.5, (785104 bytes)
CGAL Cache hit: difference(){linear_extrude(height=13.5, (785104 bytes)
CGAL Cache hit: difference(){linear_extrude(height=13.5, (785104 bytes)
CGAL Cache hit: difference(){linear_extrude(height=13.5, (785104 bytes)
CGAL Cache hit: difference(){linear_extrude(height=13.5, (785104 bytes)
CGAL Cache hit: difference(){linear_extrude(height=13.5, (785104 bytes)
CGAL Cache hit: difference(){linear_extrude(height=13.5, (785104 bytes)
CGAL Cache hit: difference(){linear_extrude(height=13.5, (785104 bytes)
CGAL Cache hit: difference(){linear_extrude(height=13.5, (785104 bytes)
CGAL Cache hit: difference(){linear_extrude(height=13.5, (785104 bytes)
CGAL Cache hit: difference(){linear_extrude(height=13.5, (785104 bytes)
CGAL Cache hit: difference(){linear_extrude(height=13.5, (785104 bytes)
CGAL Cache hit: difference(){linear_extrude(height=13.5, (785104 bytes)
CGAL Cache hit: difference(){linear_extrude(height=13.5, (785104 bytes)
CGAL Cache hit: difference(){linear_extrude(height=13.5, (785104 bytes)
CGAL Cache hit: difference(){linear_extrude(height=13.5, (785104 bytes)
CGAL Cache hit: difference(){linear_extrude(height=13.5, (785104 bytes)
CGAL Cache hit: difference(){linear_extrude(height=13.5, (785104 bytes)
Geometries in cache: 18
Geometry cache size in bytes: 74040
CGAL Polyhedrons in cache: 3
CGAL cache size in bytes: 1248080
Total rendering time: 0:00:00.939
   Top level object is a 3D object:
   Simple:        yes
   Vertices:      544
   Halfedges:    1632
   Edges:         816
   Halffacets:    554
   Facets:        277
   Volumes:         2
