CGAL Cache insert: difference(){linear_extrude(height=15.8, (312144 bytes)
CGAL Cache insert: group(){multmatrix([[1,0,0,5.25],[0,1,0, (231488 bytes)
CGAL Cache insert: union(){difference(){linear_extrude(heig (6876208 bytes)
CGAL Cache insert: group(){multmatrix([[1,0,0,5.25],[0,1,0, (185408 bytes)
CGAL Cache insert: group(){multmatrix([[1,0,0,9.05],[0,1,0, (48160 bytes)
CGAL Cache insert: difference(){union(){difference(){linear (7124144 bytes)
CGAL Cache hit: difference(){union(){difference(){linear (7124144 bytes)
CGAL Cache hit: difference(){union(){difference(){linear (7124144 bytes)
CGAL Cache hit: difference(){union(){difference(){linear (7124144 bytes)
CGAL Cache hit: difference(){union(){difference(){linear (7124144 bytes)
CGAL Cache hit: difference(){union(){difference(){linear (7124144 bytes)
CGAL Cache hit: difference(){union(){difference(){linear (7124144 bytes)
CGAL Cache hit: difference(){union(){difference(){linear (7124144 bytes)
CGAL Cache hit: difference(){union(){difference(){linear (7124144 bytes)
CGAL Cache hit: difference(){union(){difference(){linear (7124144 bytes)
CGAL Cache hit: difference(){union(){difference(){linear (7124144 bytes)
CGAL Cache hit: difference(){union(){difference(){linear (7124144 bytes)
CGAL Cache hit: difference(){union(){difference(){linear (7124144 bytes)
CGAL Cache hit: difference(){union(){difference(){linear (7124144 bytes)
CGAL Cache hit: difference(){union(){difference(){linear (7124144 bytes)
CGAL Cache hit: difference(){union(){difference(){linear (7124144 bytes)
CGAL Cache hit: difference(){union(){difference(){linear (7124144 bytes)
CGAL Cache hit: difference(){union(){difference(){linear (7124144 bytes)
CGAL Cache hit: difference(){union(){difference(){linear (7124144 bytes)
CGAL Cache hit: difference(){union(){difference(){linear (7124144 bytes)
CGAL Cache hit: difference(){union(){difference(){linear (7124144 bytes)
CGAL Cache hit: difference(){union(){difference(){linear (7124144 bytes)
CGAL Cache hit: difference(){union(){difference(){linear (7124144 bytes)
CGAL Cache hit: difference(){union(){difference(){linear (7124144 bytes)
CGAL Cache hit: difference(){union(){difference(){linear (7124144 bytes)
CGAL Cache hit: difference(){union(){difference(){linear (7124144 bytes)
CGAL Cache hit: difference(){union(){difference(){linear (7124144 bytes)
CGAL Cache hit: difference(){union(){difference(){linear (7124144 bytes)
Geometries in cache: 43
Geometry cache size in bytes: 852896
CGAL Polyhedrons in cache: 6
CGAL cache size in bytes: 14777552
Total rendering time: 0:00:03.917
   Top level object is a 3D object:
   Simple:        yes
   Vertices:     3022
   Halfedges:   15480
   Edges:        7740
   Halffacets:   9442
   Facets:       4721
   Volumes:         2
