CGAL Cache insert: group(){multmatrix([[1,0,0,7],[0,1,0,7], (370720 bytes)
CGAL Cache insert: difference(){linear_extrude(height=3,cen (577232 bytes)
CGAL Cache hit: difference(){linear_extrude(height=3,cen (577232 bytes)
CGAL Cache hit: difference(){linear_extrude(height=3,cen (577232 bytes)
CGAL Cache hit: difference(){linear_extrude(height=3,cen (577232 bytes)
CGAL Cache hit: difference(){linear_extrude(height=3,cen (577232 bytes)
CGAL Cache hit: difference(){linear_extrude(height=3,cen (577232 bytes)
CGAL Cache hit: difference(){linear_extrude(height=3,cen (577232 bytes)
CGAL Cache hit: difference(){linear_extrude(height=3,cen (577232 bytes)
CGAL Cache hit: difference(){linear_extrude(height=3,cen (577232 bytes)
CGAL Cache hit: difference(){linear_extrude(height=3,cen (577232 bytes)
CGAL Cache hit: difference(){linear_extrude(height=3,cen (577232 bytes)
CGAL Cache hit: difference(){linear_extrude(height=3,cen (577232 bytes)
CGAL Cache hit: difference(){linear_extrude(height=3,cen (577232 bytes)
CGAL Cache hit: difference(){linear_extrude(height=3,cen (577232 bytes)
CGAL Cache hit: difference(){linear_extrude(height=3,cen (577232 bytes)
CGAL Cache hit: difference(){linear_extrude(height=3,cen (577232 bytes)
CGAL Cache hit: difference(){linear_extrude(height=3,cen (577232 bytes)
CGAL Cache hit: difference(){linear_extrude(height=3,cen (577232 bytes)
CGAL Cache hit: difference(){linear_extrude(height=3,cen (577232 bytes)
CGAL Cache hit: difference(){linear_extrude(height=3,cen (577232 bytes)
CGAL Cache hit: difference(){linear_extrude(height=3,cen (577232 bytes)
CGAL Cache hit: difference(){linear_extrude(height=3,cen (577232 bytes)
CGAL Cache hit: difference(){linear_extrude(height=3,cen (577232 bytes)
CGAL Cache hit: difference(){linear_extrude(height=3,cen (577232 bytes)
CGAL Cache hit: difference(){linear_extrude(height=3,cen (577232 bytes)
CGAL Cache hit: difference(){linear_extrude(height=3,cen (577232 bytes)
CGAL Cache hit: difference(){linear_extrude(height=3,cen (577232 bytes)
CGAL Cache hit: difference(){linear_extrude(height=3,cen (577232 bytes)
CGAL Cache hit: difference(){linear_extrude(height=3,cen (577232 bytes)
CGAL Cache hit: difference(){linear_extrude(height=3,cen (577232 bytes)
CGAL Cache hit: difference(){linear_extrude(height=3,cen (577232 bytes)
CGAL Cache hit: difference(){linear_extrude(height=3,cen (577232 bytes)
Geometries in cache: 22
Geometry cache size in bytes: 66176
CGAL Polyhedrons in cache: 2
CGAL cache size in bytes: 947952
Total rendering time: 0:00:00.284
   Top level object is a 3D object:
   Simple:        yes
   Vertices:      400
   Halfedges:    1200
   Edges:         600
   Halffacets:    404
   Facets:        202
   Volumes:         2
