CGAL Cache insert: difference(){cylinder($fn=72,$fa=12,$fs= (5293168 bytes)
CGAL Cache insert: difference(){cylinder($fn=72,$fa=12,$fs= (5294896 bytes)
CGAL Cache insert: difference(){cylinder($fn=72,$fa=12,$fs= (5492896 bytes)
CGAL Cache insert: multmatrix([[1,0,0,15],[0,1,0,15],[0,0,1 (5293168 bytes)
CGAL Cache insert: multmatrix([[1,0,0,41],[0,1,0,15],[0,0,1 (5294896 bytes)
CGAL Cache insert: multmatrix([[1,0,0,67],[0,1,0,15],[0,0,1 (5492896 bytes)
CGAL Cache insert: group(){multmatrix([[1,0,0,15],[0,1,0,15 (16080768 bytes)
CGAL Cache insert: group(){multmatrix([[1,0,0,11],[0,1,0,3] (417792 bytes)
CGAL Cache insert: union(){linear_extrude(height=2,center=f (15242272 bytes)
CGAL Cache insert: difference(){union(){linear_extrude(heig (15242272 bytes)
CGAL Cache hit: difference(){union(){linear_extrude(heig (15242272 bytes)
CGAL Cache hit: difference(){union(){linear_extrude(heig (15242272 bytes)
CGAL Cache hit: difference(){union(){linear_extrude(heig (15242272 bytes)
CGAL Cache hit: difference(){union(){linear_extrude(heig (15242272 bytes)
CGAL Cache hit: difference(){union(){linear_extrude(heig (15242272 bytes)
CGAL Cache hit: difference(){union(){linear_extrude(heig (15242272 bytes)
CGAL Cache hit: difference(){union(){linear_extrude(heig (15242272 bytes)
CGAL Cache hit: difference(){union(){linear_extrude(heig (15242272 bytes)
CGAL Cache hit: difference(){union(){linear_extrude(heig (15242272 bytes)
CGAL Cache hit: difference(){union(){linear_extrude(heig (15242272 bytes)
CGAL Cache hit: difference(){union(){linear_extrude(heig (15242272 bytes)
CGAL Cache hit: difference(){union(){linear_extrude(heig (15242272 bytes)
CGAL Cache hit: difference(){union(){linear_extrude(heig (15242272 bytes)
CGAL Cache hit: difference(){union(){linear_extrude(heig (15242272 bytes)
CGAL Cache hit: difference(){union(){linear_extrude(heig (15242272 bytes)
CGAL Cache hit: difference(){union(){linear_extrude(heig (15242272 bytes)
CGAL Cache hit: difference(){union(){linear_extrude(heig (15242272 bytes)
CGAL Cache hit: difference(){union(){linear_extrude(heig (15242272 bytes)
CGAL Cache hit: difference(){union(){linear_extrude(heig (15242272 bytes)
CGAL Cache hit: difference(){union(){linear_extrude(heig (15242272 bytes)
CGAL Cache hit: difference(){union(){linear_extrude(heig (15242272 bytes)
CGAL Cache hit: difference(){union(){linear_extrude(heig (15242272 bytes)
CGAL Cache hit: difference(){union(){linear_extrude(heig (15242272 bytes)
CGAL Cache hit: difference(){union(){linear_extrude(heig (15242272 bytes)
CGAL Cache hit: difference(){union(){linear_extrude(heig (15242272 bytes)
CGAL Cache hit: difference(){union(){linear_extrude(heig (15242272 bytes)
CGAL Cache hit: difference(){union(){linear_extrude(heig (15242272 bytes)
CGAL Cache hit: difference(){union(){linear_extrude(heig (15242272 bytes)
CGAL Cache hit: difference(){union(){linear_extrude(heig (15242272 bytes)
CGAL Cache hit: difference(){union(){linear_extrude(heig (15242272 bytes)
Geometries in cache: 26
Geometry cache size in bytes: 2266360
CGAL Polyhedrons in cache: 10
CGAL cache size in bytes: 79145024
Total rendering time: 0:00:14.842
   Top level object is a 3D object:
   Simple:        yes
   Vertices:     6583
   Halfedges:   33082
   Edges:       16541
   Halffacets:  19938
   Facets:       9969
   Volumes:         2
