CGAL Cache insert: union(){cube(size=[55,55,4],center=false (29392 bytes)
CGAL Cache insert: group(){multmatrix([[1,0,0,16],[0,1,0,34 (554544 bytes)
CGAL Cache insert: group(){multmatrix([[1,0,0,16],[0,1,0,0] (554544 bytes)
CGAL Cache insert: group(){multmatrix([[1,0,0,0],[0,1,0,16] (554544 bytes)
CGAL Cache insert: difference(){union(){cube(size=[55,55,4] (1689424 bytes)
CGAL Cache hit: difference(){union(){cube(size=[55,55,4] (1689424 bytes)
CGAL Cache hit: difference(){union(){cube(size=[55,55,4] (1689424 bytes)
CGAL Cache hit: difference(){union(){cube(size=[55,55,4] (1689424 bytes)
CGAL Cache hit: difference(){union(){cube(size=[55,55,4] (1689424 bytes)
CGAL Cache hit: difference(){union(){cube(size=[55,55,4] (1689424 bytes)
CGAL Cache hit: difference(){union(){cube(size=[55,55,4] (1689424 bytes)
CGAL Cache hit: difference(){union(){cube(size=[55,55,4] (1689424 bytes)
CGAL Cache hit: difference(){union(){cube(size=[55,55,4] (1689424 bytes)
CGAL Cache hit: difference(){union(){cube(size=[55,55,4] (1689424 bytes)
Geometries in cache: 17
Geometry cache size in bytes: 124696
CGAL Polyhedrons in cache: 5
CGAL cache size in bytes: 3382448
Total rendering time: 0:00:01.614
   Top level object is a 3D object:
   Simple:        yes
   Vertices:     1172
   Halfedges:    3516
   Edges:        1758
   Halffacets:   1176
   Facets:        588
   Volumes:         2
