CGAL Cache insert: group(){multmatrix([[1,0,0,13],[0,1,0,13 (555040 bytes)
CGAL Cache insert: union(){cube(size=[170,170,2.6],center=f (577616 bytes)
CGAL Cache insert: group(){multmatrix([[1,0,0,13],[0,1,0,13 (416800 bytes)
CGAL Cache insert: difference(){union(){cube(size=[170,170, (992848 bytes)
CGAL Cache hit: difference(){union(){cube(size=[170,170, (992848 bytes)
CGAL Cache hit: difference(){union(){cube(size=[170,170, (992848 bytes)
CGAL Cache hit: difference(){union(){cube(size=[170,170, (992848 bytes)
CGAL Cache hit: difference(){union(){cube(size=[170,170, (992848 bytes)
CGAL Cache hit: difference(){union(){cube(size=[170,170, (992848 bytes)
CGAL Cache hit: difference(){union(){cube(size=[170,170, (992848 bytes)
CGAL Cache hit: difference(){union(){cube(size=[170,170, (992848 bytes)
CGAL Cache hit: difference(){union(){cube(size=[170,170, (992848 bytes)
CGAL Cache hit: difference(){union(){cube(size=[170,170, (992848 bytes)
CGAL Cache hit: difference(){union(){cube(size=[170,170, (992848 bytes)
CGAL Cache hit: difference(){union(){cube(size=[170,170, (992848 bytes)
CGAL Cache hit: difference(){union(){cube(size=[170,170, (992848 bytes)
CGAL Cache hit: difference(){union(){cube(size=[170,170, (992848 bytes)
CGAL Cache hit: difference(){union(){cube(size=[170,170, (992848 bytes)
CGAL Cache hit: difference(){union(){cube(size=[170,170, (992848 bytes)
CGAL Cache hit: difference(){union(){cube(size=[170,170, (992848 bytes)
CGAL Cache hit: difference(){union(){cube(size=[170,170, (992848 bytes)
CGAL Cache hit: difference(){union(){cube(size=[170,170, (992848 bytes)
CGAL Cache hit: difference(){union(){cube(size=[170,170, (992848 bytes)
CGAL Cache hit: difference(){union(){cube(size=[170,170, (992848 bytes)
CGAL Cache hit: difference(){union(){cube(size=[170,170, (992848 bytes)
CGAL Cache hit: difference(){union(){cube(size=[170,170, (992848 bytes)
CGAL Cache hit: difference(){union(){cube(size=[170,170, (992848 bytes)
CGAL Cache hit: difference(){union(){cube(size=[170,170, (992848 bytes)
CGAL Cache hit: difference(){union(){cube(size=[170,170, (992848 bytes)
CGAL Cache hit: difference(){union(){cube(size=[170,170, (992848 bytes)
CGAL Cache hit: difference(){union(){cube(size=[170,170, (992848 bytes)
CGAL Cache hit: difference(){union(){cube(size=[170,170, (992848 bytes)
CGAL Cache hit: difference(){union(){cube(size=[170,170, (992848 bytes)
CGAL Cache hit: difference(){union(){cube(size=[170,170, (992848 bytes)
CGAL Cache hit: difference(){union(){cube(size=[170,170, (992848 bytes)
CGAL Cache hit: difference(){union(){cube(size=[170,170, (992848 bytes)
CGAL Cache hit: difference(){union(){cube(size=[170,170, (992848 bytes)
CGAL Cache hit: difference(){union(){cube(size=[170,170, (992848 bytes)
CGAL Cache hit: difference(){union(){cube(size=[170,170, (992848 bytes)
CGAL Cache hit: difference(){union(){cube(size=[170,170, (992848 bytes)
Geometries in cache: 16
Geometry cache size in bytes: 66368
CGAL Polyhedrons in cache: 4
CGAL cache size in bytes: 2542304
Total rendering time: 0:00:01.386
   Top level object is a 3D object:
   Simple:        yes
   Vertices:      688
   Halfedges:    2064
   Edges:        1032
   Halffacets:    700
   Facets:        350
   Volumes:         2
