CGAL Cache insert: difference(){cube(size=[120,120,3],cente (23760 bytes)
CGAL Cache insert: union(){difference(){cube(size=[120,120, (101904 bytes)
CGAL Cache insert: group(){multmatrix([[1,0,0,7.5],[0,1,0,7 (739360 bytes)
CGAL Cache insert: difference(){union(){difference(){cube(s (493584 bytes)
CGAL Cache hit: difference(){union(){difference(){cube(s (493584 bytes)
CGAL Cache hit: difference(){union(){difference(){cube(s (493584 bytes)
CGAL Cache hit: difference(){union(){difference(){cube(s (493584 bytes)
CGAL Cache hit: difference(){union(){difference(){cube(s (493584 bytes)
CGAL Cache hit: difference(){union(){difference(){cube(s (493584 bytes)
CGAL Cache hit: difference(){union(){difference(){cube(s (493584 bytes)
CGAL Cache hit: difference(){union(){difference(){cube(s (493584 bytes)
CGAL Cache hit: difference(){union(){difference(){cube(s (493584 bytes)
CGAL Cache hit: difference(){union(){difference(){cube(s (493584 bytes)
CGAL Cache hit: difference(){union(){difference(){cube(s (493584 bytes)
CGAL Cache hit: difference(){union(){difference(){cube(s (493584 bytes)
CGAL Cache hit: difference(){union(){difference(){cube(s (493584 bytes)
CGAL Cache hit: difference(){union(){difference(){cube(s (493584 bytes)
CGAL Cache hit: difference(){union(){difference(){cube(s (493584 bytes)
CGAL Cache hit: difference(){union(){difference(){cube(s (493584 bytes)
CGAL Cache hit: difference(){union(){difference(){cube(s (493584 bytes)
CGAL Cache hit: difference(){union(){difference(){cube(s (493584 bytes)
CGAL Cache hit: difference(){union(){difference(){cube(s (493584 bytes)
CGAL Cache hit: difference(){union(){difference(){cube(s (493584 bytes)
CGAL Cache hit: difference(){union(){difference(){cube(s (493584 bytes)
Geometries in cache: 17
Geometry cache size in bytes: 55576
CGAL Polyhedrons in cache: 4
CGAL cache size in bytes: 1358608
Total rendering time: 0:00:00.732
   Top level object is a 3D object:
   Simple:        yes
   Vertices:      342
   Halfedges:    1026
   Edges:         513
   Halffacets:    346
   Facets:        173
   Volumes:         2
