CGAL Cache insert: union(){multmatrix([[1,0,0,-62.5],[0,1,0 (2199888 bytes)
CGAL Cache insert: group(){multmatrix([[1,0,0,-52.5],[0,1,0 (739360 bytes)
CGAL Cache insert: difference(){union(){multmatrix([[1,0,0, (4154576 bytes)
CGAL Cache hit: difference(){union(){multmatrix([[1,0,0, (4154576 bytes)
CGAL Cache hit: difference(){union(){multmatrix([[1,0,0, (4154576 bytes)
CGAL Cache hit: difference(){union(){multmatrix([[1,0,0, (4154576 bytes)
CGAL Cache hit: difference(){union(){multmatrix([[1,0,0, (4154576 bytes)
CGAL Cache hit: difference(){union(){multmatrix([[1,0,0, (4154576 bytes)
CGAL Cache hit: difference(){union(){multmatrix([[1,0,0, (4154576 bytes)
CGAL Cache hit: difference(){union(){multmatrix([[1,0,0, (4154576 bytes)
CGAL Cache hit: difference(){union(){multmatrix([[1,0,0, (4154576 bytes)
CGAL Cache hit: difference(){union(){multmatrix([[1,0,0, (4154576 bytes)
CGAL Cache hit: difference(){union(){multmatrix([[1,0,0, (4154576 bytes)
CGAL Cache hit: difference(){union(){multmatrix([[1,0,0, (4154576 bytes)
CGAL Cache hit: difference(){union(){multmatrix([[1,0,0, (4154576 bytes)
CGAL Cache hit: difference(){union(){multmatrix([[1,0,0, (4154576 bytes)
CGAL Cache hit: difference(){union(){multmatrix([[1,0,0, (4154576 bytes)
CGAL Cache hit: difference(){union(){multmatrix([[1,0,0, (4154576 bytes)
CGAL Cache hit: difference(){union(){multmatrix([[1,0,0, (4154576 bytes)
CGAL Cache hit: difference(){union(){multmatrix([[1,0,0, (4154576 bytes)
CGAL Cache hit: difference(){union(){multmatrix([[1,0,0, (4154576 bytes)
CGAL Cache hit: difference(){union(){multmatrix([[1,0,0, (4154576 bytes)
Geometries in cache: 20
Geometry cache size in bytes: 314464
CGAL Polyhedrons in cache: 3
CGAL cache size in bytes: 7093824
Total rendering time: 0:00:05.957
   Top level object is a 3D object:
   Simple:        yes
   Vertices:     2696
   Halfedges:    8712
   Edges:        4356
   Halffacets:   3336
   Facets:       1668
   Volumes:         2
