CGAL Cache insert: union(){linear_extrude(height=3,center=f (139344 bytes)
CGAL Cache insert: difference(){union(){linear_extrude(heig (231632 bytes)
CGAL Cache hit: difference(){union(){linear_extrude(heig (231632 bytes)
CGAL Cache hit: difference(){union(){linear_extrude(heig (231632 bytes)
CGAL Cache hit: difference(){union(){linear_extrude(heig (231632 bytes)
CGAL Cache hit: difference(){union(){linear_extrude(heig (231632 bytes)
CGAL Cache hit: difference(){union(){linear_extrude(heig (231632 bytes)
CGAL Cache hit: difference(){union(){linear_extrude(heig (231632 bytes)
CGAL Cache hit: difference(){union(){linear_extrude(heig (231632 bytes)
CGAL Cache hit: difference(){union(){linear_extrude(heig (231632 bytes)
CGAL Cache hit: difference(){union(){linear_extrude(heig (231632 bytes)
CGAL Cache hit: difference(){union(){linear_extrude(heig (231632 bytes)
CGAL Cache hit: difference(){union(){linear_extrude(heig (231632 bytes)
CGAL Cache hit: difference(){union(){linear_extrude(heig (231632 bytes)
CGAL Cache hit: difference(){union(){linear_extrude(heig (231632 bytes)
CGAL Cache hit: difference(){union(){linear_extrude(heig (231632 bytes)
CGAL Cache hit: difference(){union(){linear_extrude(heig (231632 bytes)
CGAL Cache hit: difference(){union(){linear_extrude(heig (231632 bytes)
CGAL Cache hit: difference(){union(){linear_extrude(heig (231632 bytes)
CGAL Cache hit: difference(){union(){linear_extrude(heig (231632 bytes)
CGAL Cache hit: difference(){union(){linear_extrude(heig (231632 bytes)
CGAL Cache hit: difference(){union(){linear_extrude(heig (231632 bytes)
CGAL Cache hit: difference(){union(){linear_extrude(heig (231632 bytes)
CGAL Cache hit: difference(){union(){linear_extrude(heig (231632 bytes)
CGAL Cache hit: difference(){union(){linear_extrude(heig (231632 bytes)
CGAL Cache hit: difference(){union(){linear_extrude(heig (231632 bytes)
CGAL Cache hit: difference(){union(){linear_extrude(heig (231632 bytes)
CGAL Cache hit: difference(){union(){linear_extrude(heig (231632 bytes)
CGAL Cache hit: difference(){union(){linear_extrude(heig (231632 bytes)
CGAL Cache hit: difference(){union(){linear_extrude(heig (231632 bytes)
CGAL Cache hit: difference(){union(){linear_extrude(heig (231632 bytes)
CGAL Cache hit: difference(){union(){linear_extrude(heig (231632 bytes)
CGAL Cache hit: difference(){union(){linear_extrude(heig (231632 bytes)
CGAL Cache hit: difference(){union(){linear_extrude(heig (231632 bytes)
CGAL Cache hit: difference(){union(){linear_extrude(heig (231632 bytes)
CGAL Cache hit: difference(){union(){linear_extrude(heig (231632 bytes)
Geometries in cache: 16
Geometry cache size in bytes: 29960
CGAL Polyhedrons in cache: 2
CGAL cache size in bytes: 370976
Total rendering time: 0:00:00.122
   Top level object is a 3D object:
   Simple:        yes
   Vertices:      160
   Halfedges:     480
   Edges:         240
   Halffacets:    168
   Facets:         84
   Volumes:         2
