CGAL Cache insert: union(){cube(size=[30,18,4],center=false (17872 bytes)
CGAL Cache insert: difference(){union(){cube(size=[30,18,4] (202320 bytes)
CGAL Cache hit: difference(){union(){cube(size=[30,18,4] (202320 bytes)
CGAL Cache hit: difference(){union(){cube(size=[30,18,4] (202320 bytes)
CGAL Cache hit: difference(){union(){cube(size=[30,18,4] (202320 bytes)
CGAL Cache hit: difference(){union(){cube(size=[30,18,4] (202320 bytes)
CGAL Cache hit: difference(){union(){cube(size=[30,18,4] (202320 bytes)
CGAL Cache hit: difference(){union(){cube(size=[30,18,4] (202320 bytes)
CGAL Cache hit: difference(){union(){cube(size=[30,18,4] (202320 bytes)
CGAL Cache hit: difference(){union(){cube(size=[30,18,4] (202320 bytes)
CGAL Cache hit: difference(){union(){cube(size=[30,18,4] (202320 bytes)
CGAL Cache hit: difference(){union(){cube(size=[30,18,4] (202320 bytes)
CGAL Cache hit: difference(){union(){cube(size=[30,18,4] (202320 bytes)
CGAL Cache hit: difference(){union(){cube(size=[30,18,4] (202320 bytes)
CGAL Cache hit: difference(){union(){cube(size=[30,18,4] (202320 bytes)
CGAL Cache hit: difference(){union(){cube(size=[30,18,4] (202320 bytes)
CGAL Cache hit: difference(){union(){cube(size=[30,18,4] (202320 bytes)
Geometries in cache: 6
Geometry cache size in bytes: 30288
CGAL Polyhedrons in cache: 2
CGAL cache size in bytes: 220192
Total rendering time: 0:00:00.058
   Top level object is a 3D object:
   Simple:        yes
   Vertices:      140
   Halfedges:     420
   Edges:         210
   Halffacets:    144
   Facets:         72
   Volumes:         2
