CGAL Cache insert: union(){cube(size=[46,46,4],center=false (23632 bytes)
CGAL Cache insert: group(){multmatrix([[1,0,0,17],[0,1,0,28 (185408 bytes)
CGAL Cache insert: difference(){union(){cube(size=[46,46,4] (208208 bytes)
CGAL Cache hit: difference(){union(){cube(size=[46,46,4] (208208 bytes)
CGAL Cache hit: difference(){union(){cube(size=[46,46,4] (208208 bytes)
CGAL Cache hit: difference(){union(){cube(size=[46,46,4] (208208 bytes)
CGAL Cache hit: difference(){union(){cube(size=[46,46,4] (208208 bytes)
CGAL Cache hit: difference(){union(){cube(size=[46,46,4] (208208 bytes)
CGAL Cache hit: difference(){union(){cube(size=[46,46,4] (208208 bytes)
CGAL Cache hit: difference(){union(){cube(size=[46,46,4] (208208 bytes)
CGAL Cache hit: difference(){union(){cube(size=[46,46,4] (208208 bytes)
CGAL Cache hit: difference(){union(){cube(size=[46,46,4] (208208 bytes)
CGAL Cache hit: difference(){union(){cube(size=[46,46,4] (208208 bytes)
CGAL Cache hit: difference(){union(){cube(size=[46,46,4] (208208 bytes)
CGAL Cache hit: difference(){union(){cube(size=[46,46,4] (208208 bytes)
CGAL Cache hit: difference(){union(){cube(size=[46,46,4] (208208 bytes)
CGAL Cache hit: difference(){union(){cube(size=[46,46,4] (208208 bytes)
CGAL Cache hit: difference(){union(){cube(size=[46,46,4] (208208 bytes)
CGAL Cache hit: difference(){union(){cube(size=[46,46,4] (208208 bytes)
CGAL Cache hit: difference(){union(){cube(size=[46,46,4] (208208 bytes)
CGAL Cache hit: difference(){union(){cube(size=[46,46,4] (208208 bytes)
CGAL Cache hit: difference(){union(){cube(size=[46,46,4] (208208 bytes)
CGAL Cache hit: difference(){union(){cube(size=[46,46,4] (208208 bytes)
CGAL Cache hit: difference(){union(){cube(size=[46,46,4] (208208 bytes)
CGAL Cache hit: difference(){union(){cube(size=[46,46,4] (208208 bytes)
CGAL Cache hit: difference(){union(){cube(size=[46,46,4] (208208 bytes)
CGAL Cache hit: difference(){union(){cube(size=[46,46,4] (208208 bytes)
CGAL Cache hit: difference(){union(){cube(size=[46,46,4] (208208 bytes)
CGAL Cache hit: difference(){union(){cube(size=[46,46,4] (208208 bytes)
CGAL Cache hit: difference(){union(){cube(size=[46,46,4] (208208 bytes)
CGAL Cache hit: difference(){union(){cube(size=[46,46,4] (208208 bytes)
CGAL Cache hit: difference(){union(){cube(size=[46,46,4] (208208 bytes)
CGAL Cache hit: difference(){union(){cube(size=[46,46,4] (208208 bytes)
CGAL Cache hit: difference(){union(){cube(size=[46,46,4] (208208 bytes)
CGAL Cache hit: difference(){union(){cube(size=[46,46,4] (208208 bytes)
CGAL Cache hit: difference(){union(){cube(size=[46,46,4] (208208 bytes)
CGAL Cache hit: difference(){union(){cube(size=[46,46,4] (208208 bytes)
CGAL Cache hit: difference(){union(){cube(size=[46,46,4] (208208 bytes)
Geometries in cache: 9
Geometry cache size in bytes: 18048
CGAL Polyhedrons in cache: 3
CGAL cache size in bytes: 417248
Total rendering time: 0:00:00.119
   Top level object is a 3D object:
   Simple:        yes
   Vertices:      144
   Halfedges:     432
   Edges:         216
   Halffacets:    148
   Facets:         74
   Volumes:         2
