CGAL Cache insert: group(){multmatrix([[1,0,0,-4],[0,1,0,38 (294848 bytes)
CGAL Cache insert: group(){multmatrix([[1,0,0,22],[0,1,0,17 (208448 bytes)
CGAL Cache insert: group(){multmatrix([[1,0,0,22],[0,1,0,17 (277568 bytes)
CGAL Cache insert: group(){multmatrix([[1,0,0,22],[0,1,0,61 (208448 bytes)
CGAL Cache insert: group(){multmatrix([[1,0,0,22],[0,1,0,61 (277568 bytes)
CGAL Cache insert: union(){linear_extrude(height=5,center=f (405520 bytes)
CGAL Cache insert: group(){hull(){group(){multmatrix([[1,0, (508480 bytes)
CGAL Cache insert: difference(){union(){linear_extrude(heig (1143824 bytes)
CGAL Cache hit: difference(){union(){linear_extrude(heig (1143824 bytes)
CGAL Cache hit: difference(){union(){linear_extrude(heig (1143824 bytes)
CGAL Cache hit: difference(){union(){linear_extrude(heig (1143824 bytes)
CGAL Cache hit: difference(){union(){linear_extrude(heig (1143824 bytes)
CGAL Cache hit: difference(){union(){linear_extrude(heig (1143824 bytes)
CGAL Cache hit: difference(){union(){linear_extrude(heig (1143824 bytes)
CGAL Cache hit: difference(){union(){linear_extrude(heig (1143824 bytes)
CGAL Cache hit: difference(){union(){linear_extrude(heig (1143824 bytes)
CGAL Cache hit: difference(){union(){linear_extrude(heig (1143824 bytes)
CGAL Cache hit: difference(){union(){linear_extrude(heig (1143824 bytes)
CGAL Cache hit: difference(){union(){linear_extrude(heig (1143824 bytes)
CGAL Cache hit: difference(){union(){linear_extrude(heig (1143824 bytes)
CGAL Cache hit: difference(){union(){linear_extrude(heig (1143824 bytes)
CGAL Cache hit: difference(){union(){linear_extrude(heig (1143824 bytes)
CGAL Cache hit: difference(){union(){linear_extrude(heig (1143824 bytes)
CGAL Cache hit: difference(){union(){linear_extrude(heig (1143824 bytes)
CGAL Cache hit: difference(){union(){linear_extrude(heig (1143824 bytes)
CGAL Cache hit: difference(){union(){linear_extrude(heig (1143824 bytes)
CGAL Cache hit: difference(){union(){linear_extrude(heig (1143824 bytes)
CGAL Cache hit: difference(){union(){linear_extrude(heig (1143824 bytes)
CGAL Cache hit: difference(){union(){linear_extrude(heig (1143824 bytes)
CGAL Cache hit: difference(){union(){linear_extrude(heig (1143824 bytes)
CGAL Cache hit: difference(){union(){linear_extrude(heig (1143824 bytes)
Geometries in cache: 32
Geometry cache size in bytes: 185608
CGAL Polyhedrons in cache: 8
CGAL cache size in bytes: 3324704
Total rendering time: 0:00:01.120
   Top level object is a 3D object:
   Simple:        yes
   Vertices:      792
   Halfedges:    2380
   Edges:        1190
   Halffacets:    804
   Facets:        402
   Volumes:         2
