CGAL Cache insert: difference(){cylinder($fn=72,$fa=12,$fs= (5294896 bytes)
CGAL Cache insert: multmatrix([[1,0,0,80],[0,1,0,13],[0,0,1 (5294896 bytes)
CGAL Cache insert: union(){hull(){multmatrix([[1,0,0,10],[0 (2912848 bytes)
CGAL Cache insert: difference(){union(){hull(){multmatrix([ (3028176 bytes)
CGAL Cache hit: difference(){union(){hull(){multmatrix([ (3028176 bytes)
CGAL Cache hit: difference(){union(){hull(){multmatrix([ (3028176 bytes)
CGAL Cache hit: difference(){union(){hull(){multmatrix([ (3028176 bytes)
CGAL Cache hit: difference(){union(){hull(){multmatrix([ (3028176 bytes)
CGAL Cache hit: difference(){union(){hull(){multmatrix([ (3028176 bytes)
CGAL Cache hit: difference(){union(){hull(){multmatrix([ (3028176 bytes)
CGAL Cache hit: difference(){union(){hull(){multmatrix([ (3028176 bytes)
CGAL Cache hit: difference(){union(){hull(){multmatrix([ (3028176 bytes)
CGAL Cache hit: difference(){union(){hull(){multmatrix([ (3028176 bytes)
CGAL Cache hit: difference(){union(){hull(){multmatrix([ (3028176 bytes)
CGAL Cache hit: difference(){union(){hull(){multmatrix([ (3028176 bytes)
CGAL Cache hit: difference(){union(){hull(){multmatrix([ (3028176 bytes)
CGAL Cache hit: difference(){union(){hull(){multmatrix([ (3028176 bytes)
CGAL Cache hit: difference(){union(){hull(){multmatrix([ (3028176 bytes)
CGAL Cache hit: difference(){union(){hull(){multmatrix([ (3028176 bytes)
CGAL Cache hit: difference(){union(){hull(){multmatrix([ (3028176 bytes)
CGAL Cache hit: difference(){union(){hull(){multmatrix([ (3028176 bytes)
CGAL Cache hit: difference(){union(){hull(){multmatrix([ (3028176 bytes)
CGAL Cache hit: difference(){union(){hull(){multmatrix([ (3028176 bytes)
CGAL Cache hit: difference(){union(){hull(){multmatrix([ (3028176 bytes)
CGAL Cache hit: difference(){union(){hull(){multmatrix([ (3028176 bytes)
CGAL Cache hit: difference(){union(){hull(){multmatrix([ (3028176 bytes)
CGAL Cache hit: difference(){union(){hull(){multmatrix([ (3028176 bytes)
CGAL Cache hit: difference(){union(){hull(){multmatrix([ (3028176 bytes)
CGAL Cache hit: difference(){union(){hull(){multmatrix([ (3028176 bytes)
CGAL Cache hit: difference(){union(){hull(){multmatrix([ (3028176 bytes)
CGAL Cache hit: difference(){union(){hull(){multmatrix([ (3028176 bytes)
CGAL Cache hit: difference(){union(){hull(){multmatrix([ (3028176 bytes)
Geometries in cache: 13
Geometry cache size in bytes: 812120
CGAL Polyhedrons in cache: 4
CGAL cache size in bytes: 16530816
Total rendering time: 0:00:04.844
   Top level object is a 3D object:
   Simple:        yes
   Vertices:     1524
   Halfedges:    6500
   Edges:        3250
   Halffacets:   3456
   Facets:       1728
   Volumes:         2
