CGAL Cache insert: group(){multmatrix([[1,0,0,7],[0,1,0,7], (370720 bytes)
CGAL Cache insert: difference(){linear_extrude(height=2.5,c (530640 bytes)
CGAL Cache hit: difference(){linear_extrude(height=2.5,c (530640 bytes)
CGAL Cache hit: difference(){linear_extrude(height=2.5,c (530640 bytes)
CGAL Cache hit: difference(){linear_extrude(height=2.5,c (530640 bytes)
CGAL Cache hit: difference(){linear_extrude(height=2.5,c (530640 bytes)
CGAL Cache hit: difference(){linear_extrude(height=2.5,c (530640 bytes)
CGAL Cache hit: difference(){linear_extrude(height=2.5,c (530640 bytes)
CGAL Cache hit: difference(){linear_extrude(height=2.5,c (530640 bytes)
CGAL Cache hit: difference(){linear_extrude(height=2.5,c (530640 bytes)
CGAL Cache hit: difference(){linear_extrude(height=2.5,c (530640 bytes)
CGAL Cache hit: difference(){linear_extrude(height=2.5,c (530640 bytes)
CGAL Cache hit: difference(){linear_extrude(height=2.5,c (530640 bytes)
CGAL Cache hit: difference(){linear_extrude(height=2.5,c (530640 bytes)
CGAL Cache hit: difference(){linear_extrude(height=2.5,c (530640 bytes)
CGAL Cache hit: difference(){linear_extrude(height=2.5,c (530640 bytes)
CGAL Cache hit: difference(){linear_extrude(height=2.5,c (530640 bytes)
CGAL Cache hit: difference(){linear_extrude(height=2.5,c (530640 bytes)
CGAL Cache hit: difference(){linear_extrude(height=2.5,c (530640 bytes)
CGAL Cache hit: difference(){linear_extrude(height=2.5,c (530640 bytes)
CGAL Cache hit: difference(){linear_extrude(height=2.5,c (530640 bytes)
CGAL Cache hit: difference(){linear_extrude(height=2.5,c (530640 bytes)
CGAL Cache hit: difference(){linear_extrude(height=2.5,c (530640 bytes)
CGAL Cache hit: difference(){linear_extrude(height=2.5,c (530640 bytes)
CGAL Cache hit: difference(){linear_extrude(height=2.5,c (530640 bytes)
CGAL Cache hit: difference(){linear_extrude(height=2.5,c (530640 bytes)
CGAL Cache hit: difference(){linear_extrude(height=2.5,c (530640 bytes)
CGAL Cache hit: difference(){linear_extrude(height=2.5,c (530640 bytes)
CGAL Cache hit: difference(){linear_extrude(height=2.5,c (530640 bytes)
CGAL Cache hit: difference(){linear_extrude(height=2.5,c (530640 bytes)
CGAL Cache hit: difference(){linear_extrude(height=2.5,c (530640 bytes)
CGAL Cache hit: difference(){linear_extrude(height=2.5,c (530640 bytes)
CGAL Cache hit: difference(){linear_extrude(height=2.5,c (530640 bytes)
CGAL Cache hit: difference(){linear_extrude(height=2.5,c (530640 bytes)
CGAL Cache hit: difference(){linear_extrude(height=2.5,c (530640 bytes)
Geometries in cache: 22
Geometry cache size in bytes: 66176
CGAL Polyhedrons in cache: 2
CGAL cache size in bytes: 901360
Total rendering time: 0:00:00.281
   Top level object is a 3D object:
   Simple:        yes
   Vertices:      368
   Halfedges:    1104
   Edges:         552
   Halffacets:    372
   Facets:        186
   Volumes:         2
