CGAL Cache insert: union(){polyhedron(points=[[0,0,0],[96,0 (34736 bytes)
CGAL Cache insert: group(){multmatrix([[1,0,0,7],[0,1,0,7], (370720 bytes)
CGAL Cache insert: difference(){union(){polyhedron(points=[ (388112 bytes)
CGAL Cache hit: difference(){union(){polyhedron(points=[ (388112 bytes)
CGAL Cache hit: difference(){union(){polyhedron(points=[ (388112 bytes)
CGAL Cache hit: difference(){union(){polyhedron(points=[ (388112 bytes)
CGAL Cache hit: difference(){union(){polyhedron(points=[ (388112 bytes)
CGAL Cache hit: difference(){union(){polyhedron(points=[ (388112 bytes)
CGAL Cache hit: difference(){union(){polyhedron(points=[ (388112 bytes)
CGAL Cache hit: difference(){union(){polyhedron(points=[ (388112 bytes)
CGAL Cache hit: difference(){union(){polyhedron(points=[ (388112 bytes)
CGAL Cache hit: difference(){union(){polyhedron(points=[ (388112 bytes)
CGAL Cache hit: difference(){union(){polyhedron(points=[ (388112 bytes)
CGAL Cache hit: difference(){union(){polyhedron(points=[ (388112 bytes)
CGAL Cache hit: difference(){union(){polyhedron(points=[ (388112 bytes)
CGAL Cache hit: difference(){union(){polyhedron(points=[ (388112 bytes)
CGAL Cache hit: difference(){union(){polyhedron(points=[ (388112 bytes)
CGAL Cache hit: difference(){union(){polyhedron(points=[ (388112 bytes)
CGAL Cache hit: difference(){union(){polyhedron(points=[ (388112 bytes)
CGAL Cache hit: difference(){union(){polyhedron(points=[ (388112 bytes)
CGAL Cache hit: difference(){union(){polyhedron(points=[ (388112 bytes)
CGAL Cache hit: difference(){union(){polyhedron(points=[ (388112 bytes)
CGAL Cache hit: difference(){union(){polyhedron(points=[ (388112 bytes)
CGAL Cache hit: difference(){union(){polyhedron(points=[ (388112 bytes)
CGAL Cache hit: difference(){union(){polyhedron(points=[ (388112 bytes)
CGAL Cache hit: difference(){union(){polyhedron(points=[ (388112 bytes)
CGAL Cache hit: difference(){union(){polyhedron(points=[ (388112 bytes)
CGAL Cache hit: difference(){union(){polyhedron(points=[ (388112 bytes)
CGAL Cache hit: difference(){union(){polyhedron(points=[ (388112 bytes)
CGAL Cache hit: difference(){union(){polyhedron(points=[ (388112 bytes)
CGAL Cache hit: difference(){union(){polyhedron(points=[ (388112 bytes)
CGAL Cache hit: difference(){union(){polyhedron(points=[ (388112 bytes)
CGAL Cache hit: difference(){union(){polyhedron(points=[ (388112 bytes)
CGAL Cache hit: difference(){union(){polyhedron(points=[ (388112 bytes)
CGAL Cache hit: difference(){union(){polyhedron(points=[ (388112 bytes)
Geometries in cache: 9
Geometry cache size in bytes: 26712
CGAL Polyhedrons in cache: 3
CGAL cache size in bytes: 793568
Total rendering time: 0:00:00.227
   Top level object is a 3D object:
   Simple:        yes
   Vertices:      268
   Halfedges:     808
   Edges:         404
   Halffacets:    274
   Facets:        137
   Volumes:         2
