CGAL Cache insert: group(){multmatrix([[1,0,0,8],[0,1,0,12. (202688 bytes)
CGAL Cache insert: union(){cube(size=[34,38,4],center=false (214224 bytes)
CGAL Cache insert: difference(){union(){cube(size=[34,38,4] (444880 bytes)
CGAL Cache hit: difference(){union(){cube(size=[34,38,4] (444880 bytes)
CGAL Cache hit: difference(){union(){cube(size=[34,38,4] (444880 bytes)
CGAL Cache hit: difference(){union(){cube(size=[34,38,4] (444880 bytes)
CGAL Cache hit: difference(){union(){cube(size=[34,38,4] (444880 bytes)
CGAL Cache hit: difference(){union(){cube(size=[34,38,4] (444880 bytes)
CGAL Cache hit: difference(){union(){cube(size=[34,38,4] (444880 bytes)
CGAL Cache hit: difference(){union(){cube(size=[34,38,4] (444880 bytes)
CGAL Cache hit: difference(){union(){cube(size=[34,38,4] (444880 bytes)
CGAL Cache hit: difference(){union(){cube(size=[34,38,4] (444880 bytes)
CGAL Cache hit: difference(){union(){cube(size=[34,38,4] (444880 bytes)
CGAL Cache hit: difference(){union(){cube(size=[34,38,4] (444880 bytes)
CGAL Cache hit: difference(){union(){cube(size=[34,38,4] (444880 bytes)
CGAL Cache hit: difference(){union(){cube(size=[34,38,4] (444880 bytes)
CGAL Cache hit: difference(){union(){cube(size=[34,38,4] (444880 bytes)
CGAL Cache hit: difference(){union(){cube(size=[34,38,4] (444880 bytes)
CGAL Cache hit: difference(){union(){cube(size=[34,38,4] (444880 bytes)
CGAL Cache hit: difference(){union(){cube(size=[34,38,4] (444880 bytes)
CGAL Cache hit: difference(){union(){cube(size=[34,38,4] (444880 bytes)
CGAL Cache hit: difference(){union(){cube(size=[34,38,4] (444880 bytes)
CGAL Cache hit: difference(){union(){cube(size=[34,38,4] (444880 bytes)
CGAL Cache hit: difference(){union(){cube(size=[34,38,4] (444880 bytes)
CGAL Cache hit: difference(){union(){cube(size=[34,38,4] (444880 bytes)
CGAL Cache hit: difference(){union(){cube(size=[34,38,4] (444880 bytes)
CGAL Cache hit: difference(){union(){cube(size=[34,38,4] (444880 bytes)
Geometries in cache: 11
Geometry cache size in bytes: 58120
CGAL Polyhedrons in cache: 3
CGAL cache size in bytes: 861792
Total rendering time: 0:00:00.397
   Top level object is a 3D object:
   Simple:        yes
   Vertices:      308
   Halfedges:     924
   Edges:         462
   Halffacets:    316
   Facets:        158
   Volumes:         2
