CGAL Cache insert: group(){multmatrix([[1,0,0,15],[0,1,0,30 (1108992 bytes)
CGAL Cache insert: difference(){linear_extrude(height=4,cen (1141840 bytes)
CGAL Cache hit: difference(){linear_extrude(height=4,cen (1141840 bytes)
CGAL Cache hit: difference(){linear_extrude(height=4,cen (1141840 bytes)
CGAL Cache hit: difference(){linear_extrude(height=4,cen (1141840 bytes)
CGAL Cache hit: difference(){linear_extrude(height=4,cen (1141840 bytes)
CGAL Cache hit: difference(){linear_extrude(height=4,cen (1141840 bytes)
CGAL Cache hit: difference(){linear_extrude(height=4,cen (1141840 bytes)
CGAL Cache hit: difference(){linear_extrude(height=4,cen (1141840 bytes)
CGAL Cache hit: difference(){linear_extrude(height=4,cen (1141840 bytes)
CGAL Cache hit: difference(){linear_extrude(height=4,cen (1141840 bytes)
CGAL Cache hit: difference(){linear_extrude(height=4,cen (1141840 bytes)
Geometries in cache: 14
Geometry cache size in bytes: 79112
CGAL Polyhedrons in cache: 2
CGAL cache size in bytes: 2250832
Total rendering time: 0:00:00.878
   Top level object is a 3D object:
   Simple:        yes
   Vertices:      792
   Halfedges:    2376
   Edges:        1188
   Halffacets:    796
   Facets:        398
   Volumes:         2
