CGAL Cache insert: difference(){cube(size=[249.4,169.4,3],c (23760 bytes)
CGAL Cache insert: multmatrix([[1,0,0,15],[0,1,0,15],[0,0,1 (23760 bytes)
CGAL Cache insert: union(){cube(size=[280,200,3],center=fal (35664 bytes)
CGAL Cache insert: group(){multmatrix([[1,0,0,29.5],[0,1,0, (739360 bytes)
CGAL Cache insert: group(){multmatrix([[1,0,0,190],[0,1,0,1 (369728 bytes)
CGAL Cache insert: group(){multmatrix([[1,0,0,10],[0,1,0,10 (1478624 bytes)
CGAL Cache insert: difference(){union(){cube(size=[280,200, (3643216 bytes)
CGAL Cache hit: difference(){union(){cube(size=[280,200, (3643216 bytes)
CGAL Cache hit: difference(){union(){cube(size=[280,200, (3643216 bytes)
CGAL Cache hit: difference(){union(){cube(size=[280,200, (3643216 bytes)
CGAL Cache hit: difference(){union(){cube(size=[280,200, (3643216 bytes)
CGAL Cache hit: difference(){union(){cube(size=[280,200, (3643216 bytes)
CGAL Cache hit: difference(){union(){cube(size=[280,200, (3643216 bytes)
CGAL Cache hit: difference(){union(){cube(size=[280,200, (3643216 bytes)
CGAL Cache hit: difference(){union(){cube(size=[280,200, (3643216 bytes)
CGAL Cache hit: difference(){union(){cube(size=[280,200, (3643216 bytes)
CGAL Cache hit: difference(){union(){cube(size=[280,200, (3643216 bytes)
CGAL Cache hit: difference(){union(){cube(size=[280,200, (3643216 bytes)
CGAL Cache hit: difference(){union(){cube(size=[280,200, (3643216 bytes)
CGAL Cache hit: difference(){union(){cube(size=[280,200, (3643216 bytes)
CGAL Cache hit: difference(){union(){cube(size=[280,200, (3643216 bytes)
CGAL Cache hit: difference(){union(){cube(size=[280,200, (3643216 bytes)
CGAL Cache hit: difference(){union(){cube(size=[280,200, (3643216 bytes)
CGAL Cache hit: difference(){union(){cube(size=[280,200, (3643216 bytes)
Geometries in cache: 29
Geometry cache size in bytes: 264760
CGAL Polyhedrons in cache: 7
CGAL cache size in bytes: 6314112
Total rendering time: 0:00:03.907
   Top level object is a 3D object:
   Simple:        yes
   Vertices:     2528
   Halfedges:    7584
   Edges:        3792
   Halffacets:   2532
   Facets:       1266
   Volumes:         2
