CGAL Cache insert: union(){linear_extrude(height=5,center=f (202448 bytes)
CGAL Cache insert: difference(){union(){linear_extrude(heig (386896 bytes)
CGAL Cache hit: difference(){union(){linear_extrude(heig (386896 bytes)
CGAL Cache hit: difference(){union(){linear_extrude(heig (386896 bytes)
CGAL Cache hit: difference(){union(){linear_extrude(heig (386896 bytes)
CGAL Cache hit: difference(){union(){linear_extrude(heig (386896 bytes)
CGAL Cache hit: difference(){union(){linear_extrude(heig (386896 bytes)
CGAL Cache hit: difference(){union(){linear_extrude(heig (386896 bytes)
CGAL Cache hit: difference(){union(){linear_extrude(heig (386896 bytes)
CGAL Cache hit: difference(){union(){linear_extrude(heig (386896 bytes)
CGAL Cache hit: difference(){union(){linear_extrude(heig (386896 bytes)
CGAL Cache hit: difference(){union(){linear_extrude(heig (386896 bytes)
CGAL Cache hit: difference(){union(){linear_extrude(heig (386896 bytes)
CGAL Cache hit: difference(){union(){linear_extrude(heig (386896 bytes)
Geometries in cache: 10
Geometry cache size in bytes: 52880
CGAL Polyhedrons in cache: 2
CGAL cache size in bytes: 589344
Total rendering time: 0:00:00.114
   Top level object is a 3D object:
   Simple:        yes
   Vertices:      268
   Halfedges:     804
   Edges:         402
   Halffacets:    274
   Facets:        137
   Volumes:         2
