[warning]	2026-08-21 22:34:02.923004[Thread 0x00007f0a7b9dcfc0]:300 @ AnycubicContext
[warning]	2026-08-21 22:34:02.924975[Thread 0x00007f0a7b9dcfc0]:321 @ OnInitByApp
[warning]	2026-08-21 22:34:02.947997[Thread 0x00007f0a7b9dcfc0]:22:34:02: Error: Failed to add custom font "/opt/AnycubicSlicerNext/share/resources/fonts/HarmonyOS_Sans_SC_Bold.ttf".
[warning]	2026-08-21 22:34:02.948098[Thread 0x00007f0a7b9dcfc0]:22:34:02: Error: Failed to add custom font "/opt/AnycubicSlicerNext/share/resources/fonts/HarmonyOS_Sans_SC_Regular.ttf".
[warning]	2026-08-21 22:34:02.948150[Thread 0x00007f0a7b9dcfc0]:22:34:02: Error: Failed to add custom font "/opt/AnycubicSlicerNext/share/resources/fonts/NanumGothic-Regular.ttf".
[warning]	2026-08-21 22:34:02.948183[Thread 0x00007f0a7b9dcfc0]:22:34:02: Error: Failed to add custom font "/opt/AnycubicSlicerNext/share/resources/fonts/NanumGothic-Bold.ttf".
[warning]	2026-08-21 22:34:02.959631[Thread 0x00007f0a7b9dcfc0]:Can't find HarmonyOS Sans SC font
[warning]	2026-08-21 22:34:02.960851[Thread 0x00007f0a7b9dcfc0]:Use system font instead: Noto Sans
[warning]	2026-08-21 22:34:02.960903[Thread 0x00007f0a7b9dcfc0]:Can't find HarmonyOS Sans SC font
[warning]	2026-08-21 22:34:02.960912[Thread 0x00007f0a7b9dcfc0]:Use system font instead: Noto Sans
[warning]	2026-08-21 22:34:02.960929[Thread 0x00007f0a7b9dcfc0]:Can't find HarmonyOS Sans SC font
[warning]	2026-08-21 22:34:02.960934[Thread 0x00007f0a7b9dcfc0]:Use system font instead: Noto Sans
[warning]	2026-08-21 22:34:02.960948[Thread 0x00007f0a7b9dcfc0]:Can't find HarmonyOS Sans SC font
[warning]	2026-08-21 22:34:02.960953[Thread 0x00007f0a7b9dcfc0]:Use system font instead: Noto Sans
[warning]	2026-08-21 22:34:02.960965[Thread 0x00007f0a7b9dcfc0]:Can't find HarmonyOS Sans SC font
[warning]	2026-08-21 22:34:02.960970[Thread 0x00007f0a7b9dcfc0]:Use system font instead: Noto Sans
[warning]	2026-08-21 22:34:02.960983[Thread 0x00007f0a7b9dcfc0]:Can't find HarmonyOS Sans SC font
[warning]	2026-08-21 22:34:02.960987[Thread 0x00007f0a7b9dcfc0]:Use system font instead: Noto Sans
[warning]	2026-08-21 22:34:02.960999[Thread 0x00007f0a7b9dcfc0]:Can't find HarmonyOS Sans SC font
[warning]	2026-08-21 22:34:02.961004[Thread 0x00007f0a7b9dcfc0]:Use system font instead: Noto Sans
[warning]	2026-08-21 22:34:02.961016[Thread 0x00007f0a7b9dcfc0]:Can't find HarmonyOS Sans SC font
[warning]	2026-08-21 22:34:02.961020[Thread 0x00007f0a7b9dcfc0]:Use system font instead: Noto Sans
[warning]	2026-08-21 22:34:02.961032[Thread 0x00007f0a7b9dcfc0]:Can't find HarmonyOS Sans SC font
[warning]	2026-08-21 22:34:02.961037[Thread 0x00007f0a7b9dcfc0]:Use system font instead: Noto Sans
[warning]	2026-08-21 22:34:02.961049[Thread 0x00007f0a7b9dcfc0]:Can't find HarmonyOS Sans SC font
[warning]	2026-08-21 22:34:02.961054[Thread 0x00007f0a7b9dcfc0]:Use system font instead: Noto Sans
[warning]	2026-08-21 22:34:02.961069[Thread 0x00007f0a7b9dcfc0]:Can't find HarmonyOS Sans SC font
[warning]	2026-08-21 22:34:02.961073[Thread 0x00007f0a7b9dcfc0]:Use system font instead: Noto Sans
[warning]	2026-08-21 22:34:02.961085[Thread 0x00007f0a7b9dcfc0]:Can't find HarmonyOS Sans SC font
[warning]	2026-08-21 22:34:02.961090[Thread 0x00007f0a7b9dcfc0]:Use system font instead: Noto Sans
[warning]	2026-08-21 22:34:02.961115[Thread 0x00007f0a7b9dcfc0]:Can't find HarmonyOS Sans SC font
[warning]	2026-08-21 22:34:02.961121[Thread 0x00007f0a7b9dcfc0]:Use system font instead: Noto Sans
[warning]	2026-08-21 22:34:02.961134[Thread 0x00007f0a7b9dcfc0]:Can't find HarmonyOS Sans SC font
[warning]	2026-08-21 22:34:02.961139[Thread 0x00007f0a7b9dcfc0]:Use system font instead: Noto Sans
[warning]	2026-08-21 22:34:02.961151[Thread 0x00007f0a7b9dcfc0]:Can't find HarmonyOS Sans SC font
[warning]	2026-08-21 22:34:02.961155[Thread 0x00007f0a7b9dcfc0]:Use system font instead: Noto Sans
[warning]	2026-08-21 22:34:02.961169[Thread 0x00007f0a7b9dcfc0]:Can't find HarmonyOS Sans SC font
[warning]	2026-08-21 22:34:02.961174[Thread 0x00007f0a7b9dcfc0]:Use system font instead: Noto Sans
[warning]	2026-08-21 22:34:02.961187[Thread 0x00007f0a7b9dcfc0]:Can't find HarmonyOS Sans SC font
[warning]	2026-08-21 22:34:02.961191[Thread 0x00007f0a7b9dcfc0]:Use system font instead: Noto Sans
[warning]	2026-08-21 22:34:02.961204[Thread 0x00007f0a7b9dcfc0]:Can't find HarmonyOS Sans SC font
[warning]	2026-08-21 22:34:02.961208[Thread 0x00007f0a7b9dcfc0]:Use system font instead: Noto Sans
[warning]	2026-08-21 22:34:02.961220[Thread 0x00007f0a7b9dcfc0]:Can't find HarmonyOS Sans SC font
[warning]	2026-08-21 22:34:02.961224[Thread 0x00007f0a7b9dcfc0]:Use system font instead: Noto Sans
[warning]	2026-08-21 22:34:02.961239[Thread 0x00007f0a7b9dcfc0]:Can't find HarmonyOS Sans SC font
[warning]	2026-08-21 22:34:02.961243[Thread 0x00007f0a7b9dcfc0]:Use system font instead: Noto Sans
[warning]	2026-08-21 22:34:02.961255[Thread 0x00007f0a7b9dcfc0]:Can't find HarmonyOS Sans SC font
[warning]	2026-08-21 22:34:02.961260[Thread 0x00007f0a7b9dcfc0]:Use system font instead: Noto Sans
[warning]	2026-08-21 22:34:02.961271[Thread 0x00007f0a7b9dcfc0]:Can't find HarmonyOS Sans SC font
[warning]	2026-08-21 22:34:02.961276[Thread 0x00007f0a7b9dcfc0]:Use system font instead: Noto Sans
[warning]	2026-08-21 22:34:03.010906[Thread 0x00007f0a7b9dcfc0]:Can't find HarmonyOS Sans SC font
[warning]	2026-08-21 22:34:03.010933[Thread 0x00007f0a7b9dcfc0]:Use system font instead: Noto Sans
[warning]	2026-08-21 22:34:03.010961[Thread 0x00007f0a7b9dcfc0]:Can't find HarmonyOS Sans SC font
[warning]	2026-08-21 22:34:03.010970[Thread 0x00007f0a7b9dcfc0]:Use system font instead: Noto Sans
[warning]	2026-08-21 22:34:03.010994[Thread 0x00007f0a7b9dcfc0]:Can't find HarmonyOS Sans SC font
[warning]	2026-08-21 22:34:03.011003[Thread 0x00007f0a7b9dcfc0]:Use system font instead: Noto Sans
[warning]	2026-08-21 22:34:03.011025[Thread 0x00007f0a7b9dcfc0]:Can't find HarmonyOS Sans SC font
[warning]	2026-08-21 22:34:03.011034[Thread 0x00007f0a7b9dcfc0]:Use system font instead: Noto Sans
[warning]	2026-08-21 22:34:03.025365[Thread 0x00007f0a7b9dcfc0]:Can't find HarmonyOS Sans SC font
[warning]	2026-08-21 22:34:03.025401[Thread 0x00007f0a7b9dcfc0]:Use system font instead: Noto Sans
[warning]	2026-08-21 22:34:03.031196[Thread 0x00007f0a7b9dcfc0]:Can't find HarmonyOS Sans SC font
[warning]	2026-08-21 22:34:03.031225[Thread 0x00007f0a7b9dcfc0]:Use system font instead: Noto Sans
[warning]	2026-08-21 22:34:03.035503[Thread 0x00007f0a7b9dcfc0]:Can't find HarmonyOS Sans SC font
[warning]	2026-08-21 22:34:03.035530[Thread 0x00007f0a7b9dcfc0]:Use system font instead: Noto Sans
[warning]	2026-08-21 22:34:03.065903[Thread 0x00007f0a7b9dcfc0]:Can't find HarmonyOS Sans SC font
[warning]	2026-08-21 22:34:03.065934[Thread 0x00007f0a7b9dcfc0]:Use system font instead: Noto Sans
[warning]	2026-08-21 22:34:04.051229[Thread 0x00007f0a7b9dcfc0]:10:34:04 PM: Error: Directory '/home/stefan/.AnycubicSlicerNext/1.3.9.4' couldn't be created (error 2: No such file or directory)
[warning]	2026-08-21 22:34:04.051288[Thread 0x00007f0a7b9dcfc0]:10:34:04 PM: Using fixed edge version
[warning]	2026-08-21 22:34:04.224288[Thread 0x00007f0a7b9dcfc0]:10:34:04 PM: Using fixed edge version
[warning]	2026-08-21 22:34:04.234565[Thread 0x00007f0a7b9dcfc0]:10:34:04 PM: Using fixed edge version
[warning]	2026-08-21 22:34:04.243307[Thread 0x00007f0a7b9dcfc0]:10:34:04 PM: Using fixed edge version
[warning]	2026-08-21 22:34:04.342933[Thread 0x00007f0a7b9dcfc0]:Can't find HarmonyOS Sans SC font
[warning]	2026-08-21 22:34:04.342975[Thread 0x00007f0a7b9dcfc0]:Use system font instead: Noto Sans
[warning]	2026-08-21 22:34:04.752929[Thread 0x00007f0a7b9dcfc0]:WorkbenchPanel
[warning]	2026-08-21 22:34:04.851335[Thread 0x00007f0a7b9dcfc0]:10:34:04 PM: Using fixed edge version
[error]	2026-08-21 22:34:04.918891[Thread 0x00007f08e87ff6c0]:File Metadata/plate_1.png not found from archive
[error]	2026-08-21 22:34:04.918954[Thread 0x00007f08e7ffd6c0]:File Metadata/plate_1.png not found from archive
[error]	2026-08-21 22:34:04.918985[Thread 0x00007f08e7ffd6c0]:Unable to open the file/home/stefan/Downloads/shark_clip_anycubic (1).3mf
[error]	2026-08-21 22:34:04.919004[Thread 0x00007f08e7ffd6c0]:Unable to open the file/home/stefan/Projekte/3d_models/toilettpaper_stand/2/ZEN_KINTSUGI_WAVE_FIFO_5R_HYBRID_v2.0.0(2)/ZEN_KINTSUGI_WAVE_FIFO_5R_HYBRID_v2.0.0/ZEN_KINTSUGI_WAVE_5R_HYBRID_assembly.3mf
[error]	2026-08-21 22:34:04.919156[Thread 0x00007f0a7b9dcfc0]:File Metadata/plate_1.png not found from archive
[error]	2026-08-21 22:34:04.919248[Thread 0x00007f0a7b9dcfc0]:File Metadata/plate_1.png not found from archive
[warning]	2026-08-21 22:34:04.977152[Thread 0x00007f0a7b9dcfc0]:10:34:04 PM: Error: Directory '/opt/AnycubicSlicerNext/share/resources/report' couldn't be created (error 13: Permission denied)
[error]	2026-08-21 22:34:04.977177[Thread 0x00007f0a7b9dcfc0]:Create fullpath Err : 
[warning]	2026-08-21 22:34:04.982070[Thread 0x00007f0a7b9dcfc0]:393 @ OnInitByGui
[warning]	2026-08-21 22:34:05.507857[Thread 0x00007f0a7b9dcfc0]:UrlFullPage:  file:////opt/AnycubicSlicerNext/share/resources/web/homepage/homebody.html?lang=en_US&prod=1&regionCn=0&isDark=1&account=1&pcid=7DE35F9ECFAD0D749C3926E0964F5A0A
[warning]	2026-08-21 22:34:05.521250[Thread 0x00007f0a7b9dcfc0]:UrlFullPage:  file:////opt/AnycubicSlicerNext/share/resources/web/homepage/leftmenu.html?lang=en_US&prod=1&regionCn=0&isDark=1&account=1&pcid=7DE35F9ECFAD0D749C3926E0964F5A0A
[warning]	2026-08-21 22:34:05.533860[Thread 0x00007f0a7b9dcfc0]:UrlFullPage:  https://www.makeronline.com/en/slicerNext/allModel?lang=en_US&prod=1&regionCn=0&isDark=1&account=1&pcid=7DE35F9ECFAD0D749C3926E0964F5A0A
[warning]	2026-08-21 22:34:05.561649[Thread 0x00007f0a7b9dcfc0]:UrlFullPage:  https://www.makeronline.com/en/slicerNext/collAndlike?lang=en_US&prod=1&regionCn=0&isDark=1&account=1&pcid=7DE35F9ECFAD0D749C3926E0964F5A0A
[warning]	2026-08-21 22:34:05.562201[Thread 0x00007f0a7b9dcfc0]:440 @ OnFinishedByGui
[warning]	2026-08-21 22:34:05.562271[Thread 0x00007f0a7b9dcfc0]:AnycubicContext::login, accessToken = eyJhbGciOiJSUzI1NiIsImtpZCI6ImFjX2FwcF9jcnQiLCJ0eXAiOiJKV1QifQ.eyJpZCI6IjYyNWU1ZGZhLTIyOTQtNDNiYy1iYzUyLTdmZjk1YjlmOGY5NSIsImVtYWlsIjoic3RlZmFuQHN0ZWZhbmp1bmsuY29tIiwicGhvbmUiOiIiLCJlbWFpbF92ZXJpZmllZCI6dHJ1ZSwidG9rZW5UeXBlIjoiYWNjZXNzLXRva2VuIiwic2NvcGUiOiJyZWFkIiwiaXNzIjoiaHR0cHM6Ly91Yy5tYWtlcm9ubGluZS5jb20iLCJzdWIiOiI2MjVlNWRmYS0yMjk0LTQzYmMtYmM1Mi03ZmY5NWI5ZjhmOTUiLCJhdWQiOlsiYjI2OWEzMTM2ZDI2YWM2NDg4YmIiXSwiZXhwIjoxNzk1MTIwMzkyLCJuYmYiOjE3ODczNDQzOTIsImlhdCI6MTc4NzM0NDM5MiwianRpIjoiYWRtaW4vM2ZjZDdkZDYtZGZlMC00ZDYzLTkwZGQtMzEwOTlkNjRmZDMwIn0.kQeJryjM5uTQflR4eeq_ZGCe00ZOl56g56uxLya89CYyhl8lsVC0lgelBsIOOkG_HJrgL0ctQcYnMl2gA1_uJo4tj3_m5YxmaVrrEBL9iHif9iATbhJgtS8003wwSovQ3t7iuN1DItlPzB8ZnZtUaPRAoNpXRWEqzrZY-CEs-UVNhpcU2xgHfcUVXyxuK9DxCTFwJIZp38IOoavtaWqVzihaiZHNya-PSi5LRd3pRZ8ouyBE5G_xReIx6Foz8Mxwd3gph1RmmHIZFElgc30jfFoqIjLZSam77qKarxcbA7hGTStl4KBU-5oL4WKGGAASlgOQNscg5g28j7jupKSnLkicoDtVUuv-kPq1rb4bLoBZijkI2ytBZ30df6ieTLTjnEkc09VAKJB5VYeK2vh2Qh58EbVz9hBs7yYcmCUBOpz0k9EzuC-LlVvElf3XB6go9nh9eAU-HQSZKE8fYt-dToAzdbGZWpaoZCBVjNncIS0mbyB9US-ohph1R5j9PRm1iAYM6GV9j9HxECa1P-zEih4xcF4iNCSVk5rSWJne0DSiHKwVdsC-8ln4vs6nhRBNyXwHEauKrWwTiTz3_sreKTdmmeO6ZhpSk53FU3Hf9PDfSgVYJUYDPfa1hVKJy4YJpKVPDCboV0rk95RpXdWYSCw728UNnlohKHWxKxV5T1E
[warning]	2026-08-21 22:34:06.687540[Thread 0x00007f0a7b9dcfc0]:UrlFullPage:  https://www.makeronline.com/en/slicerNext/collAndlike?lang=en_US&prod=1&regionCn=0&isDark=1&account=1&pcid=7DE35F9ECFAD0D749C3926E0964F5A0A
[warning]	2026-08-21 22:34:06.692048[Thread 0x00007f0a7b9dcfc0]:UrlFullPage:  https://www.makeronline.com/en/slicerNext/allModel?lang=en_US&prod=1&regionCn=0&isDark=1&account=1&pcid=7DE35F9ECFAD0D749C3926E0964F5A0A
[warning]	2026-08-21 22:34:06.692262[Thread 0x00007f0a7b9dcfc0]:+++++++++++++++++operator()
UrlCollLike3:https://www.makeronline.com/en/slicerNext/collAndlike?lang=en_US&prod=1&regionCn=0&isDark=1&account=1&pcid=7DE35F9ECFAD0D749C3926E0964F5A0A
UrlAllModel4:https://www.makeronline.com/en/slicerNext/allModel?lang=en_US&prod=1&regionCn=0&isDark=1&account=1&pcid=7DE35F9ECFAD0D749C3926E0964F5A0A
[warning]	2026-08-21 22:34:06.693906[Thread 0x00007f0a7b9dcfc0]:HomePage OnError, Url = https://www.makeronline.com/en/slicerNext/allModel?lang=en_US&prod=1&regionCn=0&isDark=1&account=1&pcid=7DE35F9ECFAD0D749C3926E0964F5A0A , Message: Load request cancelled
[warning]	2026-08-21 22:34:06.693946[Thread 0x00007f0a7b9dcfc0]:OnError: [wxWEBVIEW_NAV_ERR_OTHER] Load request cancelled
[warning]	2026-08-21 22:34:06.699220[Thread 0x00007f0a7b9dcfc0]:UrlFullPage:  https://www.makeronline.com/en/slicerNext/allModel?lang=en_US&prod=1&regionCn=0&isDark=1&account=1&pcid=7DE35F9ECFAD0D749C3926E0964F5A0A
[warning]	2026-08-21 22:34:06.700019[Thread 0x00007f0a7b9dcfc0]:HomePage OnError, Url = https://www.makeronline.com/en/slicerNext/collAndlike?lang=en_US&prod=1&regionCn=0&isDark=1&account=1&pcid=7DE35F9ECFAD0D749C3926E0964F5A0A , Message: Load request cancelled
[warning]	2026-08-21 22:34:06.700071[Thread 0x00007f0a7b9dcfc0]:OnError: [wxWEBVIEW_NAV_ERR_OTHER] Load request cancelled
[warning]	2026-08-21 22:34:06.704319[Thread 0x00007f0a7b9dcfc0]:UrlFullPage:  https://www.makeronline.com/en/slicerNext/collAndlike?lang=en_US&prod=1&regionCn=0&isDark=1&account=1&pcid=7DE35F9ECFAD0D749C3926E0964F5A0A
[warning]	2026-08-21 22:34:07.460546[Thread 0x00007f0a7b9dcfc0]:get_version, get_version not supported,return 00.00.00.00!
[warning]	2026-08-21 22:34:20.829633[Thread 0x00007f0a7b9dcfc0]:AnycubicContext::CasdoorLogin Accpet to open the login
[warning]	2026-08-21 22:34:20.871729[Thread 0x00007f0a7b9dcfc0]:10:34:20 PM: Using fixed edge version
[warning]	2026-08-21 22:34:20.888434[Thread 0x00007f0a7b9dcfc0]:10:34:20 PM: webkit2 2.52.5
[warning]	2026-08-21 22:34:20.888578[Thread 0x00007f0a7b9dcfc0]:10:34:20 PM: Backend: wxWebViewWebKit Version: webkit2 2.52.5
[warning]	2026-08-21 22:34:21.424240[Thread 0x00007f0a7b9dcfc0]:10:34:21 PM: User Agent: true
[warning]	2026-08-21 22:35:20.783797[Thread 0x00007f0a7b9dcfc0]:OnNavigationRequest: code = c82cfb8aae58092b2d94
[warning]	2026-08-21 22:35:20.783836[Thread 0x00007f0a7b9dcfc0]:AnycubicContext::getAccessToken, code = c82cfb8aae58092b2d94
[warning]	2026-08-21 22:35:21.294434[Thread 0x00007f08de7e96c0]:AnycubicContext::login, accessToken = eyJhbGciOiJSUzI1NiIsImtpZCI6ImFjX2FwcF9jcnQiLCJ0eXAiOiJKV1QifQ.eyJpZCI6IjYyNWU1ZGZhLTIyOTQtNDNiYy1iYzUyLTdmZjk1YjlmOGY5NSIsImVtYWlsIjoic3RlZmFuQHN0ZWZhbmp1bmsuY29tIiwicGhvbmUiOiIiLCJlbWFpbF92ZXJpZmllZCI6dHJ1ZSwidG9rZW5UeXBlIjoiYWNjZXNzLXRva2VuIiwic2NvcGUiOiJyZWFkIiwiaXNzIjoiaHR0cHM6Ly91Yy5tYWtlcm9ubGluZS5jb20iLCJzdWIiOiI2MjVlNWRmYS0yMjk0LTQzYmMtYmM1Mi03ZmY5NWI5ZjhmOTUiLCJhdWQiOlsiYjI2OWEzMTM2ZDI2YWM2NDg4YmIiXSwiZXhwIjoxNzk1MTIwNTIwLCJuYmYiOjE3ODczNDQ1MjAsImlhdCI6MTc4NzM0NDUyMCwianRpIjoiYWRtaW4vN2U0Y2FmOGYtOGYwMS00MmM3LWJkZTYtYzk5NGUxM2YwZDcyIn0.Iyg3JLVolvf-GA3t_PCVIfvDJ7xa1H-IHjCVi_XZSRlES7MdELa1kmNJsLfixPBbgTFLj5r2-H80e0Xfl8p8Bw2bOigmomT0ZrUxBU8ZFNZLG_OXdAI5fCEx30GZoOnOmAOoIvO9qKuHWMVvwLmM2jUbAM9uRXJhXmphp3k_LmMADZs_uCxlQI2IPEnDBbcBs-NVLtEyCirkj-ar7bO3HO4UXawmH0xLg3hoDx7HE5C0VPxcVnIBlQLhg-Ifd82fU3lYGfFKVUVQi5VnPaWm8Xv-tzhDSULtxihrDR5N0j3LZjxZiwqv_jUcE8LZ5FpgJdkTqUIHgPvhQ-hkEu3B30sKHZPAs_jEuVqG_F0QghP-Kns3W-kpVd1-JwbsnjnsRbigMYqLe97Ih76TbdHZWxBbjvqrvjLTzugTUtmeIniFnGv8PNuGdwlk4VEgApGTRG2QrJo1Rml2DRIyLDZtmmz1RuTxH9OCJVibkW8n3mYuMNWpeQwKQd3SIicTUvG-qZbS9we9jJIOWUweKUDBse3sKIbipdwEP2WN5aUBuf4Elb0MHyqYS3HUmfarN880jVxM0AjNonJ6bhUq6z9P0DvPnwSG-Kk9RfHmCpkw3p2BR37XBsNKd42Wq0KKmnH-Yl3_KkOmBXhh5jy-y5BkVNJinT7r2FBZsJP5k3JYYDY
[warning]	2026-08-21 22:40:34.167563[Thread 0x00007f0a7b9dcfc0]:AnycubicContext::CasdoorLogin Accpet to open the login
[warning]	2026-08-21 22:40:34.274756[Thread 0x00007f0a7b9dcfc0]:10:40:34 PM: Using fixed edge version
[warning]	2026-08-21 22:40:34.287408[Thread 0x00007f0a7b9dcfc0]:10:40:34 PM: webkit2 2.52.5
[warning]	2026-08-21 22:40:34.287489[Thread 0x00007f0a7b9dcfc0]:10:40:34 PM: Backend: wxWebViewWebKit Version: webkit2 2.52.5
[warning]	2026-08-21 22:40:35.175446[Thread 0x00007f0a7b9dcfc0]:10:40:35 PM: User Agent: true
[warning]	2026-08-21 22:41:07.303361[Thread 0x00007f0a7b9dcfc0]:OnNavigationRequest: code = 1f376182754586a3c2ca
[warning]	2026-08-21 22:41:07.303398[Thread 0x00007f0a7b9dcfc0]:AnycubicContext::getAccessToken, code = 1f376182754586a3c2ca
[warning]	2026-08-21 22:41:07.918995[Thread 0x00007f08f11f66c0]:AnycubicContext::login, accessToken = eyJhbGciOiJSUzI1NiIsImtpZCI6ImFjX2FwcF9jcnQiLCJ0eXAiOiJKV1QifQ.eyJpZCI6IjYyNWU1ZGZhLTIyOTQtNDNiYy1iYzUyLTdmZjk1YjlmOGY5NSIsImVtYWlsIjoic3RlZmFuQHN0ZWZhbmp1bmsuY29tIiwicGhvbmUiOiIiLCJlbWFpbF92ZXJpZmllZCI6dHJ1ZSwidG9rZW5UeXBlIjoiYWNjZXNzLXRva2VuIiwic2NvcGUiOiJyZWFkIiwiaXNzIjoiaHR0cHM6Ly91Yy5tYWtlcm9ubGluZS5jb20iLCJzdWIiOiI2MjVlNWRmYS0yMjk0LTQzYmMtYmM1Mi03ZmY5NWI5ZjhmOTUiLCJhdWQiOlsiYjI2OWEzMTM2ZDI2YWM2NDg4YmIiXSwiZXhwIjoxNzk1MTIwODY3LCJuYmYiOjE3ODczNDQ4NjcsImlhdCI6MTc4NzM0NDg2NywianRpIjoiYWRtaW4vMzdkYzBkYWYtMWQ1Yi00YTY3LWI2YzgtNDBlNmJlMTNiZTg5In0.T3MIxf9vkeF0bjpU3AJErSp3YEFSUqZLb1XsTiaMAEhulaXq_Gvfpy7Kp_ZTUgcDx4-TG0qGVL6WNnhQzrqpbtxqbHmd3QM7sB5BAJ2RMOmbfNn58SqEy-j-4Y07WkFOCdUPWGT38_enC03_1Ggvc0kpOZnCfuHK4QoW-2KRsaaPq0Im9o-DATQS-BE90iIh-FCyxXRiPSFMO0PkywwTpffyeEHbSL60LHr608FMkkZOWhmFXpqsjP0OPRrYd67CvVNEUWwKEsjJiJwp6M361dN4DptTT9F1eyy9azZCZqKilwFZ4olXMPya___ZihNT0n_eWhBVkmn_7pDSkZyHBoT_m7dPp8pOvigN8oRrbOEYu3IXieND216RbZskC3BzvPXxIfZsSloBmMnBXO23d2NUjSrag7lysWfpqDECmSb_3J7HUXqzamto-zMW03oSyY0evMtlFC7ZLEm3YqwL9_D84Dp4tXCepqYMFFy27jHpnOrBudJE1XyNs7s4bCIvGJoZxzkvJe80-gf-sMDQ5wteTrY02TXEkPXmJh6_9W43-vButrPOBADBNQqkBM6_t3zIaMbpjuSJjwhs3gjFX40h5VEjY3Rz3sxdDUhZIEe-D95v_vGVLg7lMeC5K4MjJeGt0qmBaybGuAemjQqLmxxnKaRUWiQyPMJB5DeyZ_A
[warning]	2026-08-21 22:41:27.632769[Thread 0x00007f0a7b9dcfc0]:462 @ OnExitByGui
[warning]	2026-08-21 22:41:27.852807[Thread 0x00007f0a7b9dcfc0]:~WebViewPanel Start
[warning]	2026-08-21 22:41:27.858690[Thread 0x00007f0a7b9dcfc0]:~WebViewPanel End
[warning]	2026-08-21 22:41:27.858993[Thread 0x00007f0a7b9dcfc0]:~WorkbenchPanel
[warning]	2026-08-21 22:41:27.860064[Thread 0x00007f0a7b9dcfc0]:WorkbenchPanel destroyed0x555a6064c7e0
[warning]	2026-08-21 22:41:28.019050[Thread 0x00007f0a7b9dcfc0]:347 @ OnExitByApp
[warning]	2026-08-21 22:41:28.019077[Thread 0x00007f0a7b9dcfc0]:312 @ ~AnycubicContext
