[warning]	2026-08-21 22:27:24.643013[Thread 0x00007fc04ca71fc0]:300 @ AnycubicContext
[warning]	2026-08-21 22:27:24.643198[Thread 0x00007fc04ca71fc0]:321 @ OnInitByApp
[warning]	2026-08-21 22:27:24.673053[Thread 0x00007fc04ca71fc0]:22:27:24: Error: Failed to add custom font "/opt/AnycubicSlicerNext/share/resources/fonts/HarmonyOS_Sans_SC_Bold.ttf".
[warning]	2026-08-21 22:27:24.673201[Thread 0x00007fc04ca71fc0]:22:27:24: Error: Failed to add custom font "/opt/AnycubicSlicerNext/share/resources/fonts/HarmonyOS_Sans_SC_Regular.ttf".
[warning]	2026-08-21 22:27:24.673267[Thread 0x00007fc04ca71fc0]:22:27:24: Error: Failed to add custom font "/opt/AnycubicSlicerNext/share/resources/fonts/NanumGothic-Regular.ttf".
[warning]	2026-08-21 22:27:24.673304[Thread 0x00007fc04ca71fc0]:22:27:24: Error: Failed to add custom font "/opt/AnycubicSlicerNext/share/resources/fonts/NanumGothic-Bold.ttf".
[warning]	2026-08-21 22:27:24.687370[Thread 0x00007fc04ca71fc0]:Can't find HarmonyOS Sans SC font
[warning]	2026-08-21 22:27:24.689223[Thread 0x00007fc04ca71fc0]:Use system font instead: Noto Sans
[warning]	2026-08-21 22:27:24.689294[Thread 0x00007fc04ca71fc0]:Can't find HarmonyOS Sans SC font
[warning]	2026-08-21 22:27:24.689308[Thread 0x00007fc04ca71fc0]:Use system font instead: Noto Sans
[warning]	2026-08-21 22:27:24.689336[Thread 0x00007fc04ca71fc0]:Can't find HarmonyOS Sans SC font
[warning]	2026-08-21 22:27:24.689345[Thread 0x00007fc04ca71fc0]:Use system font instead: Noto Sans
[warning]	2026-08-21 22:27:24.689369[Thread 0x00007fc04ca71fc0]:Can't find HarmonyOS Sans SC font
[warning]	2026-08-21 22:27:24.689377[Thread 0x00007fc04ca71fc0]:Use system font instead: Noto Sans
[warning]	2026-08-21 22:27:24.689400[Thread 0x00007fc04ca71fc0]:Can't find HarmonyOS Sans SC font
[warning]	2026-08-21 22:27:24.689408[Thread 0x00007fc04ca71fc0]:Use system font instead: Noto Sans
[warning]	2026-08-21 22:27:24.689431[Thread 0x00007fc04ca71fc0]:Can't find HarmonyOS Sans SC font
[warning]	2026-08-21 22:27:24.689439[Thread 0x00007fc04ca71fc0]:Use system font instead: Noto Sans
[warning]	2026-08-21 22:27:24.689464[Thread 0x00007fc04ca71fc0]:Can't find HarmonyOS Sans SC font
[warning]	2026-08-21 22:27:24.689477[Thread 0x00007fc04ca71fc0]:Use system font instead: Noto Sans
[warning]	2026-08-21 22:27:24.689515[Thread 0x00007fc04ca71fc0]:Can't find HarmonyOS Sans SC font
[warning]	2026-08-21 22:27:24.689532[Thread 0x00007fc04ca71fc0]:Use system font instead: Noto Sans
[warning]	2026-08-21 22:27:24.689560[Thread 0x00007fc04ca71fc0]:Can't find HarmonyOS Sans SC font
[warning]	2026-08-21 22:27:24.689569[Thread 0x00007fc04ca71fc0]:Use system font instead: Noto Sans
[warning]	2026-08-21 22:27:24.689591[Thread 0x00007fc04ca71fc0]:Can't find HarmonyOS Sans SC font
[warning]	2026-08-21 22:27:24.689598[Thread 0x00007fc04ca71fc0]:Use system font instead: Noto Sans
[warning]	2026-08-21 22:27:24.689623[Thread 0x00007fc04ca71fc0]:Can't find HarmonyOS Sans SC font
[warning]	2026-08-21 22:27:24.689631[Thread 0x00007fc04ca71fc0]:Use system font instead: Noto Sans
[warning]	2026-08-21 22:27:24.689653[Thread 0x00007fc04ca71fc0]:Can't find HarmonyOS Sans SC font
[warning]	2026-08-21 22:27:24.689661[Thread 0x00007fc04ca71fc0]:Use system font instead: Noto Sans
[warning]	2026-08-21 22:27:24.689683[Thread 0x00007fc04ca71fc0]:Can't find HarmonyOS Sans SC font
[warning]	2026-08-21 22:27:24.689691[Thread 0x00007fc04ca71fc0]:Use system font instead: Noto Sans
[warning]	2026-08-21 22:27:24.689713[Thread 0x00007fc04ca71fc0]:Can't find HarmonyOS Sans SC font
[warning]	2026-08-21 22:27:24.689720[Thread 0x00007fc04ca71fc0]:Use system font instead: Noto Sans
[warning]	2026-08-21 22:27:24.689742[Thread 0x00007fc04ca71fc0]:Can't find HarmonyOS Sans SC font
[warning]	2026-08-21 22:27:24.689749[Thread 0x00007fc04ca71fc0]:Use system font instead: Noto Sans
[warning]	2026-08-21 22:27:24.689774[Thread 0x00007fc04ca71fc0]:Can't find HarmonyOS Sans SC font
[warning]	2026-08-21 22:27:24.689796[Thread 0x00007fc04ca71fc0]:Use system font instead: Noto Sans
[warning]	2026-08-21 22:27:24.689820[Thread 0x00007fc04ca71fc0]:Can't find HarmonyOS Sans SC font
[warning]	2026-08-21 22:27:24.689828[Thread 0x00007fc04ca71fc0]:Use system font instead: Noto Sans
[warning]	2026-08-21 22:27:24.689849[Thread 0x00007fc04ca71fc0]:Can't find HarmonyOS Sans SC font
[warning]	2026-08-21 22:27:24.689857[Thread 0x00007fc04ca71fc0]:Use system font instead: Noto Sans
[warning]	2026-08-21 22:27:24.689879[Thread 0x00007fc04ca71fc0]:Can't find HarmonyOS Sans SC font
[warning]	2026-08-21 22:27:24.689886[Thread 0x00007fc04ca71fc0]:Use system font instead: Noto Sans
[warning]	2026-08-21 22:27:24.689911[Thread 0x00007fc04ca71fc0]:Can't find HarmonyOS Sans SC font
[warning]	2026-08-21 22:27:24.689919[Thread 0x00007fc04ca71fc0]:Use system font instead: Noto Sans
[warning]	2026-08-21 22:27:24.689940[Thread 0x00007fc04ca71fc0]:Can't find HarmonyOS Sans SC font
[warning]	2026-08-21 22:27:24.689948[Thread 0x00007fc04ca71fc0]:Use system font instead: Noto Sans
[warning]	2026-08-21 22:27:24.689969[Thread 0x00007fc04ca71fc0]:Can't find HarmonyOS Sans SC font
[warning]	2026-08-21 22:27:24.689977[Thread 0x00007fc04ca71fc0]:Use system font instead: Noto Sans
[warning]	2026-08-21 22:27:24.754704[Thread 0x00007fc04ca71fc0]:Can't find HarmonyOS Sans SC font
[warning]	2026-08-21 22:27:24.754744[Thread 0x00007fc04ca71fc0]:Use system font instead: Noto Sans
[warning]	2026-08-21 22:27:24.754796[Thread 0x00007fc04ca71fc0]:Can't find HarmonyOS Sans SC font
[warning]	2026-08-21 22:27:24.754808[Thread 0x00007fc04ca71fc0]:Use system font instead: Noto Sans
[warning]	2026-08-21 22:27:24.754838[Thread 0x00007fc04ca71fc0]:Can't find HarmonyOS Sans SC font
[warning]	2026-08-21 22:27:24.754847[Thread 0x00007fc04ca71fc0]:Use system font instead: Noto Sans
[warning]	2026-08-21 22:27:24.754872[Thread 0x00007fc04ca71fc0]:Can't find HarmonyOS Sans SC font
[warning]	2026-08-21 22:27:24.754880[Thread 0x00007fc04ca71fc0]:Use system font instead: Noto Sans
[warning]	2026-08-21 22:27:24.777141[Thread 0x00007fc04ca71fc0]:Can't find HarmonyOS Sans SC font
[warning]	2026-08-21 22:27:24.777196[Thread 0x00007fc04ca71fc0]:Use system font instead: Noto Sans
[warning]	2026-08-21 22:27:24.788015[Thread 0x00007fc04ca71fc0]:Can't find HarmonyOS Sans SC font
[warning]	2026-08-21 22:27:24.788065[Thread 0x00007fc04ca71fc0]:Use system font instead: Noto Sans
[warning]	2026-08-21 22:27:24.797638[Thread 0x00007fc04ca71fc0]:Can't find HarmonyOS Sans SC font
[warning]	2026-08-21 22:27:24.797671[Thread 0x00007fc04ca71fc0]:Use system font instead: Noto Sans
[warning]	2026-08-21 22:27:24.844464[Thread 0x00007fc04ca71fc0]:Can't find HarmonyOS Sans SC font
[warning]	2026-08-21 22:27:24.844510[Thread 0x00007fc04ca71fc0]:Use system font instead: Noto Sans
[warning]	2026-08-21 22:27:26.515308[Thread 0x00007fc04ca71fc0]:10:27:26 PM: Using fixed edge version
[warning]	2026-08-21 22:27:26.723504[Thread 0x00007fc04ca71fc0]:10:27:26 PM: Using fixed edge version
[warning]	2026-08-21 22:27:26.745515[Thread 0x00007fc04ca71fc0]:10:27:26 PM: Using fixed edge version
[warning]	2026-08-21 22:27:26.781501[Thread 0x00007fc04ca71fc0]:10:27:26 PM: Using fixed edge version
[warning]	2026-08-21 22:27:26.937681[Thread 0x00007fc04ca71fc0]:Can't find HarmonyOS Sans SC font
[warning]	2026-08-21 22:27:26.937723[Thread 0x00007fc04ca71fc0]:Use system font instead: Noto Sans
[warning]	2026-08-21 22:27:27.509049[Thread 0x00007fc04ca71fc0]:WorkbenchPanel
[warning]	2026-08-21 22:27:27.633636[Thread 0x00007fc04ca71fc0]:10:27:27 PM: Using fixed edge version
[error]	2026-08-21 22:27:27.733439[Thread 0x00007fafbb7f46c0]:Unable to open the file/home/stefan/Projekte/3d_models/toilettpaper_stand/2/ZEN_KINTSUGI_WAVE_FIFO_5R_HYBRID_v2.0.0(2)/ZEN_KINTSUGI_WAVE_FIFO_5R_HYBRID_v2.0.0/ZEN_KINTSUGI_WAVE_5R_HYBRID_assembly.3mf
[error]	2026-08-21 22:27:27.733495[Thread 0x00007fc0007f66c0]:Unable to open the file/home/stefan/Downloads/shark_clip_anycubic (1).3mf
[error]	2026-08-21 22:27:27.734735[Thread 0x00007fafb8ffe6c0]:File Metadata/plate_1.png not found from archive
[error]	2026-08-21 22:27:27.734925[Thread 0x00007fc0007f66c0]:File Metadata/plate_1.png not found from archive
[error]	2026-08-21 22:27:27.735330[Thread 0x00007fafbbff56c0]:File Metadata/plate_1.png not found from archive
[error]	2026-08-21 22:27:27.738076[Thread 0x00007fafb8bfd6c0]:File Metadata/plate_1.png not found from archive
[warning]	2026-08-21 22:27:27.828288[Thread 0x00007fc04ca71fc0]:10:27:27 PM: Error: Directory '/opt/AnycubicSlicerNext/share/resources/report' couldn't be created (error 13: Permission denied)
[error]	2026-08-21 22:27:27.828334[Thread 0x00007fc04ca71fc0]:Create fullpath Err : 
[warning]	2026-08-21 22:27:27.843178[Thread 0x00007fc04ca71fc0]:393 @ OnInitByGui
[warning]	2026-08-21 22:27:29.140188[Thread 0x00007fc04ca71fc0]:UrlFullPage:  file:////opt/AnycubicSlicerNext/share/resources/web/homepage/homebody.html?lang=en_US&prod=1&regionCn=0&isDark=1&account=1&pcid=7DE35F9ECFAD0D749C3926E0964F5A0A
[warning]	2026-08-21 22:27:29.147302[Thread 0x00007fc04ca71fc0]:UrlFullPage:  file:////opt/AnycubicSlicerNext/share/resources/web/homepage/leftmenu.html?lang=en_US&prod=1&regionCn=0&isDark=1&account=1&pcid=7DE35F9ECFAD0D749C3926E0964F5A0A
[warning]	2026-08-21 22:27:29.153854[Thread 0x00007fc04ca71fc0]:UrlFullPage:  https://www.makeronline.com/en/slicerNext/allModel?lang=en_US&prod=1&regionCn=0&isDark=1&account=1&pcid=7DE35F9ECFAD0D749C3926E0964F5A0A
[warning]	2026-08-21 22:27:29.190253[Thread 0x00007fc04ca71fc0]:UrlFullPage:  https://www.makeronline.com/en/slicerNext/collAndlike?lang=en_US&prod=1&regionCn=0&isDark=1&account=1&pcid=7DE35F9ECFAD0D749C3926E0964F5A0A
[warning]	2026-08-21 22:27:29.190968[Thread 0x00007fc04ca71fc0]:440 @ OnFinishedByGui
[warning]	2026-08-21 22:27:29.192196[Thread 0x00007fc04ca71fc0]:AnycubicContext::login, accessToken = eyJhbGciOiJSUzI1NiIsImtpZCI6ImFjX2FwcF9jcnQiLCJ0eXAiOiJKV1QifQ.eyJpZCI6IjYyNWU1ZGZhLTIyOTQtNDNiYy1iYzUyLTdmZjk1YjlmOGY5NSIsImVtYWlsIjoic3RlZmFuQHN0ZWZhbmp1bmsuY29tIiwicGhvbmUiOiIiLCJlbWFpbF92ZXJpZmllZCI6dHJ1ZSwidG9rZW5UeXBlIjoiYWNjZXNzLXRva2VuIiwic2NvcGUiOiJyZWFkIiwiaXNzIjoiaHR0cHM6Ly91Yy5tYWtlcm9ubGluZS5jb20iLCJzdWIiOiI2MjVlNWRmYS0yMjk0LTQzYmMtYmM1Mi03ZmY5NWI5ZjhmOTUiLCJhdWQiOlsiYjI2OWEzMTM2ZDI2YWM2NDg4YmIiXSwiZXhwIjoxNzk1MTE5ODAzLCJuYmYiOjE3ODczNDM4MDMsImlhdCI6MTc4NzM0MzgwMywianRpIjoiYWRtaW4vZTkwMDFmMWQtZWFjOC00MWFkLWI4YjUtYTQ1MDE0NTFmNGE2In0.eKJ6u2g_EooBW8X3ZoROcrsP0vlWjHs1pEH2Og_FxPQnidDIT6xVNwuQcrBJOEsGhjRr4mhbTti9-UOKXstjcspRQ4qFZt4QLLfOgPRlEAB62GMbMs8HGsYHFmJG6O3A5HzhmYHJIbOWNHGt_QaNuS_c6f214D4p_nwN3JMlsKHUIY-gxwz26lGCDfkaHYyNa3GAiQc-BUH6UxaXYSoCVVhGnxU6UR_dfWZGz9_3F2taaYUpYlN-jdRd3KxdrKgkHoPuZQ4q5CX5MyQnyM1aeqcR5pQO-3i3p72mVkbi7mCrR7YrtUyJTL93_utysfPtkhSxzKKunEb04PHy4uBDIwryiIE26k1m8ayJUMwR1NvQ6JjBKgQFTPCMtyZJfYJYCpPwVmD8pbWsuYlE3ZjAOcF8kxlhgLLoCfnsr0ej96welzDkomhvsAPxAu-vOOpZZJ7eW2olnTIxQshBdInON1hqukwKm7TZafNISPoKZESng7CnBWioKEUjnUYuNLxREAFVQtts4E8ToLzLvsXvp1oi-k4ygdIy5nMrm1Fw72sNB4P9-l5ClYD-_pCYvyuVQuOPAdIny3F21ua7_MQ_5I7fzgwSz34F1V3jhq2dgL8__u1enP1FOjKH03fSdbcoxntOocV-iU3AYNq6YUBiOn-TPuJZKoiEk1z2f5yJ5dU
[warning]	2026-08-21 22:27:30.811173[Thread 0x00007fc04ca71fc0]:UrlFullPage:  https://www.makeronline.com/en/slicerNext/collAndlike?lang=en_US&prod=1&regionCn=0&isDark=1&account=1&pcid=7DE35F9ECFAD0D749C3926E0964F5A0A
[warning]	2026-08-21 22:27:30.822560[Thread 0x00007fc04ca71fc0]:UrlFullPage:  https://www.makeronline.com/en/slicerNext/allModel?lang=en_US&prod=1&regionCn=0&isDark=1&account=1&pcid=7DE35F9ECFAD0D749C3926E0964F5A0A
[warning]	2026-08-21 22:27:30.822763[Thread 0x00007fc04ca71fc0]:+++++++++++++++++operator()
UrlCollLike3:https://www.makeronline.com/en/slicerNext/collAndlike?lang=en_US&prod=1&regionCn=0&isDark=1&account=1&pcid=7DE35F9ECFAD0D749C3926E0964F5A0A
UrlAllModel4:https://www.makeronline.com/en/slicerNext/allModel?lang=en_US&prod=1&regionCn=0&isDark=1&account=1&pcid=7DE35F9ECFAD0D749C3926E0964F5A0A
[warning]	2026-08-21 22:27:30.832505[Thread 0x00007fc04ca71fc0]:HomePage OnError, Url = https://www.makeronline.com/en/slicerNext/collAndlike?lang=en_US&prod=1&regionCn=0&isDark=1&account=1&pcid=7DE35F9ECFAD0D749C3926E0964F5A0A , Message: Load request cancelled
[warning]	2026-08-21 22:27:30.832543[Thread 0x00007fc04ca71fc0]:OnError: [wxWEBVIEW_NAV_ERR_OTHER] Load request cancelled
[warning]	2026-08-21 22:27:30.845188[Thread 0x00007fc04ca71fc0]:UrlFullPage:  https://www.makeronline.com/en/slicerNext/collAndlike?lang=en_US&prod=1&regionCn=0&isDark=1&account=1&pcid=7DE35F9ECFAD0D749C3926E0964F5A0A
[warning]	2026-08-21 22:27:30.846193[Thread 0x00007fc04ca71fc0]:HomePage OnError, Url = https://www.makeronline.com/en/slicerNext/allModel?lang=en_US&prod=1&regionCn=0&isDark=1&account=1&pcid=7DE35F9ECFAD0D749C3926E0964F5A0A , Message: Load request cancelled
[warning]	2026-08-21 22:27:30.846231[Thread 0x00007fc04ca71fc0]:OnError: [wxWEBVIEW_NAV_ERR_OTHER] Load request cancelled
[warning]	2026-08-21 22:27:30.857877[Thread 0x00007fc04ca71fc0]:UrlFullPage:  https://www.makeronline.com/en/slicerNext/allModel?lang=en_US&prod=1&regionCn=0&isDark=1&account=1&pcid=7DE35F9ECFAD0D749C3926E0964F5A0A
