[warning]	2026-08-21 22:31:30.803720[Thread 0x00007fbe23a79fc0]:300 @ AnycubicContext
[warning]	2026-08-21 22:31:30.803920[Thread 0x00007fbe23a79fc0]:321 @ OnInitByApp
[warning]	2026-08-21 22:31:30.878142[Thread 0x00007fbe23a79fc0]:22:31:30: Error: Failed to add custom font "/opt/AnycubicSlicerNext/share/resources/fonts/HarmonyOS_Sans_SC_Bold.ttf".
[warning]	2026-08-21 22:31:30.878277[Thread 0x00007fbe23a79fc0]:22:31:30: Error: Failed to add custom font "/opt/AnycubicSlicerNext/share/resources/fonts/HarmonyOS_Sans_SC_Regular.ttf".
[warning]	2026-08-21 22:31:30.878336[Thread 0x00007fbe23a79fc0]:22:31:30: Error: Failed to add custom font "/opt/AnycubicSlicerNext/share/resources/fonts/NanumGothic-Regular.ttf".
[warning]	2026-08-21 22:31:30.878389[Thread 0x00007fbe23a79fc0]:22:31:30: Error: Failed to add custom font "/opt/AnycubicSlicerNext/share/resources/fonts/NanumGothic-Bold.ttf".
[warning]	2026-08-21 22:31:30.905435[Thread 0x00007fbe23a79fc0]:Can't find HarmonyOS Sans SC font
[warning]	2026-08-21 22:31:30.907569[Thread 0x00007fbe23a79fc0]:Use system font instead: Noto Sans
[warning]	2026-08-21 22:31:30.907653[Thread 0x00007fbe23a79fc0]:Can't find HarmonyOS Sans SC font
[warning]	2026-08-21 22:31:30.907670[Thread 0x00007fbe23a79fc0]:Use system font instead: Noto Sans
[warning]	2026-08-21 22:31:30.907700[Thread 0x00007fbe23a79fc0]:Can't find HarmonyOS Sans SC font
[warning]	2026-08-21 22:31:30.907709[Thread 0x00007fbe23a79fc0]:Use system font instead: Noto Sans
[warning]	2026-08-21 22:31:30.907736[Thread 0x00007fbe23a79fc0]:Can't find HarmonyOS Sans SC font
[warning]	2026-08-21 22:31:30.907746[Thread 0x00007fbe23a79fc0]:Use system font instead: Noto Sans
[warning]	2026-08-21 22:31:30.907769[Thread 0x00007fbe23a79fc0]:Can't find HarmonyOS Sans SC font
[warning]	2026-08-21 22:31:30.907777[Thread 0x00007fbe23a79fc0]:Use system font instead: Noto Sans
[warning]	2026-08-21 22:31:30.907803[Thread 0x00007fbe23a79fc0]:Can't find HarmonyOS Sans SC font
[warning]	2026-08-21 22:31:30.907812[Thread 0x00007fbe23a79fc0]:Use system font instead: Noto Sans
[warning]	2026-08-21 22:31:30.907835[Thread 0x00007fbe23a79fc0]:Can't find HarmonyOS Sans SC font
[warning]	2026-08-21 22:31:30.907844[Thread 0x00007fbe23a79fc0]:Use system font instead: Noto Sans
[warning]	2026-08-21 22:31:30.907866[Thread 0x00007fbe23a79fc0]:Can't find HarmonyOS Sans SC font
[warning]	2026-08-21 22:31:30.907874[Thread 0x00007fbe23a79fc0]:Use system font instead: Noto Sans
[warning]	2026-08-21 22:31:30.907897[Thread 0x00007fbe23a79fc0]:Can't find HarmonyOS Sans SC font
[warning]	2026-08-21 22:31:30.907905[Thread 0x00007fbe23a79fc0]:Use system font instead: Noto Sans
[warning]	2026-08-21 22:31:30.907927[Thread 0x00007fbe23a79fc0]:Can't find HarmonyOS Sans SC font
[warning]	2026-08-21 22:31:30.907935[Thread 0x00007fbe23a79fc0]:Use system font instead: Noto Sans
[warning]	2026-08-21 22:31:30.907961[Thread 0x00007fbe23a79fc0]:Can't find HarmonyOS Sans SC font
[warning]	2026-08-21 22:31:30.907969[Thread 0x00007fbe23a79fc0]:Use system font instead: Noto Sans
[warning]	2026-08-21 22:31:30.907992[Thread 0x00007fbe23a79fc0]:Can't find HarmonyOS Sans SC font
[warning]	2026-08-21 22:31:30.908000[Thread 0x00007fbe23a79fc0]:Use system font instead: Noto Sans
[warning]	2026-08-21 22:31:30.908022[Thread 0x00007fbe23a79fc0]:Can't find HarmonyOS Sans SC font
[warning]	2026-08-21 22:31:30.908030[Thread 0x00007fbe23a79fc0]:Use system font instead: Noto Sans
[warning]	2026-08-21 22:31:30.908053[Thread 0x00007fbe23a79fc0]:Can't find HarmonyOS Sans SC font
[warning]	2026-08-21 22:31:30.908060[Thread 0x00007fbe23a79fc0]:Use system font instead: Noto Sans
[warning]	2026-08-21 22:31:30.908083[Thread 0x00007fbe23a79fc0]:Can't find HarmonyOS Sans SC font
[warning]	2026-08-21 22:31:30.908090[Thread 0x00007fbe23a79fc0]:Use system font instead: Noto Sans
[warning]	2026-08-21 22:31:30.908132[Thread 0x00007fbe23a79fc0]:Can't find HarmonyOS Sans SC font
[warning]	2026-08-21 22:31:30.908142[Thread 0x00007fbe23a79fc0]:Use system font instead: Noto Sans
[warning]	2026-08-21 22:31:30.908164[Thread 0x00007fbe23a79fc0]:Can't find HarmonyOS Sans SC font
[warning]	2026-08-21 22:31:30.908172[Thread 0x00007fbe23a79fc0]:Use system font instead: Noto Sans
[warning]	2026-08-21 22:31:30.908194[Thread 0x00007fbe23a79fc0]:Can't find HarmonyOS Sans SC font
[warning]	2026-08-21 22:31:30.908201[Thread 0x00007fbe23a79fc0]:Use system font instead: Noto Sans
[warning]	2026-08-21 22:31:30.908224[Thread 0x00007fbe23a79fc0]:Can't find HarmonyOS Sans SC font
[warning]	2026-08-21 22:31:30.908234[Thread 0x00007fbe23a79fc0]:Use system font instead: Noto Sans
[warning]	2026-08-21 22:31:30.908261[Thread 0x00007fbe23a79fc0]:Can't find HarmonyOS Sans SC font
[warning]	2026-08-21 22:31:30.908269[Thread 0x00007fbe23a79fc0]:Use system font instead: Noto Sans
[warning]	2026-08-21 22:31:30.908292[Thread 0x00007fbe23a79fc0]:Can't find HarmonyOS Sans SC font
[warning]	2026-08-21 22:31:30.908300[Thread 0x00007fbe23a79fc0]:Use system font instead: Noto Sans
[warning]	2026-08-21 22:31:30.908323[Thread 0x00007fbe23a79fc0]:Can't find HarmonyOS Sans SC font
[warning]	2026-08-21 22:31:30.908332[Thread 0x00007fbe23a79fc0]:Use system font instead: Noto Sans
[warning]	2026-08-21 22:31:31.030749[Thread 0x00007fbe23a79fc0]:Can't find HarmonyOS Sans SC font
[warning]	2026-08-21 22:31:31.030792[Thread 0x00007fbe23a79fc0]:Use system font instead: Noto Sans
[warning]	2026-08-21 22:31:31.030834[Thread 0x00007fbe23a79fc0]:Can't find HarmonyOS Sans SC font
[warning]	2026-08-21 22:31:31.030848[Thread 0x00007fbe23a79fc0]:Use system font instead: Noto Sans
[warning]	2026-08-21 22:31:31.030879[Thread 0x00007fbe23a79fc0]:Can't find HarmonyOS Sans SC font
[warning]	2026-08-21 22:31:31.030891[Thread 0x00007fbe23a79fc0]:Use system font instead: Noto Sans
[warning]	2026-08-21 22:31:31.030921[Thread 0x00007fbe23a79fc0]:Can't find HarmonyOS Sans SC font
[warning]	2026-08-21 22:31:31.030933[Thread 0x00007fbe23a79fc0]:Use system font instead: Noto Sans
[warning]	2026-08-21 22:31:31.070602[Thread 0x00007fbe23a79fc0]:Can't find HarmonyOS Sans SC font
[warning]	2026-08-21 22:31:31.070647[Thread 0x00007fbe23a79fc0]:Use system font instead: Noto Sans
[warning]	2026-08-21 22:31:31.089455[Thread 0x00007fbe23a79fc0]:Can't find HarmonyOS Sans SC font
[warning]	2026-08-21 22:31:31.089498[Thread 0x00007fbe23a79fc0]:Use system font instead: Noto Sans
[warning]	2026-08-21 22:31:31.106349[Thread 0x00007fbe23a79fc0]:Can't find HarmonyOS Sans SC font
[warning]	2026-08-21 22:31:31.106389[Thread 0x00007fbe23a79fc0]:Use system font instead: Noto Sans
[warning]	2026-08-21 22:31:31.214904[Thread 0x00007fbe23a79fc0]:Can't find HarmonyOS Sans SC font
[warning]	2026-08-21 22:31:31.214995[Thread 0x00007fbe23a79fc0]:Use system font instead: Noto Sans
[warning]	2026-08-21 22:31:34.530579[Thread 0x00007fbe23a79fc0]:10:31:34 PM: Using fixed edge version
[warning]	2026-08-21 22:31:34.783449[Thread 0x00007fbe23a79fc0]:10:31:34 PM: Using fixed edge version
[warning]	2026-08-21 22:31:34.799025[Thread 0x00007fbe23a79fc0]:10:31:34 PM: Using fixed edge version
[warning]	2026-08-21 22:31:34.822695[Thread 0x00007fbe23a79fc0]:10:31:34 PM: Using fixed edge version
[warning]	2026-08-21 22:31:34.982337[Thread 0x00007fbe23a79fc0]:Can't find HarmonyOS Sans SC font
[warning]	2026-08-21 22:31:34.982378[Thread 0x00007fbe23a79fc0]:Use system font instead: Noto Sans
[warning]	2026-08-21 22:31:35.617363[Thread 0x00007fbe23a79fc0]:WorkbenchPanel
[warning]	2026-08-21 22:31:35.779689[Thread 0x00007fbe23a79fc0]:10:31:35 PM: Using fixed edge version
[error]	2026-08-21 22:31:35.883033[Thread 0x00007fbd905fb6c0]:Unable to open the file/home/stefan/Projekte/3d_models/toilettpaper_stand/2/ZEN_KINTSUGI_WAVE_FIFO_5R_HYBRID_v2.0.0(2)/ZEN_KINTSUGI_WAVE_FIFO_5R_HYBRID_v2.0.0/ZEN_KINTSUGI_WAVE_5R_HYBRID_assembly.3mf
[error]	2026-08-21 22:31:35.883392[Thread 0x00007fbd90dfd6c0]:File Metadata/plate_1.png not found from archive
[error]	2026-08-21 22:31:35.883439[Thread 0x00007fbd90dfd6c0]:Unable to open the file/home/stefan/Downloads/shark_clip_anycubic (1).3mf
[error]	2026-08-21 22:31:35.883540[Thread 0x00007fbd934fe6c0]:File Metadata/plate_1.png not found from archive
[error]	2026-08-21 22:31:35.883554[Thread 0x00007fbd911fe6c0]:File Metadata/plate_1.png not found from archive
[error]	2026-08-21 22:31:35.884147[Thread 0x00007fbd90dfd6c0]:File Metadata/plate_1.png not found from archive
[warning]	2026-08-21 22:31:35.997689[Thread 0x00007fbe23a79fc0]:10:31:35 PM: Error: Directory '/opt/AnycubicSlicerNext/share/resources/report' couldn't be created (error 13: Permission denied)
[error]	2026-08-21 22:31:35.997753[Thread 0x00007fbe23a79fc0]:Create fullpath Err : 
[warning]	2026-08-21 22:31:36.025800[Thread 0x00007fbe23a79fc0]:393 @ OnInitByGui
[warning]	2026-08-21 22:31:37.298627[Thread 0x00007fbe23a79fc0]:UrlFullPage:  file:////opt/AnycubicSlicerNext/share/resources/web/homepage/homebody.html?lang=en_US&prod=1&regionCn=0&isDark=1&account=1&pcid=7DE35F9ECFAD0D749C3926E0964F5A0A
[warning]	2026-08-21 22:31:37.307468[Thread 0x00007fbe23a79fc0]:UrlFullPage:  file:////opt/AnycubicSlicerNext/share/resources/web/homepage/leftmenu.html?lang=en_US&prod=1&regionCn=0&isDark=1&account=1&pcid=7DE35F9ECFAD0D749C3926E0964F5A0A
[warning]	2026-08-21 22:31:37.326276[Thread 0x00007fbe23a79fc0]:UrlFullPage:  https://www.makeronline.com/en/slicerNext/allModel?lang=en_US&prod=1&regionCn=0&isDark=1&account=1&pcid=7DE35F9ECFAD0D749C3926E0964F5A0A
[warning]	2026-08-21 22:31:37.372483[Thread 0x00007fbe23a79fc0]:UrlFullPage:  https://www.makeronline.com/en/slicerNext/collAndlike?lang=en_US&prod=1&regionCn=0&isDark=1&account=1&pcid=7DE35F9ECFAD0D749C3926E0964F5A0A
[warning]	2026-08-21 22:31:37.392965[Thread 0x00007fbe23a79fc0]:440 @ OnFinishedByGui
[warning]	2026-08-21 22:31:37.393097[Thread 0x00007fbe23a79fc0]:AnycubicContext::login, accessToken = eyJhbGciOiJSUzI1NiIsImtpZCI6ImFjX2FwcF9jcnQiLCJ0eXAiOiJKV1QifQ.eyJpZCI6IjYyNWU1ZGZhLTIyOTQtNDNiYy1iYzUyLTdmZjk1YjlmOGY5NSIsImVtYWlsIjoic3RlZmFuQHN0ZWZhbmp1bmsuY29tIiwicGhvbmUiOiIiLCJlbWFpbF92ZXJpZmllZCI6dHJ1ZSwidG9rZW5UeXBlIjoiYWNjZXNzLXRva2VuIiwic2NvcGUiOiJyZWFkIiwiaXNzIjoiaHR0cHM6Ly91Yy5tYWtlcm9ubGluZS5jb20iLCJzdWIiOiI2MjVlNWRmYS0yMjk0LTQzYmMtYmM1Mi03ZmY5NWI5ZjhmOTUiLCJhdWQiOlsiYjI2OWEzMTM2ZDI2YWM2NDg4YmIiXSwiZXhwIjoxNzk1MTIwMTIxLCJuYmYiOjE3ODczNDQxMjEsImlhdCI6MTc4NzM0NDEyMSwianRpIjoiYWRtaW4vMjEyNjhkMGMtYmNlNy00N2IzLWJjMTMtYjlmZGM5NGFkYWQ3In0.haoeufDyB2_8cGkNXk6v7kQdOYyxoyh76AIIe9VsPa4HyiNaj4TmTR_LpN6WQbXoXSyYebcOotOYIgEEMFePJvhnyMssM6RYPPyCfalU6IfUN0Du50M7FaK7wntbG2EZ9AdphCZ9x0gFAx5V6xozTXg9RDJlYUCFveJ3xB1s6qwYB6WZwqG_RqfQALqEFdUua6T5U0EIzt07cltsmvzyPGdj81Xhc3Cx3Jb7WUZlL_DcM4NIxwTvXzbrUp81mq0xkD5x-B4wFwUV42L8J8j2fDU7OWGjZP4SsK9ypIpej_Jz2hUB2hwXxoiHE5QR0UPo5vPGAlfyfdFI-dO2T1PWuD_MTwmmuBpAu9lA0QlXk7qjvjf3bGITKPA8u_jqDcpMCmUWekolhz6TFe2yjWCHJ-C3NZabdrYh9dZr5rznb9l8xOU8eyw68hKAEdBqlhEx5qNc12cxz11ocNEf69sElw5uVRVbr7fyVrrsZmHPdwIT00gxksPdc9gCbF_ALPIBhzEpdZtvUAf0_KsnQxwgVqTlJ32Iq-Sm41e-MtjezM0JnJDKLyy7wscy_b4pJ4tuXXFQLv1xL9zpbzyrhussihGSX-LOwwrKO_3OiwaU8c8YSP3OMxf0DHywt3GTKLjZzMAEVz9UU66ZgEtCfnDENPcnpSKtG-PZ5dro7qkOaQU
[warning]	2026-08-21 22:31:37.986396[Thread 0x00007fbe23a79fc0]:UrlFullPage:  https://www.makeronline.com/en/slicerNext/collAndlike?lang=en_US&prod=1&regionCn=0&isDark=1&account=1&pcid=7DE35F9ECFAD0D749C3926E0964F5A0A
[warning]	2026-08-21 22:31:38.001334[Thread 0x00007fbe23a79fc0]:UrlFullPage:  https://www.makeronline.com/en/slicerNext/allModel?lang=en_US&prod=1&regionCn=0&isDark=1&account=1&pcid=7DE35F9ECFAD0D749C3926E0964F5A0A
[warning]	2026-08-21 22:31:38.001684[Thread 0x00007fbe23a79fc0]:+++++++++++++++++operator()
UrlCollLike3:https://www.makeronline.com/en/slicerNext/collAndlike?lang=en_US&prod=1&regionCn=0&isDark=1&account=1&pcid=7DE35F9ECFAD0D749C3926E0964F5A0A
UrlAllModel4:https://www.makeronline.com/en/slicerNext/allModel?lang=en_US&prod=1&regionCn=0&isDark=1&account=1&pcid=7DE35F9ECFAD0D749C3926E0964F5A0A
[warning]	2026-08-21 22:31:40.611228[Thread 0x00007fbe23a79fc0]:get_version, get_version not supported,return 00.00.00.00!
[warning]	2026-08-21 22:31:45.306009[Thread 0x00007fbe23a79fc0]:AnycubicContext::CasdoorLogin Accpet to open the login
[warning]	2026-08-21 22:31:45.316466[Thread 0x00007fbe23a79fc0]:10:31:45 PM: Using fixed edge version
[warning]	2026-08-21 22:31:45.333864[Thread 0x00007fbe23a79fc0]:10:31:45 PM: webkit2 2.52.5
[warning]	2026-08-21 22:31:45.333935[Thread 0x00007fbe23a79fc0]:10:31:45 PM: Backend: wxWebViewWebKit Version: webkit2 2.52.5
[warning]	2026-08-21 22:31:46.013492[Thread 0x00007fbe23a79fc0]:10:31:46 PM: User Agent: true
[warning]	2026-08-21 22:32:01.726953[Thread 0x00007fbe23a79fc0]:OnNavigationRequest: code = e935f09b32419d05bb09
[warning]	2026-08-21 22:32:01.726989[Thread 0x00007fbe23a79fc0]:AnycubicContext::getAccessToken, code = e935f09b32419d05bb09
[warning]	2026-08-21 22:32:02.283533[Thread 0x00007fbe11e026c0]:AnycubicContext::login, accessToken = eyJhbGciOiJSUzI1NiIsImtpZCI6ImFjX2FwcF9jcnQiLCJ0eXAiOiJKV1QifQ.eyJpZCI6IjYyNWU1ZGZhLTIyOTQtNDNiYy1iYzUyLTdmZjk1YjlmOGY5NSIsImVtYWlsIjoic3RlZmFuQHN0ZWZhbmp1bmsuY29tIiwicGhvbmUiOiIiLCJlbWFpbF92ZXJpZmllZCI6dHJ1ZSwidG9rZW5UeXBlIjoiYWNjZXNzLXRva2VuIiwic2NvcGUiOiJyZWFkIiwiaXNzIjoiaHR0cHM6Ly91Yy5tYWtlcm9ubGluZS5jb20iLCJzdWIiOiI2MjVlNWRmYS0yMjk0LTQzYmMtYmM1Mi03ZmY5NWI5ZjhmOTUiLCJhdWQiOlsiYjI2OWEzMTM2ZDI2YWM2NDg4YmIiXSwiZXhwIjoxNzk1MTIwMzIxLCJuYmYiOjE3ODczNDQzMjEsImlhdCI6MTc4NzM0NDMyMSwianRpIjoiYWRtaW4vODY2MDVkYmQtYzBiNy00MjAxLTlhZGEtNzljZDNjOGUwYjg0In0.ARdwwUQkCOd1iKlpyOBJzQ6lNBtNxBwxIJyJ2Wdz7IO7hY_ODrIvItrqjN6aJVLIey04TiZ8MCxhtbcH0mrHhKfdY9fI87of3mDkoNsQuKJttloSXexNi0uAxckXZ8t-aLVrytmpCWYGHmYP2u76RHG23yWTiEgngspfHEChvepY2NAJ-Vg_BZlih1q7S27Aj74_qGjb7WPXPvyDYaJPnJ0exLAFnX5CdPIYi6i4ZWE2nZaHRb4Ryi7-OQ9wdKl2TkzHVYeteSKioOvPIXkdIUct-X6TtnoFEcNEFIqCbBC4kM6GCiYDtbyZJCdAQ-Gynte3IHzFbUqcU6l3qm8I9duM0fdZ9rxHQ1KA9LeOzZjzjUcyVrIqIwZF3DWLuy3CZMuaH4XPsws7BLxpbEBN0AbvUKFOIS35GlVN6cSpcOITeZGn-1WeoBT6ggSzLqzAo8dYF0OCtIav2lRdl9BDKyd_LnpfIg6vsg1-o83Xx-7SECr89SXES9QN_yV1lIoPslQMseKhaNfgcWfQwMXB3BPRlZZM8pc9txd4T5qrSjNHLOAcmTfqkV1DTLqTdOSmCCzlrW-QIOj8WP8D4SRy1kajeqiPltYQCI260-wanPo-SBYO3DRbves65ICMGmJkabYIMD7xq-E7qkT1Met6bMCJvpm-Dea3CnLb_rPDJqU
[warning]	2026-08-21 22:32:40.070289[Thread 0x00007fbe23a79fc0]:462 @ OnExitByGui
[warning]	2026-08-21 22:32:40.177677[Thread 0x00007fbe23a79fc0]:~WebViewPanel Start
[warning]	2026-08-21 22:32:40.183366[Thread 0x00007fbe23a79fc0]:~WebViewPanel End
[warning]	2026-08-21 22:32:40.183705[Thread 0x00007fbe23a79fc0]:~WorkbenchPanel
[warning]	2026-08-21 22:32:40.184992[Thread 0x00007fbe23a79fc0]:WorkbenchPanel destroyed0x561cfe70f950
[warning]	2026-08-21 22:32:40.356411[Thread 0x00007fbe23a79fc0]:347 @ OnExitByApp
[warning]	2026-08-21 22:32:40.356433[Thread 0x00007fbe23a79fc0]:312 @ ~AnycubicContext
